XXXX_XXX_XXX_XX__XXXXXX_X_XXXXX_____XXXXXXXXXXXX__X___X__XX_
_X__X_XXX____X_XX___X_XX_XXXX_XXX_XX_X_X__X_XXXXX__X_X__XXX_
_XX_XXXX_XX_XX_XXX__XXXXXXXXXX_XX_XXXX_X_XX__XXX__XXX_XXX__X
XXX_XX_____X_XX__X_X_XXXX___X__XX_X_XXXXX_X_XXXX_XXX_X_XXXX_
_X_XX_X__XXXXXX_X_X__X_XXXXXXX__XXXXX_XX_X_X______XX___XX___
XX_X_XXX_X_XX_X_XXX_XXX_X_XXX__X_X_X_XX__X_XX__XXXXXXXXXXXX_
X_____XXXXX_XXXX_X____XXXXXX__XXX_XX____XXXX_XXX_XXX_XXXX___
_XX_X_XXXXXX___XXX_XXX_XX__XX_X_XXXX__X_X_X_XXXXXXX___XXXX__
XXXX_X_XX_XXXXX_XX_X_XXXXX__XXXXXXX_X_XXXX_X_XXX_X_X_XXXXXX_
__XXXX__X_XXXX_XX___XXX_X__XX_XXXXX_XXXX_XXX_XX__XX___X__XXX
XX___XXXX__XX_XXX__XXXXXXXX_XXXXX_XX_X_X_XXXX_XXX___XX___XXX
X_XXX__XX_XXX_XXX_XXXXX___XXXXXX_XXXXXX___XXX_XXXXX____X_X__
X_XXX__XXXXX_X__XXX___XXX___XX_XX_XX___X__XX__X___XXX__XXX_X
XX_XXXX__XX_XXXXX___XX_X_XX___XX_X_X___XXXXX_X__XX_X__XXXXXX
_XXXXXX_XXXXXXXXX_XX__XXXXX_X_XX_X_XXXXX_XXXXXX_XXXXXXXXX___
_XX__XXXXXX__XXXXX_X_XX_XXXXXX_XXXXX_XXXXXXXX_XX_XXXX_XXXX_X
_X__XXXX__XXX_XX__X_XX_XXX_XX___XXXXXXXXX_____X___X_XX_XX_XX
X_XXXX_XX_XX___XX_XX__XXXX__XX___X_X_XX__XXXXXX_XXXX_XXX_XX_
XX__XXXXXXX_XXXXXX__XXXXXXX_X_X_XXXXXXXX_XXX_X_XX_XXXX____X_
_XXXXX_X_XXXXX_XXX__XX_XXX__XXXXXX____XX_X_XX_X___XX__XX_X_X
17 55 5 5
