XXXX_XXX_XXX_XX__XXXXXX_X_XXXXX_____XXXXXXXXXXXX__X___X__XX_
_X__X_XXX____X_XX___X_XX_XXXX_XXX_XX_X_X__X_XXXXX__X_X__XXX_
_XX_XXXX_XX_XX_XXX__XXXXXXXXXX_XX_XXXX_X_XX__XXX__XXX_XXX__X
XXX_XX_____X_XX__X_X_XXXX___X__XX_X_XXXXX_X_XXXX_XXX_X_XXXX_
_X_XX_X__XXXXXX_X_X__X_XXXXXXX__XXXXX_XX_X_X______XX___XX___
XX_X_XXX_X_XX_X_XXX_XXX_X_XXX__X_X_X_XX__X_XX__XXXXXXXXXXXX_
X_____XXXXX_XXXX_X____XXXXXX__XXX_XX____XXXX_XXX_XXX_XXXX___
_XX_X_XXXXXX___XXX_XXX_XX__XX_X_XXXX__X_X_X_XXXXXXX___XXXX__
XXXX_X_XX_XXXXX_XX_X_XXXXX__XXXXXXX_X_XXXX_X_XXX_X_X_XXXXXX_
__XXXX__X_XXXX_XX___XXX_X__XX_XXXXX_XXXX_XXX_XX__XX___X__XXX
XX___XXXX__XX_XXX__XXXXXXXX_XXXXX_XX_X_X_XXXX_XXX___XX___XXX
X_XXX__XX_XXX_XXX_XXXXX___XXXXXX_XXXXXX___XXX_XXXXX____X_X__
X_XXX__XXXXX_X__XXX___XXX___XX_XX_XX___X__XX__X___XXX__XXX_X
XX_XXXX__XX_XXXXX___XX_X_XX___XX_X_X___XXXXX_X__XX_X__XXXXXX
_XXXXXX_XXXXXXXXX_XX__XXXXX_X_XX_X_XXXXX_XXXXXX_XXXXXXXXX___
_XX__XXXXXX__XXXXX_X_XX_XXXXXX_XXXXX_XXXXXXXX_XX_XXXX_XXXX_X
_X__XXXX__XXX_XX__X_XX_XXX_XX___XXXXXXXXX_____X___X_XX_XX_XX
X_XXXX_XX_XX___XX_XX__XXXX__XX___X_X_XX__XXXXXX_XXXX_XXX_XX_
XX__XXXXXXX_XXXXXX__XXXXXXX_X_X_XXXXXXXX_XXX_X_XX_XXXX____X_
_XXXXX_X_XXXXX_XXX__XX_XXX__XXXXXX____XX_X_XX_X___XX__XX_X_X
17 55 5 5

      0   1   2   3   4   5   6   7   8   9   10  11  12  13  14  15  16  17  18  19  20  21  22  23  24  25  26  27  28  29  30  31  32  33  34  35  36  37  38  39  40  41  42  43  44  45  46  47  48  49  50  51  52  53  54  55  56  57  58  59  
    +-------------------------------------------------------------------------------------------------------------------------------------------------------------------------------------------------------------------------------------------------+
  0 |                                                                                                                                                                                                                                                 |
  1 |                                                                                                                         400 399 398                                                                                                             |
  2 |                                                                                 440 439 437 436 435                 401     397 396                                                                                                             |
  3 |         495                                                                 441     438 428 434 433             402         395 394             386 385 384 383                                                                                 |
  4 |     494     496 498                                                     442         427     429 432 431             403         392 393 388 387 378     382 381                                                                                 |
  5 | 493 492     497     499                                                 443     426 425 424     430             404         391     389     377     379 380                                                                                     |
  6 | 491                                                                 444                 423 422 421 409 408 405             371 390     376 375                     339 338 337                                                                 |
  7 |     490                             473 472 471             455 454 445                     420 410         407 406     370     372 373 374 345                 340     336     331 330 329     324 323 321                                     |
  8 | 489 488 487 486                 474     470 469         456     453 446             418 419 414 413 411         359 360 369 368 367 366 346     344     342 341 302 335     332     328 327 325     322     320                                 |
  9 |         485 484 483 482         475     468 467 466 457     452 447             417 416 415     412         358 357     361 364 365 348 347     297 343 299 301     303 334 333     313 326         318 319                                     |
 10 |     119             481 480 479 476         465 458     451 450 448         191 192 193 194 195 196 197         356 355 363 362 349     295 296     298     300         304 310 312     314 316 317                                             |
 11 | 118     120                 478 477     463 464 459     156 157 449     190 187 186 185 184             198 199 354 353 352 350     294 293 292 277 276 275             309 305 311     315 262 261 260 259                                     |
 12 | 117         121 124         127 128 462 461 460     155         158 189 188             183 182 181             200 201     351 289     291 278             274         308 306         263             255 258 257                             |
 13 | 116 115     123 122 125 126         129 138     154 153 152     159                         180                         202 288     290     279             273 271 270 269 307     264             254     256                                 |
 14 |     114 113 110 109 108 107         137 130 139 140 151 150 149 160                     179 176 175 174 173             287 203                 280     215 272     268 267 266 265 222         226 253 252 250 249 247 246 245 244             |
 15 |     112 111         99  106 105 104 136 131         141 148 147 146 161     163     178 177     171 172 48  47  46          286 204 284 283 281     214 213 216 217 218 219 220 221     223 225     227 251 229 248     233 243 242 241         |
 16 |     90          98  97  100 103         135 132         142 145         162     164 165     170 169 49      45  44              285 205 207 282 209 212 211 25  24                      224             228     230 232     234 235     240 239 |
 17 | 89      91  92  96  95      101 102     134 133             143 144     63  62          166 167 168 50          43  42              206     208     210 26          23  22                          11  10  9       231 2   1       236 238     |
 18 | 88  87          93  94  81  80  78  77  76              70  69  68  64          61  60  57  56  55      51      41                      34  33  32  31  30  27      21  19  18      15      13  12      8   7   4   3                   237     |
 19 |     86  85  84  83  82      79      75  74  73  72  71      67  66  65          59  58      54  53  52          40  39  38  37  36  35                  29  28      20      17  16      14              6   5                                   |
    +-------------------------------------------------------------------------------------------------------------------------------------------------------------------------------------------------------------------------------------------------+
Minimized 425 425 steps
      0  1  2  3  4  5  6  7  8  9  10 11 12 13 14 15 16 17 18 19 20 21 22 23 24 25 26 27 28 29 30 31 32 33 34 35 36 37 38 39 40 41 42 43 44 45 46 47 48 49 50 51 52 53 54 55 56 57 58 59 
    +-------------------------------------------------------------------------------------------------------------------------------------------------------------------------------------+
  0 |                                                                                                                                                                                     |
  1 |                                                                                                                                                                                     |
  2 |                                                                                                                                                                                     |
  3 |       71                                                                                                                                                                            |
  4 |    70    72 73                                                                                                                                                                      |
  5 |    69          74                                                                                                                                                                   |
  6 | 68                                                                                                                                                                                  |
  7 |    67                                                                                                                                                                               |
  8 |       66                                                                                                                                                                            |
  9 |          65 64                                                                                                                                                                      |
 10 |                63 62                                                                                                                                                                |
 11 |                      61                                                                                                                                                             |
 12 |                      60                                                                                                                                                             |
 13 |                   59                                                                                                                                                                |
 14 |                   58                                                                                                                                                                |
 15 |                57                                                             31                                                                                                    |
 16 |                56                                                          32    30                                  17 16                                                          |
 17 |                55                                     42 41                33       29                            18       15                      7              2  1              |
 18 |                   54    52                46       43       40    38          34    28                22 21 20 19             14       11    9  8     6     4  3                    |
 19 |                      53    51 50 49 48 47    45 44             39    37 36 35          27 26 25 24 23                            13 12    10             5                          |
    +-------------------------------------------------------------------------------------------------------------------------------------------------------------------------------------+
Path   3512   499    74   -425
