X___XX___XX____X_XX__XX__XXXXX_X__XXXX__XXXXX_XXXX_X__XX___X
_X_XX_XX_X___XXXX__XX_X_X_X___X__X_XX__X_____XX__XXXXXXX_XX_
XXX___XX_X_X__XX_XXXX_XXXX_XX_XX_X__X_XX_____XX_____X_X___XX
__XXXX____X_X____X___X_XXX____XXXXX_XXX_X_X_XXXX_X__XXX__XXX
__X_XXX_XX_XXXX_XXXXXX_XXX_XXXX_XX__X_XX__XX_________X_X___X
X_X__XXX__X___X__X_X_X_X____XX_X_XXXX_X___X_____XX_XXX_X__XX
X____X_X_X______XX_X__X__X_XXXXX_____X_X__XX__X___X_XXXX__XX
X__X_XXXX_XXXXXX__XX__X_X____X__X_XXX___X____X___X__X_XX_X_X
XX_XX__XX_XXXX_____XX__X_XX_XXXX__X_X__X__X_XX_____X__X_X_XX
X__X_XX___X_X____X_XX_XXXXX____XX__XX_____X_XX__X__XXXX___XX
X___XXX_XXX_X__XX_XXXX__XXX_X_X_X_____X________X_XX___XXXXXX
X_____XX__XX_X_X_X_XXX____XXX___X__XXXXXXX_X____XXXXXX__XXX_
___XXX__XXXXX_XXX___XXXXX___X__XX___X__XXX___X___X_XXX____X_
_X_X__XX____XXX_X______XXX__X_XXX_XXX_XXXX_XX___XX_X____XXXX
X_X_XX__XXX_XXXXXXX_X_XXX___X___X_X____XXX_X___X_X______XX__
X_XXX_X_XXX_X___X_X___XX_________X___X__X_X_X__X__XXXXXXX__X
_______________________________________________X____________
_XX___XX_____XXX__XXX__X_X_XXX_X__X___X__XX__X_XX____XXXXXXX
XXXX______XX_XXX_XXXX_XX__X_X___X_XX_X_XXXX___X_X_X_X__X___X
____X_____XXX__XX_X______X___XXX__XX__XXXXXXXX___X_X__X____X
_XXXXXX__XX_X___X_XX_X_XX_X__X______X__X_XX__X_XXXX__X_XX___
_X__XX__X_X_XXX__X_XX_X__XX_X_X_X______X_XX_XX___X_XX__XX_XX
_XXX__XXXX_X_X___X_X_XX_XXX__X_____X__XX___XXX____XXX_XXXX__
X____X_XX_______XX___XX___XXXXX___X_XXX__X_X____X____X______
X_____XXX___XXX_XXX_XXXXXX_X__X___X__X_XX_X_X__XX_XX_X_XX__X
_XX___XX___XXX__XX_XXXX_XX___X____X_XX_XX___X__XX_XXX_XXXXXX
_X___XX_X_XXX_X_X__X_X_XXXX___XXXX_XX_XXX__X_XXX__XXXX______
XXXXX__XXXX_XXX_X____X_X___X_X____XXX__XXX___XX__XXX_XXXXXX_
__X_XX__X_X__X_X__XX__X___X_X_X______XX_XX___X_XX_X_X__XXX_X
XXXXX_X_____XXXXXX______X_XX_X_X_X___XXXX_XX__XXXXXX__XXXX_X
XX___X___X__X___XXXX_X____________XX_X___XX_XX__XXXXXX_XX_XX
X_X__XX__XXX_X___X_____X_X_____XX_X__XX_XXXX____X____X_XXX__
___XX__X__XXX____X___XXX_XX_X_XX__X_XXX_XX_XX_XX_XXX__X_XXXX
XXXX_XX__XX__XXX__XXXX__XXXXXXX____X_X_X__XX_X_XX____X__X_X_
_XXXX_XXXXXX___X_XXXX__X__XX_XX___XX__XXX_X_X_XX_X_X__X__X__
_X_XX_X_XXXXXXX_XXX_XX_X_X_X_X_XXX_X____X__X__XXX_____X_XX_X
X_XX_XXX_XXXXXX___XXXX__XXXX_XXX_XXX_XXX__X__XXX_X_XX___XXXX
X_XX___X__XXXXXXX_XX__XX____XXX__X_XXXXXXXXXXX_XXX_XX_XX_XXX
XXXXXXXXX_X__XXXX__X_XX__X_____XX_X____X___X_X_XXXX____XX__X
XXXXX__XXXX______X_X_XXX_XXX_X___X__XX____XX_X__X_____X____X
39 59 1 1
