XX_X_X_XXX________X_XX_X_X____XX__XX___XX_XXXXXX__
XXX__X_XXX_X_X_X__X_XX_X___XX_X_X_XX____XX___XXX_X
_X____XX__XXX__X_XXXX___XX_XXX__X_X_XX__XXX___X__X
XXXX__XXXX__X_XXX_XX_X_X____X_X___XXX____X_X_X_XXX
XX_XX__XXXXX_X_X___XXX_X_X__X__X__X_XX_X_XXXX_XXX_
__X_XXXX____XX_X_XX_____XX___X_X____X_X__XX_X_____
XX__X__XXXX_XX_X____X_XXXXX__XX_XXX_XX__X_XX__X__X
__X___X__X_XX_____XXX_X__X___X_XXX__X_X_X_X__X____
___XX__X__X_XX___XXXXXXXXX____XX_XX__X__XX_X_____X
_____XXX_X_X_XX_X_XX_XX_X_XX_XXX__X________XXX____
XX_XXX__X__X_X_XXX_____XXXX__X__XXXXXXX_X__X_X__XX
__X_XXXXX_XX_X_X______XX__XXX__X_X_X__XXXXX_____X_
_XX_X_X_XXXXXXXX_X__X_X_X__XX_X__X__X_XXX_XX_X__XX
__X__X_____XX__XX___XX__XXXXXXX___XX__XX_X_X____X_
XX_XXX___X_X_X_X__X_X_X__X_X_X___________XX_X__X__
X_X_X_XXX___X_X_XX__X_X_X__X_X__X___X__X_______XX_
_X_XXXX__XX_XXX__XXXX__XX___X__XX_XXXX_XX___X__X__
___XXX_XX_X___X_X___X_X__XXXXX_X__XX______XX___XXX
XXXX_X_XXX_X_X_____X__XX__X_X__XX_X_X_XX_X_X_XX___
__XXX__XXXXX_XX_X_XX_X_X_X___X___XX___X_X__XX__XXX
__XX__XX_X__XXX_____X_XXXX__X____X_X__X__XX_X_X__X
X___X____X__X_XX__XXX___XXXXX_X__X___X_XXXX_X_XX__
_XXX_X____XXX______X__X_XXX_X_X____XX__X_XX_XXXXX_
X____XX_XXXX___XXXXX___X__X__XX__X_XX_X__X__XX____
__X______X__X__XXXXX____XXX_X_X___X__XX_____XX____
XXXXXX__XX__X_____X__XX__X__XX_XXX_XX_X__XXXXXX__X
XX_X__X_X_XX_X_X_X_XXXXXX_X__X_____XX__XXX_X_XX_XX
X_X_____X___X_X__X__X__XX_X__X_X_____XXX___XXX_XX_
X_XX_XXXXXXXXX_XX___X_____XX_XXX__XX__X__XX___XXXX
XXXX__XXX__XXXX__XXXXXXX_XXX_X_XX_X_X_______XXXX_X
3 7 29 49

      0   1   2   3   4   5   6   7   8   9   10  11  12  13  14  15  16  17  18  19  20  21  22  23  24  25  26  27  28  29  30  31  32  33  34  35  36  37  38  39  40  41  42  43  44  45  46  47  48  49  
    +---------------------------------------------------------------------------------------------------------------------------------------------------------------------------------------------------------+
  0 |                                                                                                                                                                                                         |
  1 |                                                                                                                                                                                                         |
  2 |                                                                                                                                                                                                         |
  3 |                             1   123                                                                                                                                                                     |
  4 |             117             122 2   124 125 126                                                                                                                                                         |
  5 |         116     118 120 121 3                   127                                                                                                                                                     |
  6 |     115         119             4                   128                                                                                                                                                 |
  7 |         114                         5           129                                                                                                                                                     |
  8 |             113 112                     6           130                                                                                                                                                 |
  9 |                     111 106 105             7           131                                                                                                                                             |
 10 |             95  110 107         104         8               132                                                                                                                                         |
 11 |         94      96  109 108 100 103         9               133                                                                                                                                         |
 12 |     93  92      97      99      101 102         10          134                                                                                                                                         |
 13 |         91          98                          11              135                                                                                                                                     |
 14 |     90      86  85  84                              12      136                                                                                                                                         |
 15 | 89      87      83          67  66                      13      137                                                                                                                                     |
 16 |     88      82  81  80  68          65  64              14          138 139 140                                                                                                                         |
 17 |             78  79  69          61      63              15                      141                                                                                                                     |
 18 |         77  76      70      60  59  62              16                      142                                                                                                                         |
 19 |         75  74  71          58  55  54  53              17                  143                                                                                                                         |
 20 |         73  72          57  56      52              21  18                      144                                                                                                                     |
 21 |                                     51          22      20  19                  145                         168                                                                                         |
 22 |                                         50      23                          146                 164 165 167     169                                                                                     |
 23 |                                     49  48  24                              147             163         166         170                                                                                 |
 24 |                                     47          25                          148                 162 161 160             171             175                                                             |
 25 |                                 46  45          26                      149         154             159                     172 173 174     176                         185                             |
 26 |                                 44                  27                      150 153 152 155     158                                             177         182 183 184     186                         |
 27 |                                 43                      28                      151         156 157                                                 178 181 180                 187 188                 |
 28 |                             41  42  37  36  35  34          29                                                                                          179                             189 192 193     |
 29 |                         40  39  38          33  32  31  30                                                                                                                              191 190     194 |
    +---------------------------------------------------------------------------------------------------------------------------------------------------------------------------------------------------------+
Minimized 425 132 steps
      0  1  2  3  4  5  6  7  8  9  10 11 12 13 14 15 16 17 18 19 20 21 22 23 24 25 26 27 28 29 30 31 32 33 34 35 36 37 38 39 40 41 42 43 44 45 46 47 48 49 
    +-------------------------------------------------------------------------------------------------------------------------------------------------------+
  0 |                                                                                                                                                       |
  1 |                                                                                                                                                       |
  2 |                                                                                                                                                       |
  3 |                      1                                                                                                                                |
  4 |                         2                                                                                                                             |
  5 |                      3                                                                                                                                |
  6 |                         4                                                                                                                             |
  7 |                            5                                                                                                                          |
  8 |                               6                                                                                                                       |
  9 |                                  7                                                                                                                    |
 10 |                                  8                                                                                                                    |
 11 |                                  9                                                                                                                    |
 12 |                                     10                                                                                                                |
 13 |                                     11                                                                                                                |
 14 |                                        12    14                                                                                                       |
 15 |                                           13    15                                                                                                    |
 16 |                                                    16 17 18                                                                                           |
 17 |                                                             19                                                                                        |
 18 |                                                          20                                                                                           |
 19 |                                                          21                                                                                           |
 20 |                                                             22                                                                                        |
 21 |                                                             23                   40                                                                   |
 22 |                                                          24             37 38 39    41                                                                |
 23 |                                                          25          36                42                                                             |
 24 |                                                          26             35                43          47                                              |
 25 |                                                       27                   34                44 45 46    48                   55                      |
 26 |                                                          28    30 31    33                                  49          53 54    56                   |
 27 |                                                             29       32                                        50    52             57 58             |
 28 |                                                                                                                   51                      59    61    |
 29 |                                                                                                                                              60    62 |
    +-------------------------------------------------------------------------------------------------------------------------------------------------------+
Path   1257   194    62   -132
