XXXX_X__XXX__X___X__XXXX_XX__XX__XX_X___XX_XX_XXXX
X_XX_XXXXXX_XXXX_X___XX_X_____X_XX_XX__XX_X_XX___X
X_XXX____X_X_X___X_X_XXX_XX__XXX____X__X_X_X___XXX
__XXX__X__XX_____XXXXX_XX_XX___XX__X_XXXXX___XX__X
XXX_XXX__X_X_X__X_X_XX__X_X___XX___XX___XX_X_XX_XX
_X_XXX_XXX_X_X_XX_X_X_XXXX_X____XX_XX_XX_X_XXXXXXX
_XXXXXXXXX_______XX_XXX_XX___X_XX_X___XX_X_XXX_X_X
X____XXXXXXXXXX__XX__XXX__XXX__XXX_XXXXXXX_XXXXXX_
____X__XX___X_X_XXX_X_X__X_XX_XXXX_XX____X__XXXXXX
XXXX____X_X_XXXXXX___XX_XXXX__XXXXXXX__XXX_X___XXX
_XX_X___XXXX_XXXXX_XX_XX_XXXXX__X___XXXXX_XX___XXX
_XX_X_XX_XX__X__X_XX__X____XXXX___XX_XX_XXXX__XXX_
X__XXXXXXX__X__X_XX__XXXX__XX_X__X__X_X_XXXX_XX__X
XXXXXXXXXXX_XXXXXX__X____X_X_XXXX__X__XXX_XXXXX___
X_XXX_X____XX__XX_X_XXX_X_XXX_XXXX_XX__XX_XX_XXXX_
X_X_XXX_XX_X__XXXXXXXXXX__XXXXXX_X_XXXX____XX_X__X
_XXXXXX___XX_XXXXXX__XX_XX____X_XXX_X_XXXXX_XXXXX_
X__XXXXXX_X_XXXXXXX___XX___XXX_XXXXXXX__XX___XX__X
__X____X_X__X_XXXXXXXXX_XXXXX_XX_X____XXX__XXXXXX_
_X__X_X_XXX__X__X___X_XXXXX__XXXX__XXXXX_____X__X_
X_XX_X__XXXXXXX_X__XXX___XXX_XX____XX_XX___X_XXXX_
XXXX_XXX_XX_X_XXXXX_XXX___XXXXXXX_XXX___XXX_XXXXXX
__X_XX_X_X__XX__X_XX_XXX_XX_X_X_XX_XXXX__X__XX____
XXXXX__XXX____XX_XX__XXXX___XX_XX___X_XX___X_XX_X_
X_X___X____XXX_X_X_X___X___XXX_XX_XXXX__XXXX___XXX
_XXX____XXXX__XX_XXX_XX__X_XXXXX_X___XX___X_____X_
_XX__XX_XXX_X_XXX_X_XXXXXXX__X__XX_XX__X_XX_X_X_XX
_X_X_XXXX___XX_XXX_XX_X______XXXXX__X_XXXX_X__X_XX
_XXXXXX___XXX_XXXX_XXXX__XX_XX_X_XXXXXXX_XXX_X_X_X
_XX____XXX_X_X_XXXXX__X_XXX__X__X__X______X_X_X_XX
3 7 29 49
