_X_X___X__XX__X_X__XXX_____XXX__X_XXX_______X_X_XX___X__X___
XX__X___XX_XX_X_XXX_X_XX_X___XX_XXX_XXX_X___X_____XX__XXXXXX
X_XXXXX_X__XXXXXX__XX_X_XX_XXX_XXXXX___X_XXXX___X__XXX____XX
_____XXXXX_X_____XX____XX_X_XX___XXXXX__XX___X___XX_X__XXX_X
___X_XXXXX_XXX_X__X__X__X_X__XXXXXX____X_X__XX__X_X_____XXX_
XX_XXX__XX_X_X_____X_X__X__XX___X__X_____XXX_____XXX_XXX_X_X
X___X_XX_X_X_X_XX__X__X_X_XX_XX_XXXX_X__XXXXX__XXX_X__X_XXX_
__XXXXX____XXXXXXX_X_X_XX__X__XXXX___X___X__XX_X_X_XXX___XXX
X_X_X___XX_X____X__XX__X_X__XX_X_XX__XX_XX_XX_X_X__XXXX__X__
__X__X_XX__X__X_____X__XXX__XXXXXXX__X___X__XX___X_XX__X_XXX
__XXX__X__XX_X_X_X_X_XX_XXX___XXX__XXXX___XX_X_XX__X__X___XX
X_XXX___XX_XX____XXX__X__X_XX___X__XX_XXXXXX__X_X__X_X__XXX_
__X_X_X_X______X_XX__X__X_X_X__XX___X_X__X___X___XX_____X__X
XX_XXX_XXX__X__XXXX_____XX__XX__XX_X_X______XXX___XXXXXXX_X_
XX__X_X____XXX_XXX__XXX_X_XXXX______XX_XX__X____XXXX_XX____X
_X__X_XX___X_X_XXX__XXXX___XXXX_XXXXX_XX_XXX_XXX_XXX_X_XX__X
X________XX_X_XX__XXX__X_X_XXXXX__XX__XXX_X__X__X___XX_____X
XX__X__XX___X____XX_XXX_XX_____XXXX_X__X_X_XXXXX_XXX_XXXX_X_
____X__XXXXXX_X______XX_X_XXXXXX__XX___XXX_XX___X___X_XXXXX_
_XX__X____XXXXXX__X__XX__XXXXXX_X__XXX___X___XXXX________XX_
XXXXXX__XXXX_XX_XX_X_XXX______XX____________X_XX_X__X_XX____
_X__XX_XX___XX___X_X_X_XX____X__X_X__X__XXXX__XXX_____XX_XX_
X_X__XXX_X_X__XX_XX__X_X__XX__XX_XX_XX___XXXXX_X___XXXX___X_
XXXXXX_X__X___XXXXXX____X_______XXX__XX_X_XX___XX_XXXXXXX___
______X_X__XXXXX_X___X__XXX_X_X_XXXXX__XX____XXXXX__X____XX_
_XXXXXXXXXXXX__X___X_X_X__X_XX___XXX_X___X_X_XXXX__XX_X_X___
_XXX__X____X_X___X__XX_XXX____X__X_X__XXXX_XXX_XXX__XXXXX_X_
X_XX___XXXX____XXXX_______XX__XX_____X___X_X_XXXXXX_X_X____X
_X___XX__X__XXX_XXXX__XX_XX__XX_XX_____X_____X_XXX__XX_X_XX_
______X_XX___X__XXXXXX__XXX___X__X____X_X__X___X__X_X_X___XX
_X_X__XXXX_X__XXX__XX__XXX___X_X_X_XXX_XX__XXX___XXXX_X_XX__
__XXX_X_X___XX__XXXXXX_XX_XX_X____XX_X_____X_X__X____XX___X_
__X___XXXXX__X_X_X_X_XX_X____X___X_XX_XX__X_XXXX_X_X__X__XXX
__X_XX___XX_X____X_XXX____X_X_XX___XXX_XXX_XX_X__XX_XX_X__XX
_X__X___X_XX___XX_XXX__XXXX__XX_XX___X_X_XX_XXX__X__X____X_X
X_X______XX_X___XXXX__X_____X_X_XX__X___X_X___XXX__XX__XXXX_
_XX_XX__X_X_X_X__XXX_X_X__X_XX_X_XX_XX__X_XX_XXXXXX__XXX_XXX
____XXX___XX__XXXX__X_XXXX__X_XX_XX_____XXX_XX___XX_XX_XXX_X
_XXXXX_X_X__XX_X_X____XX__X_XXX__XXX_XXX__X_XXXXXX__X_X___XX
_X_X___X_X__X_XX__X_X_X_X_X__X___X___X______X_X____XX_X_XXXX
1 1 39 59

      0   1   2   3   4   5   6   7   8   9   10  11  12  13  14  15  16  17  18  19  20  21  22  23  24  25  26  27  28  29  30  31  32  33  34  35  36  37  38  39  40  41  42  43  44  45  46  47  48  49  50  51  52  53  54  55  56  57  58  59  
    +-------------------------------------------------------------------------------------------------------------------------------------------------------------------------------------------------------------------------------------------------+
  0 |                                                                                                                                                                                                                                                 |
  1 |     1                                           38                                                                                                                                                                                              |
  2 |         2   3   4                           37  36  39  40  41  42                                                                                                                                                                              |
  3 |                     5                       35                      43                                                                                                                                                                          |
  4 |                         6                   34  33                      44                                                                                                                                                                      |
  5 |                     7                       32                              45                                                                                                                                                                  |
  6 |                         8                   31                              46                                                                                                                                                                  |
  7 |                     10  9                   30  29                          47                                                                                                                                                                  |
  8 |                 11                          28                                  48                                                                                                                                                              |
  9 |                     12                      27                                  49          53                                                                                                                                                  |
 10 |                 13                      23  26                                      50  52      54                                                                                                                                              |
 11 |                 14                  22      24  25                                      51          55                                                                                                                                          |
 12 |                 15              21                                                                      56                                                                                                                                      |
 13 |                     16      18  19  20                                                              57                                                                                                                                          |
 14 |                         17                                                                              58                                                                                                                                      |
 15 |                                                                                                             59  62                                                                                                                              |
 16 |                                                                                                             61  60  63  64                                                                                                                      |
 17 |                                                                                                                             65                                                                                                                  |
 18 |                                                                                                                             66                                                                                                                  |
 19 |                                                                                                                                 67                                                  93                                                          |
 20 |                                                                                                                             68                                                  92      94                                                      |
 21 |                                                                                                                                 69                                          91              95                                                  |
 22 |                                                                                                                                     70                              85  90  89  88          96                                                  |
 23 |                                                                                                                                         71                      84      86  87                  97                                              |
 24 |                                                                                                                                             72  74          83  82                                  98                                          |
 25 |                                                                                                                                             73      75              81                          99                                              |
 26 |                                                                                                                                                         76  77  78  80                              100                                         |
 27 |                                                                                                                                                                     79                                  101                                     |
 28 |                                                                                                                                                                                                     102                                         |
 29 |                                                                                                                                                                                                         103                                     |
 30 |                                                                                                                                                                                                     106 105 104                                 |
 31 |                                                                                                                                                                                                 107                                             |
 32 |                                                                                                                                                                                                     108                                         |
 33 |                                                                                                                                                                                                         109                                     |
 34 |                                                                                                                                                                                                     110                                         |
 35 |                                                                                                                                                                                                 111         130 131                             |
 36 |                                                                                                                                                                                     124 125 126 127 112 129         132                         |
 37 |                                                                                                                                                                                 123 122             128 113         133     135 136 137         |
 38 |                                                                                                                                                                                 121 119 118 116 115 114                 134             138     |
 39 |                                                                                                                                                                                 120     117                                                 139 |
    +-------------------------------------------------------------------------------------------------------------------------------------------------------------------------------------------------------------------------------------------------+
Minimized 425 37 steps
      0   1   2   3   4   5   6   7   8   9   10  11  12  13  14  15  16  17  18  19  20  21  22  23  24  25  26  27  28  29  30  31  32  33  34  35  36  37  38  39  40  41  42  43  44  45  46  47  48  49  50  51  52  53  54  55  56  57  58  59  
    +-------------------------------------------------------------------------------------------------------------------------------------------------------------------------------------------------------------------------------------------------+
  0 |                                                                                                                                                                                                                                                 |
  1 |     1                                                                                                                                                                                                                                           |
  2 |         2   3   4                               28  29  30  31  32                                                                                                                                                                              |
  3 |                     5                       27                      33                                                                                                                                                                          |
  4 |                         6                       26                      34                                                                                                                                                                      |
  5 |                     7                       25                              35                                                                                                                                                                  |
  6 |                         8                   24                              36                                                                                                                                                                  |
  7 |                     9                           23                          37                                                                                                                                                                  |
  8 |                 10                          22                                  38                                                                                                                                                              |
  9 |                     11                      21                                  39          42                                                                                                                                                  |
 10 |                 12                      20                                          40  41      43                                                                                                                                              |
 11 |                 13                  19                                                              44                                                                                                                                          |
 12 |                 14              18                                                                      45                                                                                                                                      |
 13 |                     15      17                                                                      46                                                                                                                                          |
 14 |                         16                                                                              47                                                                                                                                      |
 15 |                                                                                                             48                                                                                                                                  |
 16 |                                                                                                                 49  50  51                                                                                                                      |
 17 |                                                                                                                             52                                                                                                                  |
 18 |                                                                                                                             53                                                                                                                  |
 19 |                                                                                                                                 54                                                  74                                                          |
 20 |                                                                                                                             55                                                  73      75                                                      |
 21 |                                                                                                                                 56                                          72              76                                                  |
 22 |                                                                                                                                     57                              68          71          77                                                  |
 23 |                                                                                                                                         58                      67      69  70                  78                                              |
 24 |                                                                                                                                             59  60              66                                  79                                          |
 25 |                                                                                                                                                     61              65                          80                                              |
 26 |                                                                                                                                                         62  63  64                                  81                                          |
 27 |                                                                                                                                                                                                         82                                      |
 28 |                                                                                                                                                                                                     83                                          |
 29 |                                                                                                                                                                                                         84                                      |
 30 |                                                                                                                                                                                                     85                                          |
 31 |                                                                                                                                                                                                 86                                              |
 32 |                                                                                                                                                                                                     87                                          |
 33 |                                                                                                                                                                                                         88                                      |
 34 |                                                                                                                                                                                                     89                                          |
 35 |                                                                                                                                                                                                 90          93  94                              |
 36 |                                                                                                                                                                                                     91  92          95                          |
 37 |                                                                                                                                                                                                                     96      98  99  100         |
 38 |                                                                                                                                                                                                                         97              101     |
 39 |                                                                                                                                                                                                                                             102 |
    +-------------------------------------------------------------------------------------------------------------------------------------------------------------------------------------------------------------------------------------------------+
Path   3467   139   102    -37
