X___X___XX_XXXX_X_X____XX____X_X_XX___X___X__XX_X__XX_X_____
_XXXXX__XX_________XXXX_XXXXX_XXXX_XX_X_X_X__X__X_XX___XX_X_
X___XX_XXX_____X_XXXX_XXXXXX__XX___X__X__X__XX__XXXXX__XX_X_
X_XX_X_XX_X_XX____XXX____XXXXX_XX__XX_XX_XXXX_XX_____X___XX_
XX__XX____X__X_XX__XX__XX_XXXX__XXXXXXX_XX_X____XXX______X__
XX____XXXX_X_XXXX___XXXX_XX____X_X_X_X_____X_XX_XXX_XX__X_X_
X_XX__XXX_XX_X__XX_XXX____XX__XXXX_X___X__XX______X___XXX_XX
__XX__XX__XXX____XX_XXX_XX__X____XXXX__XXXXX_____X_XX_XXX___
XX_XX_XX_XXXX_X_X_X_X__X___XX_X_XX___X_X_____XX__XX__XX_X_XX
____X__XX_XXX_X_X__XXX___X_X___X_XXXX____XXXX_XX__XXX_XXXX__
XXX_X___XX_X_XXX__X__XXXXXX___XXXXX___XXXXX_X_X_XXXXXX_X__XX
X___XXXXXXX____XXXX__X______XX___X_X___XX_X__X__X__XXXX_X__X
__X__XXX_X_XXXXXX_X____X_X___X__XX__XX_X_XXXXXX_________X_XX
__X___XX____XX_X_XXX_XXX_X___X____XX___XXX_XXXXXX_XXX_X_X_X_
_X____X__X_XXXX_XXXX__XXX_____XX_X_XXX_X__XX___XX__X_X_XXXX_
_XX___XX__X__X_XX_XX_XXXX__X____XX_XXXX__X__XX_X__X_____XX_X
__XX__X_XX_XXXXXXX_XX_X_X___XX____XXXX_X___XXXXX_X_XX_____X_
XXXX_XXXX_X_____XXXX_X_X_XX_X__XXXX____XXX____X____XX___X__X
XX__XX_X__X_X_XX_X__XXXXX__XXX__XX___X_XXX__X_X___XXXXX__XXX
XX__X_X_X_XXXXXXX____X__XXXX_X____XX_XXXXXXX_XXXX___X_______
_XXXX___X_XXXX_XX_X_X___X_____XX___X___X___X__X__XX__X__X__X
_____X_X__XX_X_XX_X_XXXXX_XXXX___X____XX___X_X____X__XXX_XXX
_____XXXXX_________X_X___X__XX_X_XX____XXXX__X___XXX____XXX_
XXX____X_XXXXX_____XX_XX______X_XXXXX___XX_X__X_X___X____XXX
XX__XXX_XXX____X_XXX_XX_X__XX_X________X_X___XX__X_X_XXX__X_
X_XX__XX___X_XXXXXX_X_________X___X_X____XX__X___X____X_X_X_
XX_X__XX___XXX_X___XXX__X_X_____XXXXXX__X___XX_X_XXXXX_XXXX_
__XXX_X____XXX__XXX_X___XXXXX__XXXXXX_X_XXX_X__XXX__XX__XX_X
XX_X____XXXXXXX__X___X__XX__X___XXX_X___XXXXX_X__X_____X_X__
__X__XX___XX_XXX_X_X_XX_______X_XXXXXX_X_X__X__X___XX_X_X___
XX_X_X____X_X_XX__X___X_XX_X_X__XXX_XX____XX_XXX_XXX___X____
__XXX_X_X_XX_X_____XXXXX_X_XX_XXXXXXX_X_XXX__X_X__XXXXX_XXXX
XX_XXX___XXXXXXX__XXX_X_XXXX_X_XX__X_XXXX_X_X____XX_XX__XXXX
XXXX_XX__XX_XXX__X_X_X____X__X__XX___X____XX_XX_XX_XXX_X__X_
X_X____X_X_XX__X___X_XXXX_X_XX_XXXX_X__XXX_XX_X_X___XXXX_X_X
X__XXXX____XX___XXX____XX__X_X_X___XX_X___X___X__XXXXXX_XXX_
X__X___X_X_X_X__XXXXXX_XX_X_XX___X______X_X_X_____XX_XXX_X_X
XX_XX_XX_X_X_XXX__XX__XXX_______XXX_X____XXX___X__XXXXXXXXXX
XX_X__XXX___X_X______X_XXXX_XX_X_XX__XX_XXXX_XX_X_XXX___X_XX
___XXXX______XX_XXX__X____XXXX_XX_XX_X_XX___XXX__XXXXX_X___X
39 59 1 1
