X___X___XX_XXXX_X_X____XX____X_X_XX___X___X__XX_X__XX_X_____
_XXXXX__XX_________XXXX_XXXXX_XXXX_XX_X_X_X__X__X_XX___XX_X_
X___XX_XXX_____X_XXXX_XXXXXX__XX___X__X__X__XX__XXXXX__XX_X_
X_XX_X_XX_X_XX____XXX____XXXXX_XX__XX_XX_XXXX_XX_____X___XX_
XX__XX____X__X_XX__XX__XX_XXXX__XXXXXXX_XX_X____XXX______X__
XX____XXXX_X_XXXX___XXXX_XX____X_X_X_X_____X_XX_XXX_XX__X_X_
X_XX__XXX_XX_X__XX_XXX____XX__XXXX_X___X__XX______X___XXX_XX
__XX__XX__XXX____XX_XXX_XX__X____XXXX__XXXXX_____X_XX_XXX___
XX_XX_XX_XXXX_X_X_X_X__X___XX_X_XX___X_X_____XX__XX__XX_X_XX
____X__XX_XXX_X_X__XXX___X_X___X_XXXX____XXXX_XX__XXX_XXXX__
XXX_X___XX_X_XXX__X__XXXXXX___XXXXX___XXXXX_X_X_XXXXXX_X__XX
X___XXXXXXX____XXXX__X______XX___X_X___XX_X__X__X__XXXX_X__X
__X__XXX_X_XXXXXX_X____X_X___X__XX__XX_X_XXXXXX_________X_XX
__X___XX____XX_X_XXX_XXX_X___X____XX___XXX_XXXXXX_XXX_X_X_X_
_X____X__X_XXXX_XXXX__XXX_____XX_X_XXX_X__XX___XX__X_X_XXXX_
_XX___XX__X__X_XX_XX_XXXX__X____XX_XXXX__X__XX_X__X_____XX_X
__XX__X_XX_XXXXXXX_XX_X_X___XX____XXXX_X___XXXXX_X_XX_____X_
XXXX_XXXX_X_____XXXX_X_X_XX_X__XXXX____XXX____X____XX___X__X
XX__XX_X__X_X_XX_X__XXXXX__XXX__XX___X_XXX__X_X___XXXXX__XXX
XX__X_X_X_XXXXXXX____X__XXXX_X____XX_XXXXXXX_XXXX___X_______
_XXXX___X_XXXX_XX_X_X___X_____XX___X___X___X__X__XX__X__X__X
_____X_X__XX_X_XX_X_XXXXX_XXXX___X____XX___X_X____X__XXX_XXX
_____XXXXX_________X_X___X__XX_X_XX____XXXX__X___XXX____XXX_
XXX____X_XXXXX_____XX_XX______X_XXXXX___XX_X__X_X___X____XXX
XX__XXX_XXX____X_XXX_XX_X__XX_X________X_X___XX__X_X_XXX__X_
X_XX__XX___X_XXXXXX_X_________X___X_X____XX__X___X____X_X_X_
XX_X__XX___XXX_X___XXX__X_X_____XXXXXX__X___XX_X_XXXXX_XXXX_
__XXX_X____XXX__XXX_X___XXXXX__XXXXXX_X_XXX_X__XXX__XX__XX_X
XX_X____XXXXXXX__X___X__XX__X___XXX_X___XXXXX_X__X_____X_X__
__X__XX___XX_XXX_X_X_XX_______X_XXXXXX_X_X__X__X___XX_X_X___
XX_X_X____X_X_XX__X___X_XX_X_X__XXX_XX____XX_XXX_XXX___X____
__XXX_X_X_XX_X_____XXXXX_X_XX_XXXXXXX_X_XXX__X_X__XXXXX_XXXX
XX_XXX___XXXXXXX__XXX_X_XXXX_X_XX__X_XXXX_X_X____XX_XX__XXXX
XXXX_XX__XX_XXX__X_X_X____X__X__XX___X____XX_XX_XX_XXX_X__X_
X_X____X_X_XX__X___X_XXXX_X_XX_XXXX_X__XXX_XX_X_X___XXXX_X_X
X__XXXX____XX___XXX____XX__X_X_X___XX_X___X___X__XXXXXX_XXX_
X__X___X_X_X_X__XXXXXX_XX_X_XX___X______X_X_X_____XX_XXX_X_X
XX_XX_XX_X_X_XXX__XX__XXX_______XXX_X____XXX___X__XXXXXXXXXX
XX_X__XXX___X_X______X_XXXX_XX_X_XX__XX_XXXX_XX_X_XXX___X_XX
___XXXX______XX_XXX__X____XXXX_XX_XX_X_XX___XXX__XXXXX_X___X
39 59 1 1

      0   1   2   3   4   5   6   7   8   9   10  11  12  13  14  15  16  17  18  19  20  21  22  23  24  25  26  27  28  29  30  31  32  33  34  35  36  37  38  39  40  41  42  43  44  45  46  47  48  49  50  51  52  53  54  55  56  57  58  59  
    +-------------------------------------------------------------------------------------------------------------------------------------------------------------------------------------------------------------------------------------------------+
  0 |                                                                                                                                                                                                                                                 |
  1 |     393                                                                                                                                                                                                                                         |
  2 | 392                                                                                                                                                                                                                                             |
  3 | 391                                                                                                                                                                                                                                             |
  4 | 390 389                                                                                                                                                                                                                                         |
  5 | 388 386                                                                                                                                                                                                                                         |
  6 | 387     385 384                                                                                                                                                                                                                                 |
  7 |         383 382                                                                                                                                                                                                                                 |
  8 |             381 380                                                                                                                                                                                                                             |
  9 |                 379                                                                                                                                                                                                                             |
 10 |                 378                                                                                                                                                                                                                             |
 11 |                 377 376 375                                         329 328                                                                                                                                                                     |
 12 |                     374 373 372                                 330     327                                                                                                                                                                     |
 13 |                         371 370                             331     326 325 324                                                                                                                                                                 |
 14 |                         369                 336 335 334 332     280 281 323 322                                                                                                                                                                 |
 15 |                         368 367         337         333     279 278     282 321     319 318 317 316                                                                                                                                             |
 16 |                         364     366 338     267 268 269 270 271 277 276     283 320     313     315                                                                                                                                             |
 17 |     356 357 358     363 362 365 339     266                     272 275 274 284     312     314                                                                                                                                                 |
 18 | 355 354         359 361     340         265             258 257     273         285 311 310 309 308             302 301                                                                                                                         |
 19 | 353 352         360             341     264 263 260 259 250 256 255                 286         307 305 304 303     300                                                                                                                         |
 20 |     351 350 349 348             342     262 261 247 249     251 254             287             306                     299                                                                                                                     |
 21 |                     347     343         245 246     248     253 252                 288 290 291 292     294 295     298                                                                                                                         |
 22 |                     346 345 344 241 244                                             289             293         296 297                                                                                                                         |
 23 |                             240     242 243                                                                                                                                                                                                     |
 24 |                         239     233 232 231                                                                                                                                                                                 69                  |
 25 |                         238 234             230         197 196 195                                                                                                                                                     70      68              |
 26 |                         237 235             229 228 198     194             189 188 187                                                                                                                 76  75  74  71      67  66  65          |
 27 |                         236                 226 227 199         193 192 190     186                                                                                                         80  79  77          73  72          64  63          |
 28 |                                         225 224 220 219 200         191             185                                                                                                 81          78                              62          |
 29 |                                         223 221     217 218 201                     184 183                                                                                                 82                                  61              |
 30 |                                         222     216     203 202                         182     132 131                                                                                 85  83                              60                  |
 31 |                                         214 215     204                     178 179 180 181 133     130                 116 115 114                                 97  96          86      84                      58  59                      |
 32 |                                     213 212 208 207 206 205             177 176 175     134     129 128 127 126     117     113 112                     100 99  98      95      87                  31  32      57  56          49  48  47  46  |
 33 |                                     211 209     166 167 168                 174     135                 125         118         110 111             101                 93  94      88          30  29      33  55  54      50          45      |
 34 |                                     210     165 164         169             173         136             124         119     109 107 106 105     102                 92      90  89              28              34  53  52  51      44          |
 35 |                                             163 161             170 171 172                 137             123     120     108             104 103                     91                          27  26  25      35  38      40  43  42      |
 36 |                                             162     160         152 151 150 149 146 145         138             122 121                                                                                 24  23      37  36  39      41          |
 37 |                                                     158 159 153         148 147         144 143 139                                                                                                     22  21  20  11  10  9   8   6   5   4   |
 38 |                                                 157     154                                 142 141 140                                                                                                 18  19  12              7       3   2   |
 39 |                                                     156 155                                                                                                                                         17  16  15  14  13                      1   |
    +-------------------------------------------------------------------------------------------------------------------------------------------------------------------------------------------------------------------------------------------------+
Minimized 425 288 steps
      0   1   2   3   4   5   6   7   8   9   10  11  12  13  14  15  16  17  18  19  20  21  22  23  24  25  26  27  28  29  30  31  32  33  34  35  36  37  38  39  40  41  42  43  44  45  46  47  48  49  50  51  52  53  54  55  56  57  58  59  
    +-------------------------------------------------------------------------------------------------------------------------------------------------------------------------------------------------------------------------------------------------+
  0 |                                                                                                                                                                                                                                                 |
  1 |     105                                                                                                                                                                                                                                         |
  2 | 104                                                                                                                                                                                                                                             |
  3 | 103                                                                                                                                                                                                                                             |
  4 |     102                                                                                                                                                                                                                                         |
  5 |     101                                                                                                                                                                                                                                         |
  6 |         100                                                                                                                                                                                                                                     |
  7 |             99                                                                                                                                                                                                                                  |
  8 |                 98                                                                                                                                                                                                                              |
  9 |                 97                                                                                                                                                                                                                              |
 10 |                 96                                                                                                                                                                                                                              |
 11 |                     95                                                                                                                                                                                                                          |
 12 |                         94                                                                                                                                                                                                                      |
 13 |                             93                                                                                                                                                                                                                  |
 14 |                         92                                                                                                                                                                                                                      |
 15 |                             91                                                                                                                                                                                                                  |
 16 |                         90          86                                                                                                                                                                                                          |
 17 |                         89      87      85                                                                                                                                                                                                      |
 18 |                             88          84                                                                                                                                                                                                      |
 19 |                                             83                                                                                                                                                                                                  |
 20 |                                                 82                                                                                                                                                                                              |
 21 |                                         80  81                                                                                                                                                                                                  |
 22 |                                 78  79                                                                                                                                                                                                          |
 23 |                             77                                                                                                                                                                                                                  |
 24 |                                 76  75  74                                                                                                                                                                                                      |
 25 |                                             73          70                                                                                                                                                              20                      |
 26 |                                                 72  71      69              65                                                                                                                          24  23      21      19                  |
 27 |                                                                 68      66      64                                                                                                          27  26  25          22              18              |
 28 |                                                                     67              63                                                                                                  28                                          17          |
 29 |                                                                                         62                                                                                                  29                                  16              |
 30 |                                                                                         61                                                                                              30                                  15                  |
 31 |                                                                                             60                          49                                          38              31                                  14                      |
 32 |                                                                                                 59  58              50      48                          41  40  39      37      32                                  13                          |
 33 |                                                                                                         57          51          47                  42                  36          33                              12                          |
 34 |                                                                                                         56          52              46  45      43                          35  34                              11                              |
 35 |                                                                                                             55      53                      44                                                              10                                  |
 36 |                                                                                                                 54                                                                                          9                                   |
 37 |                                                                                                                                                                                                                 8   7   6   5       3           |
 38 |                                                                                                                                                                                                                                 4       2       |
 39 |                                                                                                                                                                                                                                             1   |
    +-------------------------------------------------------------------------------------------------------------------------------------------------------------------------------------------------------------------------------------------------+
Path   3258   393   105   -288
