_XX___X_XXX__XXXXXX_XX_XXXXXX_XXXXXX__XXXX_XX__X__
XX_XX_XXXX___XXXXXX_XXXX____XXXX_X_XX_XX_XXXX_XXX_
X_X_XX_XX_XXXXXX_XXXXXXXXXXX__X___XX_XXXX_XX_XX_XX
XXXX_X_XXX__XX_XXX_XXXXX__X__XXXX_XXXXX_XXX_XX_XXX
XX___X_XX_XX_XXX__X__XX_XXX__XXXX_XXXXX_XX_XX_X_X_
_XX__XX_XXXXX_XXX___X_XXXX_X_XX_XXX_XX_XXXXX_XXXXX
__XX_XX_XXX_XXXXXXXXXXXXXXXXXXXXXXX_XXXXXXXX_XXX_X
X_XX_XXX___X_XX____X__XXXXX_XXX_XXXXXX_X_XXXXXX__X
_X____XX__X__XXX_X__XX_X__XXXX_XX_X_XXXXXXX_XXXXXX
_XXXXXX_X_X__X___XXXXXXXXX____X_X_XXX_XXXXX_XX_XXX
X_XXXXX_XXX_XXXXXXX_XXX_X__X_XXXXXX_XXXXX_XX_XX_XX
XXXXXX_X__XXX_XX_XX__XXX_XXXXXXXX_XXXX__XX_XXX_XX_
_XXX_XXX_XXXXX_XX_XXXXXXXX_XXXXXXX_X___XXX_X__XX_X
XXX_XXX_X___X__XXX__X_XXXXX_XXXX_XX_XX_XXX_X_XXXXX
__X_XX_XX_XXXXXX__XX_XXX_XXXXXX_X_XX_XXXXX__XXXXX_
_XXXXXXXX_XXXXX__XXXX_X_XXX__XXXXXXXXXX__X_XXX_XXX
_XXX__X_XXX_X__X_XX_XXX_X____XXXXXXX_XX_XX_XXXXXXX
__X__X_XX__XXX_XXXXXXXXXXXXX_XXXXX_XXXX_XXXX_XXXX_
__X__XX_X__XXX_X_XX_X_XXXX__X_X_XXXXX__X_X_X_XXX_X
_X_XXXXXXX__X__X_XXX_XX__XX_____XX_X_XXX_XXXXXXXXX
__XXX_XXXX__X_XXX_X__XXXXXX_XXXX_XX___XXX_XXX__X__
X__X_XXXXXX_XX___XXXXX_XX_XXXX_XXX_X_XXXX_X_XXXX_X
XX_XX_XXXX_X_XXX_X_XX_X_XXX_XXXXXXX_XXXXX_X__X_X_X
_XXXXXXXXXXXX_X_X___XXXXXXXXXXXXX_XXX____XX_X_XX__
XXX_X__XXXXXXXXXX_XXX_X_XXXX_XX_XXXXX_X__XXXX_XX_X
XXXXXX__X__XX_XX_XXXXX_XXXXX__X_X_XXXXXX_____XX_X_
_XX__XXX_X__XXXXXXXX_X_XXXXXXXXX_XXX_XXXX_X_X_XXX_
__XXXXXXX__XXXXXXX___XX_X_X_XX_X_XXX_XXXX_X__XXXXX
X_XX_XXX_XX_XX_X_XXXXX_XXXXXXX__XXXXXXXXXXX_XX__XX
X_XX_XXX__XXXXX_X___XX_XXX_X_XX_XX__X_X_XX__XXX__X
3 7 29 49

      0   1   2   3   4   5   6   7   8   9   10  11  12  13  14  15  16  17  18  19  20  21  22  23  24  25  26  27  28  29  30  31  32  33  34  35  36  37  38  39  40  41  42  43  44  45  46  47  48  49  
    +---------------------------------------------------------------------------------------------------------------------------------------------------------------------------------------------------------+
  0 |                                                                                                                                                                                                         |
  1 |     444                                                                                                                                                                                                 |
  2 | 443     445     447                                                                                                                                                                                     |
  3 | 442 441     446     448     1   452 453         456                                                                                                                                                     |
  4 | 440 439             449     451 2       454 455     457                                                                                                                                                 |
  5 |     438 437             450         3   394 393 392     458                                                                                                                                             |
  6 |         436 435                 396 395 4       391 390 389 459 460 461 462                                                                                                                             |
  7 |         433 434             397             5       388 387                 463                                                                                                                         |
  8 |     432                     398         6           386 385                     464                                                                                                                     |
  9 |     421 431 430 429 428 427     399     7           384                             465                                                                                                                 |
 10 | 420     422 423 424 425 426     401 400 8       383 382 381 380 378 377 376             466                                                                                                             |
 11 | 419 418 417 416 409 408     402             9   327     329 379     375 374                 467         470                                                                                             |
 12 |     414 415 410     407 404 403     324 325 326 10  328     330 335     373 372 371 369 368 367 468 469     471                                                                                         |
 13 | 413 412 411     406 405 320     323             11          334 331 336         370     366 363 362 361 360     472                                                                                     |
 14 |         316     318 319     321 322                 12  333 332         337 347     365 364 352     359 358 357     473                                                                                 |
 15 |     315 314 317 309 308 307 305 304         276 275 274 13              346 338 348     351     353 355 356             474                                                                             |
 16 |     313 312 310         306     303 278 277     273         14      345 344     339 349 350     354                         475                                                                         |
 17 |         311                 302 279         272 271             15  343 342 341 340 257 256 255 254 253 252                     476 494                                                                 |
 18 |                     300 301     280         270 269 268             16  260     258     241 242 243 251                         493 477 495     497                                                     |
 19 |             298 299 293 292 291     281         267                 261 17  259     240 239         244 250                     492 478     496     498                                                 |
 20 |         297 296 294     290 289     282         266     264 263 262     18          238 237 236 235 249 245                 491         479             499                                             |
 21 |             295     94  288 287 286 285 283     128 265                     19  145 146     234 233     248 246             490 489         480             500                                         |
 22 |             92  93      95  96  97  284     127     129     131             144 20      147     232 231 247     226 225 224 488 487 486 485     481             501                                     |
 23 |     72  91  90  89  87  86  85  84  98  126 125 124     130     132             143 21      148 230 229 228 227 171 223 222 220 219     484 483 482                 502 505                             |
 24 | 71  70  73      88          83  82  81  99  123 122 120 119 118 133         142 140     22      149 168 169 170     172 221     218 216 215 214 212                 504 503 506 507                     |
 25 | 69  68  67  74  75              80          100 121     117 116     134 135 141 137 139     23  167 150 165 164         173     217     202 213 204 211 210 209                     508                 |
 26 |     66  65          76  77  79                  101 106 115 114 113 112 111 136     138         24  166 151 163 162 161     174     201 200 203     205 206 207 208                     509             |
 27 |         64  63  58  57  56  78  49              105 102 107 108 109 110                 32      25      152     160 159     175     199 198 197     195 194 192 191                         510         |
 28 |         62  59      55  54  50      48  47      104 103     41      39  38  37  36  33      31  30  26      153 155 158         176 179 180 181 196 183 193 185 190 189 188                     511     |
 29 |         61  60      53  52  51          46  45  44  43  42      40              35  34      29  28  27      154     156 157     178 177         182     184     186 187                             512 |
    +---------------------------------------------------------------------------------------------------------------------------------------------------------------------------------------------------------+
Minimized 425 450 steps
      0  1  2  3  4  5  6  7  8  9  10 11 12 13 14 15 16 17 18 19 20 21 22 23 24 25 26 27 28 29 30 31 32 33 34 35 36 37 38 39 40 41 42 43 44 45 46 47 48 49 
    +-------------------------------------------------------------------------------------------------------------------------------------------------------+
  0 |                                                                                                                                                       |
  1 |                                                                                                                                                       |
  2 |                                                                                                                                                       |
  3 |                      1                                                                                                                                |
  4 |                         2                                                                                                                             |
  5 |                            3                                                                                                                          |
  6 |                               4                                                                                                                       |
  7 |                                  5                                                                                                                    |
  8 |                               6                                                                                                                       |
  9 |                               7                                                                                                                       |
 10 |                               8                                                                                                                       |
 11 |                                  9                                                                                                                    |
 12 |                                     10                                                                                                                |
 13 |                                     11                                              40                                                                |
 14 |                                        12                            35          39    41                                                             |
 15 |                                           13                      34    36 37 38          42                                                          |
 16 |                                              14                33                            43                                                       |
 17 |                                                 15                32                            44                                                    |
 18 |                                                    16             31                               45       49                                        |
 19 |                                                       17          30                               46    48    50                                     |
 20 |                                                       18             29                               47          51                                  |
 21 |                                                          19             28                                           52                               |
 22 |                                                             20             27                                           53                            |
 23 |                                                                21             26                                           54                         |
 24 |                                                                   22    24 25                                                 55 56 57                |
 25 |                                                                      23                                                                58             |
 26 |                                                                                                                                           59          |
 27 |                                                                                                                                              60       |
 28 |                                                                                                                                                 61    |
 29 |                                                                                                                                                    62 |
    +-------------------------------------------------------------------------------------------------------------------------------------------------------+
Path   2316   512    62   -450
