_X_X___X__XX__X_X__XXX_____XXX__X_XXX_______X_X_XX___X__X___
XX__X___XX_XX_X_XXX_X_XX_X___XX_XXX_XXX_X___X_____XX__XXXXXX
X_XXXXX_X__XXXXXX__XX_X_XX_XXX_XXXXX___X_XXXX___X__XXX____XX
_____XXXXX_X_____XX____XX_X_XX___XXXXX__XX___X___XX_X__XXX_X
___X_XXXXX_XXX_X__X__X__X_X__XXXXXX____X_X__XX__X_X_____XXX_
XX_XXX__XX_X_X_____X_X__X__XX___X__X_____XXX_____XXX_XXX_X_X
X___X_XX_X_X_X_XX__X__X_X_XX_XX_XXXX_X__XXXXX__XXX_X__X_XXX_
__XXXXX____XXXXXXX_X_X_XX__X__XXXX___X___X__XX_X_X_XXX___XXX
X_X_X___XX_X____X__XX__X_X__XX_X_XX__XX_XX_XX_X_X__XXXX__X__
__X__X_XX__X__X_____X__XXX__XXXXXXX__X___X__XX___X_XX__X_XXX
__XXX__X__XX_X_X_X_X_XX_XXX___XXX__XXXX___XX_X_XX__X__X___XX
X_XXX___XX_XX____XXX__X__X_XX___X__XX_XXXXXX__X_X__X_X__XXX_
__X_X_X_X______X_XX__X__X_X_X__XX___X_X__X___X___XX_____X__X
XX_XXX_XXX__X__XXXX_____XX__XX__XX_X_X______XXX___XXXXXXX_X_
XX__X_X____XXX_XXX__XXX_X_XXXX______XX_XX__X____XXXX_XX____X
_X__X_XX___X_X_XXX__XXXX___XXXX_XXXXX_XX_XXX_XXX_XXX_X_XX__X
X________XX_X_XX__XXX__X_X_XXXXX__XX__XXX_X__X__X___XX_____X
XX__X__XX___X____XX_XXX_XX_____XXXX_X__X_X_XXXXX_XXX_XXXX_X_
____X__XXXXXX_X______XX_X_XXXXXX__XX___XXX_XX___X___X_XXXXX_
_XX__X____XXXXXX__X__XX__XXXXXX_X__XXX___X___XXXX________XX_
XXXXXX__XXXX_XX_XX_X_XXX______XX____________X_XX_X__X_XX____
_X__XX_XX___XX___X_X_X_XX____X__X_X__X__XXXX__XXX_____XX_XX_
X_X__XXX_X_X__XX_XX__X_X__XX__XX_XX_XX___XXXXX_X___XXXX___X_
XXXXXX_X__X___XXXXXX____X_______XXX__XX_X_XX___XX_XXXXXXX___
______X_X__XXXXX_X___X__XXX_X_X_XXXXX__XX____XXXXX__X____XX_
_XXXXXXXXXXXX__X___X_X_X__X_XX___XXX_X___X_X_XXXX__XX_X_X___
_XXX__X____X_X___X__XX_XXX____X__X_X__XXXX_XXX_XXX__XXXXX_X_
X_XX___XXXX____XXXX_______XX__XX_____X___X_X_XXXXXX_X_X____X
_X___XX__X__XXX_XXXX__XX_XX__XX_XX_____X_____X_XXX__XX_X_XX_
______X_XX___X__XXXXXX__XXX___X__X____X_X__X___X__X_X_X___XX
_X_X__XXXX_X__XXX__XX__XXX___X_X_X_XXX_XX__XXX___XXXX_X_XX__
__XXX_X_X___XX__XXXXXX_XX_XX_X____XX_X_____X_X__X____XX___X_
__X___XXXXX__X_X_X_X_XX_X____X___X_XX_XX__X_XXXX_X_X__X__XXX
__X_XX___XX_X____X_XXX____X_X_XX___XXX_XXX_XX_X__XX_XX_X__XX
_X__X___X_XX___XX_XXX__XXXX__XX_XX___X_X_XX_XXX__X__X____X_X
X_X______XX_X___XXXX__X_____X_X_XX__X___X_X___XXX__XX__XXXX_
_XX_XX__X_X_X_X__XXX_X_X__X_XX_X_XX_XX__X_XX_XXXXXX__XXX_XXX
____XXX___XX__XXXX__X_XXXX__X_XX_XX_____XXX_XX___XX_XX_XXX_X
_XXXXX_X_X__XX_X_X____XX__X_XXX__XXX_XXX__X_XXXXXX__X_X___XX
_X_X___X_X__X_XX__X_X_X_X_X__X___X___X______X_X____XX_X_XXXX
1 1 39 59
