XX_X_X_XXX________X_XX_X_X____XX__XX___XX_XXXXXX__
XXX__X_XXX_X_X_X__X_XX_X___XX_X_X_XX____XX___XXX_X
_X____XX__XXX__X_XXXX___XX_XXX__X_X_XX__XXX___X__X
XXXX__XXXX__X_XXX_XX_X_X____X_X___XXX____X_X_X_XXX
XX_XX__XXXXX_X_X___XXX_X_X__X__X__X_XX_X_XXXX_XXX_
__X_XXXX____XX_X_XX_____XX___X_X____X_X__XX_X_____
XX__X__XXXX_XX_X____X_XXXXX__XX_XXX_XX__X_XX__X__X
__X___X__X_XX_____XXX_X__X___X_XXX__X_X_X_X__X____
___XX__X__X_XX___XXXXXXXXX____XX_XX__X__XX_X_____X
_____XXX_X_X_XX_X_XX_XX_X_XX_XXX__X________XXX____
XX_XXX__X__X_X_XXX_____XXXX__X__XXXXXXX_X__X_X__XX
__X_XXXXX_XX_X_X______XX__XXX__X_X_X__XXXXX_____X_
_XX_X_X_XXXXXXXX_X__X_X_X__XX_X__X__X_XXX_XX_X__XX
__X__X_____XX__XX___XX__XXXXXXX___XX__XX_X_X____X_
XX_XXX___X_X_X_X__X_X_X__X_X_X___________XX_X__X__
X_X_X_XXX___X_X_XX__X_X_X__X_X__X___X__X_______XX_
_X_XXXX__XX_XXX__XXXX__XX___X__XX_XXXX_XX___X__X__
___XXX_XX_X___X_X___X_X__XXXXX_X__XX______XX___XXX
XXXX_X_XXX_X_X_____X__XX__X_X__XX_X_X_XX_X_X_XX___
__XXX__XXXXX_XX_X_XX_X_X_X___X___XX___X_X__XX__XXX
__XX__XX_X__XXX_____X_XXXX__X____X_X__X__XX_X_X__X
X___X____X__X_XX__XXX___XXXXX_X__X___X_XXXX_X_XX__
_XXX_X____XXX______X__X_XXX_X_X____XX__X_XX_XXXXX_
X____XX_XXXX___XXXXX___X__X__XX__X_XX_X__X__XX____
__X______X__X__XXXXX____XXX_X_X___X__XX_____XX____
XXXXXX__XX__X_____X__XX__X__XX_XXX_XX_X__XXXXXX__X
XX_X__X_X_XX_X_X_X_XXXXXX_X__X_____XX__XXX_X_XX_XX
X_X_____X___X_X__X__X__XX_X__X_X_____XXX___XXX_XX_
X_XX_XXXXXXXXX_XX___X_____XX_XXX__XX__X__XX___XXXX
XXXX__XXX__XXXX__XXXXXXX_XXX_X_XX_X_X_______XXXX_X
3 7 29 49
