_XX___X_XXX__XXXXXX_XX_XXXXXX_XXXXXX__XXXX_XX__X__
XX_XX_XXXX___XXXXXX_XXXX____XXXX_X_XX_XX_XXXX_XXX_
X_X_XX_XX_XXXXXX_XXXXXXXXXXX__X___XX_XXXX_XX_XX_XX
XXXX_X_XXX__XX_XXX_XXXXX__X__XXXX_XXXXX_XXX_XX_XXX
XX___X_XX_XX_XXX__X__XX_XXX__XXXX_XXXXX_XX_XX_X_X_
_XX__XX_XXXXX_XXX___X_XXXX_X_XX_XXX_XX_XXXXX_XXXXX
__XX_XX_XXX_XXXXXXXXXXXXXXXXXXXXXXX_XXXXXXXX_XXX_X
X_XX_XXX___X_XX____X__XXXXX_XXX_XXXXXX_X_XXXXXX__X
_X____XX__X__XXX_X__XX_X__XXXX_XX_X_XXXXXXX_XXXXXX
_XXXXXX_X_X__X___XXXXXXXXX____X_X_XXX_XXXXX_XX_XXX
X_XXXXX_XXX_XXXXXXX_XXX_X__X_XXXXXX_XXXXX_XX_XX_XX
XXXXXX_X__XXX_XX_XX__XXX_XXXXXXXX_XXXX__XX_XXX_XX_
_XXX_XXX_XXXXX_XX_XXXXXXXX_XXXXXXX_X___XXX_X__XX_X
XXX_XXX_X___X__XXX__X_XXXXX_XXXX_XX_XX_XXX_X_XXXXX
__X_XX_XX_XXXXXX__XX_XXX_XXXXXX_X_XX_XXXXX__XXXXX_
_XXXXXXXX_XXXXX__XXXX_X_XXX__XXXXXXXXXX__X_XXX_XXX
_XXX__X_XXX_X__X_XX_XXX_X____XXXXXXX_XX_XX_XXXXXXX
__X__X_XX__XXX_XXXXXXXXXXXXX_XXXXX_XXXX_XXXX_XXXX_
__X__XX_X__XXX_X_XX_X_XXXX__X_X_XXXXX__X_X_X_XXX_X
_X_XXXXXXX__X__X_XXX_XX__XX_____XX_X_XXX_XXXXXXXXX
__XXX_XXXX__X_XXX_X__XXXXXX_XXXX_XX___XXX_XXX__X__
X__X_XXXXXX_XX___XXXXX_XX_XXXX_XXX_X_XXXX_X_XXXX_X
XX_XX_XXXX_X_XXX_X_XX_X_XXX_XXXXXXX_XXXXX_X__X_X_X
_XXXXXXXXXXXX_X_X___XXXXXXXXXXXXX_XXX____XX_X_XX__
XXX_X__XXXXXXXXXX_XXX_X_XXXX_XX_XXXXX_X__XXXX_XX_X
XXXXXX__X__XX_XX_XXXXX_XXXXX__X_X_XXXXXX_____XX_X_
_XX__XXX_X__XXXXXXXX_X_XXXXXXXXX_XXX_XXXX_X_X_XXX_
__XXXXXXX__XXXXXXX___XX_X_X_XX_X_XXX_XXXX_X__XXXXX
X_XX_XXX_XX_XX_X_XXXXX_XXXXXXX__XXXXXXXXXXX_XX__XX
X_XX_XXX__XXXXX_X___XX_XXX_X_XX_XX__X_X_XX__XXX__X
3 7 29 49
