X_X___XXXXXXX_XX_XXX__XXX__XX_X__X_XXXXXX___XXXX_XXX__XXXX__XXX_X_XXXXX__X__XXXX_XX_X__XXXXX__XXXX_X___XX_X_XXX__X_XXX_XXX__XXX__XX_XX_XX_XXXXXXX_X__X_XXX__XX__X_XXXXXXX___X_X_XX__X_XXX_X_XX______XXX_______X_X__XX__XX_X_XXXXXX__X_XX_X_XX_XXXX_X_XXXXXX_XXX____X_X_XXXX____X_X_XXXX_XXXXX__X__XXXXXXXXXXX_X__XXXXX__XXXX____XX__X_XX_XXXXXXXXXXXXX__XXXXXX_XX__XX_X_XX___XX__X__XXX_XX______XXX_XXX_X__X___X
X_XX__X_XX__X_X_X__X__XXXXXX_X_XX_XXXX__X___X_XXX_X_XXXX___XXX_X____XX__XXX_X____XXXXX__XXXX_XXXX__X_XXXXXX_X_XX_X_X___X__XXXXXXX_XX__XX__X__XXX_X____X_XXX__XXX_X_X_XXX__XXXXXXXX___XXX_X_XXX_X_X_X_X_X_XXXXXXX_X_XX___X_XXXX___X__XXXXX_XXXXXXXXXX__X_X_XXXX_XX_XXXXXX_XXXXXXXX__XXXXXXX_XX___XX_XXX___XX_X_____XXX___XXXXXX___XXX_XX__X__XXXXXX___XX_XX_X_XX_X__XXXX_XX_X_XX_XXX___XXX__XXX___XXXXX__XXXXXXX_
_XXXXXXX_XXXXXX_XX__XXXX_X_X_XXXXX___X__X_X__XXXXXXX_XXXX__X_X_X__X_X_XXX_XX__X_XX_X_XXXX_XXXXXXX_XX__X_XXXXXX__XXXXXX__X___X__XX_XXX_XXXX_XX_XXX____XX_XX_XXXXXX__XXXXX__XX_X_X_X_XXXXXXXX_X___XX__XXX_XXX_XX_XX_X___X__X_XXXX___XX_XX_XXXXXXXX___X_X__XXX__XX_X_______X__XX_XX___XX__XXXXXXXX_XXX__XX_X_XXXXXX__X__XXXX_X_X___X__XX__X_XX_XXX_XXXXXX_X_XXXX__X_X_X_XXXX____XXX_X__XX__XXX__X_X_X_XXXX_XXX_XX_X
X_XX_X_X____X_X___X__XX___X_X_XXXX_X__XX__XXXXXX___XXX_X__XX__X___XX___X_XX__X_X_XX__XXX_XX___X__XXX_XXXXX_XX_X_XXXX_XXXXX__XXXX_XX_X_X_X_X_XXXX__XX_X_XX__X_XXX__X_____XXXXXX__XX__X_XX_XXXXXXXX_XXXX_XX__X_X_XXX___XX__X__XXXX___XXXXX_XXXX__X__XX__XXXXXXXXXX_X__X___XX_XX_______X_XXXXXX_XXXX_X__X_XX__XX__X__XXXXX_X___XXX_XX___XX_X_X____XXX_X_XXX_X_XX_XXX_XXX__X_XX_____X_XXXXX__X_X_X__X____X_XXX__XXX_
XXX__XX_X_X_XX__XXXX__X__X____X___X__XX_X_X___X_XX_X_X_____XXXXXX__XXXXXX__XXXXXXX_XXX_XXX_XXX_X__XXX___XXXXXXX_XX_X_X_XXXXXXX___XXXX____X_X______XXX___XX_XX____X_XX___XX__XX_X__X___X___XXXX_X_XX_X__X_X_X_X_XXX_XX_X_XXXX_XXX_XXXXX_XXX_XXXXX_XXXXXXXXX_X_X__XX_XXXX_XX_X_XXXX_XX__XXXXX_XXX_X_X___XXX__XXXXXX__XXX__XXX_XX__X_X_XX___XX_XX_XX_X__XXX____XX___XX_X_XXX___XXX___XXX_X___X_XXXXXX______XXXXXXXX
_XX___X_X_XXXX__XXX__XXX_X_XXXXXXX_XX_XXXXXXXXXXX_XXX_XX__X___XX___XXX_XXXXXXXXXXXXX_XXXX_XX___X__X__X__X_XX_XXX___XXXX__XXX___XXXX_X_XX_XXXXX___X__XXX__XXXX_XX___X_XXXXXXX_X__XXXXXXXXXX__X_XXXXXXX_XXXXX_X_XX___XXXXXXXX_XX_XXX__XXXXX__XXXX_XX_XXX_X_XXX_XX_XXX__X_XX___XXXXX__X_X_X_XX_X_X__X__XX_X_X__X__X__X_XXXX_XX_X_XXX_X_XXX__XXXX_XXXXX____XXX__X__XXX_X__X_XXXXXXXXXXXXXXXX_XX_XXXXX_XXX___XXXXXX__
__XXXXX__XX_X_X_X_X_X_XX_XXXXXX_X____XXXXXXXXX_XX____X__XX_XXXXX__X_X_X_XXX___XXXX__X__X__XXX_XXXX_X_XX___XXX_X_XX___XX_XX__X_XX_XXX_XXX_XX__XXX__X_XXXXXXXX_X_X__XX__XX____X___XXX______X_XXXXX_XXXX_X_XX__XXXX_XXXXXXXXX________X_X_X______XX_____XXXX__XXXXXXXXX__XX_XX__X_XX___X_____XX_XXX_XXXXXX__X___XX_X_XXXXXXX_X___XXX_X__XXXXXXXXXX___X_XX_XXX_XXX_XX__XX_XX_____XX____X__XXX__X_XX_X_X_X_X____XXX_XX
XX__XX____XX_X_XX__X_X__XXXXX____XX__XXXXXX__X_XX__X__XXXX_X_XXX_X___X_XX__XX____X__XX___XX_XXXX_X_____XXX_XX__XX__XXX_XXX__X__XXX__X_XXX___XXXXX_X__XX_X___XXX__XXXXXXX__XXXXX__XX_XXXXXXX_X_____X_X_XXX_XXXXXXXXXXX__X_X_X__XXX___X_____X_XXXXXXX_X_X_XXX__X__X___XX_X_X_XX_XX_X_XX_X_XXX___X__XXX_XX_XX_X_____XX______XXXXX_X_XX_____XXXXXXXXX__X_X_X__XXX__XXXXXX_XX_XX_XXX_XX_X_X__X_XXXX__XX__X___X_XXXX__
XX__XXX____X_XX__XXXXXXX__X__X_X__XX__XXXXXXXXXX_XXXXXXXXXXXXXX_X_XX_XX_XXX_XX_X__XXXX__X____X__X___X_X_XXX_X_X_X_XX_XXX___X_X____XX__XXX_XX_XXXXX__X____XXXXXXXXXX_XX_XXX_X_XX_XXXXXX__X____X__X__X___XXX__XXX_XX___XXX_XXX____XXXXX_XXX_X_XXXXXX__XX_XXX_XXXX________XXXX_X__XXX__XX_XX_XX_XXX__X___XXXXX_X__XXXX_XXXXX__X_XXXXXXXX_XXX_XXXX___X____XXXXX_X__XXXXX_XXXX__XXXX____XX_X_XXXX___XX_XXXXXXXXXXX__X
_X___X__XXX_XX_X___XX__X_X_XXX__X___X_XXXXX_XXX_X__X_XXXXX_XX___XX_______XX_X____XXXX_XXX__XX___XXXXX_XXX_X__X_XXXXXXX__X__XX_X_X_X_XXX_XXXXX_XX_XX__X_X_____XX_XX_X___XX__XXXX___XX_____XXXXX__XXXX_X___X__X_X__X_____XX__X_XXXX_XX_X_X_XX__XX_X__XX_X_XXXXXX__XXX_XXXXXXXXX_X_XX_X_X_X_X__X__XXX_XXXX_X_XX_XXX____XXX__X_XXX_X___XXXXXXXXX__XXXX___X_XXX___XXXX_XXX_XXX___XX_XX_XXXX__XX_XXXX_XXX_X_X_XXXXX__X
__XXXXX_XX_X____XX_XX_XXXX__XXX_XX_____XXXX___X_X_XXXXXXXXX_XX____X_XXX_XXX_XXXXXXXXXXXXX_XX_XXXX_XXX_X__X_X_X__XXXXXXX_X_X_XXX_XXXXX__XXXXXXXXXX_XXX_XX__X__X_XX_X__X_X__XXXXXX_XXXXXX__X_X_XXX_XX__XX__X__XX_XX__XX_XXXX_X_XX_XX_X_X_X_XX_XX__X_X_X_XXXX__XXX_X_______XXX_X_XXXXXXXXX_XX_XXX_XXXXXXX_XX_X__XX_XXXX_XXXXX_X_X__XX_XXXXXX_________XXX_XXX_X_X_X___XXX_XXX_X___XX_XX_XX__XX_X____XXX_XXXXX_XXXX_X
XX___XXXXXXXXXXX___X__XXXX__X__XX__XXXX__X_XXXX__XXXX_XXXXXX_XXX__XXXXX_X_X_XXXX__XXXX_X___XX_XXXX_XX_X____XXXX_X___XXXXX_XXXXX__XXXXX_____X_X_XXXXX_XXXX_X_XX__XXX__XXX___XXX_XXXXX_XXXX_X__XXXX___XXXXX__XX___XXX____XX___XX_XX_XX_X_X_X__XXXXX_X_X_X_XXXX_XXXXX_XX____XX___XX__XX_XXX_XXXX__XXXXXX_XX__XXXXXXXXX_X_X_X_XX_X__X_XXX_XX_XXXXXXX__XXXXX_XXXXXXXX__X_XXXX_X__X_X_XX_X_X__XXXX_XXXX_XXXXXXX_X__X__
XXX_XX_XX_XX_X___XX__X__XXX_XXX_XXXX_XXXXX__XX_XXXXX_X_XXXXXX_XX_X__X_XXX__X___X_XXX_X_XXXX_X__X___X_XX___X__XXXXXX_XXXX____X_XX__X___XXXXX__XXXXXX_X_X_XX_XXX_X_X___X_X_X_X_XX_XXX_X_X_XXXXX_XX__XX__XX_XX__XXXXX_XX__X_XX_X_X__X_X_X__X_X_XXXXX_XX_XX_X_XXXXXX___XXXX_X_X_XXXX__XXX__X__X___XXX_X_XXXXXX_X_XXXXX_XXXX_X_XX_XXX_XXXXXXX__XX_XXXXX_XXXXX___X___XXXX__XX___X____X_XXXX__XXX_XXX__XX_XXXX_X_XXXXX_
XXXX__XXXXXXXXXXXX_XXX_XXX__X__X__X_XXXXX__XXXXXXXXXXX__XXXXXX_XXXXXX__XXX_XXXXX__X_X_XX__XX_X_XXXX__XX_XX_XXXXXXX__X_XXX__XX_XXXXX_XX__XXX_XX___X____XXX_X__X__XX_XXXXX_XX_XX__XXXX___XXXX_XX_XX_X_XXX_X__X_XXXXXX_X_XXX_XXX_XX_XX_XX_XXX__XXXX_XXX_X_XXX_XXX__XXXX_XXXX_XX_X____X_XXXXXX_XX_X______XXXXXXXXX_X_XXX__XXXXXX_XX_X__X_XXXXXX_XXXXXXXX__XX___X_X__X_XXXXXXXXX__X__X_X__X__X_XXX___X_X_XX_________X
_X__X_XX_XX_XX__XX__XX__XX_XX_XXXXXX___X_X__X_X_X___XX__XX_XXX__XXXXXXX_XXXX___XXXXX__XX_X___X_XX_X__XXX_XX_X_X_XXX_____X__X__XX___XX_XXXXX_X_XXXX__XX_X___X_XXXXXXX__X_____XXXXX_X_X_XX__X_X__XX_XX_XX_XXX__XXXXX____X__X___XX_____XX___XXX_X____X_XX___X_XXXX_XXXX___XXXX__X_X_XXXXXX_XX__XX_X__XXX_XXXXX__XXXX___X__XXXXX_X___X_XXXXXXX_XX_X___XXXX_XXXXX___XXX_XX_X_X__XX__XXXXXXXX_X_X_XX_X_X_X_X_X__X_XXX_
X__XXXX_XX__XX___X__XXX_XX___XX__X_XX___XX__X_XXXX_XX__X__X_XXXXX_X_X__XX___XXXX_XX_XXXXX__XXXXXX_XXX__XXXXX_X___XXX___XXX_X_XXXXXXXX____XXX_X_____X___X_X__XXXXX_X_X_X_X_XXXXX_XXXXXX__XX____XXX_X_X_X_XXXXX_XXXX__X__XXX_X_X_X_X_X_XXX___X_X_XX_XX_X_XXX__X_XXXXX__X___X__XXXXXX____XX__X_X__XXX_XXXXXXXXX_X____XXXX____XXX_X_X_X_XXX__XX_XX__X______XX__XXXX_X__X_XXXXXXXXX_XXX_X_X_X___XXXXXXXX_X__XXX__XX_X
XXXXX__X_X__XXX_XX_X___XXXXX_XXXX__XXXXX_XX__XXXXX___X_XXXXXXXXX_XX_X_XX_X___XX_XX__XX_XXXX__XXX_XX_XX_XX____X_XXXX__X_XXX___XX_XXX___X__X_XXX_XX__XXXX_XX__X_____X__X__XXX___X__X__X____X___XXXXXXX__XXX_X__XXXXX_X_X____X_X_X_XX_XXX_XXXX_X_XXXXXXX_XX_X_X___X_X___XXX_XX_____X__X_____X_X_XX__X_X_XXXXX__X____X_XXX_XXXXXX__XX_XX_X_X_XX_XXX_XXX_XX_X_X_XXXX_X_X__X__XX_XXXX_____XXX__XX_X_X_____X__XX_XX_XX_
X_X__XX_X_X____XXXXX_XX__X______X_XXX_X_XX_XX___XX__XX_XX_XXX_XXXXX__XXXXX_XXXXX___X_____X_XXX_XX__XXXXX__XX__X__XX__X_X_X_XXXXXXX_X_X___X_X__XX_XXX_X_XXX____XXX_X_XXX_XXXX___XX_XX__X_XXXXXXXXX_X__X___XXX_XXXXX_XX___XX_XXXXX__XXX__XXXX_XX_X___X__X_X_X__XXX_XX_XX___XX_XXX_X___X__XXXXXXX____XXXXX_X___X_X__XXXXXX_X_XX__XXXXXX_XX_XX_XXXX_X__XX____XXXX_X_XXXXXXXXXXX__XX_XXXXX_X__XXX_XXX_XX__XX_XXX_X_XX
XXXXX___XXX_X_XXX____XXXXXX__XXX_XXXXX_X_X__XXXXXXX_X_XXX_X_X_X_X_X_XXXXXXX_XXX____XX_XXX__XX_XX_XXX_XXXXXXXXX__X_X_XX___X___XXXX____XXXXXXXXXX_XX_X__XX__X__XXXXXXX_X_X_X_XXXXXX_XXX___XXX_X_____XXX_X__X_X__XX__XXX___XX_X_XXXXX_XXXXXXX_X__X_X___X_X_X___XXXX__X_XX_XXXXXXXX_XX__X_XXX____X___XXX___XXX__XXXX_X_X__XXX_X__X_X__XX_X__X_XXXXX_X__XX__XX___X__XX_XXX_X__XXX_XXX_XXXX_XXX___XXXXXXX_XXX__XX_XXXX
XXX_XXXXXXX_XXXXX_XX_XX_XXXX__X_X_X_XXX_X_XX_X__X___XX__XX__XX_XX_XXXXX__XXXXX_XX_X_____XX_XXX_XX_XXXXXX_X_XX____XX___X__X__X_XX_X_XXX___XX_X_XXXX_XX__XX__XX_X_XXX__XX__XXXXXXXXXXXX_XXX__XXXX_XXXX__X_XXX_X_XXXX_XXX___XXXX_____XXX___XXX_XX__XX__XXXXX________XX___XX_X_XX_XXX_XXXX_XX_XX__XX_XXX_XX___XXXXXXX_XXXXX__XX__X__XXXX_X____XXXXX_X_XXXX__XXXXX_XXX__X___XXXX__XXX__X_XXXX___XX_X_XXX_X__XXXX_X__X
_XX_XXXXXX_XXXXXXXXXXX__XX_X__XX__XXX_XXX_XXXX_XXXXX_XXX__X_X_XXXX__X__XXXXX_XX_XXX_XX______XX______XXX_X_XXXXX_X__XX__X_XXX_X__X_XXXXXX_XX_XXX_XX_X_X____X__XX__XXX_XXXX_XX_XXX_XX_XXXXXXXX__X_X____XXXXX__XXXXX_XXXXXX___XX_XX__XXXXX_X__XX_X__XX_XXX__XX____X_XXX_XX__XX_XX_X___XXXX__XX_X_XX__X_XXXX_XXXXX_XXX_XX_XXX____X___XX__XXX__XXXX_XXXX_X__XXXXX__XXXXXXX__X_X_XXXXXX_XX_X_X__X____XXXXX___X_X_X_XX_
XXXXXX_X__X_X_XX__XX_XXX_XX_XXXXXXX_XXX_XXX_XXXX_X_X_X___XXXXXXXXXXX__X_XX__XX_____XX__X___XXX_X_____X_X__X_X_XX___X__XXXXXXX__XXX_X___X__XX_XXXXXX__X_XXXX__XX_XX_XXX_X_X_XX_X_X_XX__XXXXX_X_XXX_XX_X__X____XXXXXXXX_X___XX__XXX_X__XXXX_XX_XX__XXX_X__X__X_X_XXXXXXX_XXX_XX__XXXXX_XXXXXX___XXXXX__XXX__XX__XXX__X_XXXXXXXXXX__X_XXXXXXX_X___XXXX__XXXXX_X_XXXXXXXXXX_____XXXXX_XX_XX__X_XXX_X___X__XXXXXXX_XX
XX__XX_XXX___XX__XXXX__X___X__X_X_X_X_XXXX_XXXX__X_X_XXX_X_XXXX___XX_XXX____XXX_X__XX__XX_XXX_X_XX_XXX______XXXXX_XXXXX_XXXXXXXXX__X_XXX_X__XXXXX_X____X_XXXX_XXX___XXXXXXX_XXXX__XXXXXXXXXX__XXX________XXX___XXXXXX__X__X_XXXX___X_XXX___XXXX_X_X__XXXX_X_XXXXX_X_XXXX_X____X___X_XXXXX___X___X___XXX_XXXX__XXXX_X_XXX__X_X__XXX_XXXXXXXXXXXX__X_X__XXXX_XX_XX____X_XX_X__XXXX__X__X_X__XXXXXXX__X_XX__X_XXX_X
XXXXXX_XX_X____X_XXX__XXXXX_XXXXX_XXXXXXXXX_X__X_X_XXXX_X_XXX_X_X__X_XXXX___XX__XXX_X_X___X__X___XXX_XXXXXXXXX_XX___XX___X_X_X_XX_XX_XX___XXXXXXX__XX___XX_X_X___XXXX__XXXXX____X_XXXX__X__X_XXXXXXXX___X_X_XXXX_XXXX_XXXXXXXXXX__XXX_XXX_X_X__X_X_XXX_XXXX_XXXX_____XXX_XXXXXX__XXX__XXXX_XXXXX__XXXX_X_XXXXX_XXXXXX__XXXXXXX_X__X_XXXX_X_X___XXXXXXX_X__X_X____XX__XX_____X_XXX__XXX_X_XX_XX__XX___XXX_XXX__X_
X_XXX_X__XXXX_X_XXXXX_X___XXX_XX__X_X_X_XXXX_XXXX__X__X__XXXXXX_XXXXXXXXX_X__XXXXXXX_XXXX_XXXX__XX_X_X__________XX__X__XXXX_XX_XXX__X___XXXX_X_X_X_XXX_XX__XX_XXX__X_XXX_X_X__XXXXX_XX_X_XX_X__XXXXXX__XX_X_X____X_X_X__XX_XX____XXXX___X_XXXX____X__X___XXX__X_XXXXXXXX_XX_XX_XX__XX__X_X_XX_XXXXXXXXX_X_X___XXX_XX__X_______X_XXX_X_XXXXX_X_XX_XX_XXXXXX_X_X__X_X____X__XXX_XXXX_XX____XX_XX_____XX_XX_X__XXX_
XXXX___XX_XX__XXXXXXXXX_XX__XX__XXXX_X_XXXX_XXX_XXXX__XX___X__XX_X_XXXXXX_____XX_XX_XXX___X_X_X_X___XX_XX_XX_XXX_X_X_XXX_X_XX___XXX_X_XX_XXXX___XX__XXX_XX__X_XXX_X___XXXX__XXXX___X_X__X_XXXXXX_XXX__XXXXX_XX_X__XX__XX_____X__X_X_XXX_X_X____XX__X__X_XXX_XX_XXXXXXXXX__X_____XXXX_X_XX_X__XXXXX___XX_____XXXXX_X__XX_XX_X_XX______XX_____XX_X_XX_XXX_XX__XXXXX____XXXX_X__XX___XXXX__X___XXX__X___X_XXX_XXXXX
X_X_XXXXXXXXX__XXXXXX___XXX___XX___XXXX__X__X___XXX_X_XX_XXXX_XXXX____XX_XX_XXX__XX_XX___X_XX_XXXXX_X__X___XXX_X__XX_XX_XXXXXXX_X_XXX_XX_XXX_XX___X_X_X_XX_XXX_XXX___XXX_XX_XXX_XX_XX___XXX_XXX_XXXXX____X_X_X_XX__XX__X__X__X_X____XXX___X_X_XXXXX___X_X_XXX_XX_XXXXX_XX_XX___X_X__X_X__X__XXXX__X__X_XXXX__XXX__XX_X__XXX_XXXX_X_XX__X_X__XX_XX___XX_XXXXX__XXX___X___X__X_XX_XXXX___XX_XX___XXXXXX_X_XX_XX_X_
XXXX__XX_XXX_XXX_X_XXX__XX___X_XX___XXXXX__XXXXXXXXXX__XXX__XXXX___X__XXXX___X_X_XXXXXX_XXXXX__XXXXX_XX_XXXXX_XXXXXX__XX_XX__X_X____X_X__XX_X_XXXX_XXXXX_XXX__X_XX___XXXXXX_XXXXXXX__XXXX_XX__XXXXXXXXXX_X_X_XX_X_X_X_XXXXX_X_X___XXXXX_X__XXX__X_XX____X_XX__XXXXX_XX_X_XXX_XXXXX_XX_X_XXXX__XXX__XX___X_XXXX_XX_X___XXX__X__X__X___XXXX_X______XX____X_X_X_X_X___X_X_XX___XXXXXX_XXX_____X____XXXX_X____X__XX_
_X_X_X__XXX_X_XX_X_X_XXX___XXXXX__XX__XXXX_X__XXXXX_____XXX_XXXX_XX_______X_XX_XXXXXX_XXXX_XXXXXXXX__XXXX__X_X__XX_XXXX__XX_XXXXX_X___XX_XXX_X_X_X_XX_X_XX__XX__X____X_XXXXXX_XXX_X_X___X_XX___X____XX_XXXXXXX_XX_XXX_XX___X___XXXX_X__XX_XXX_XXXX__X__XX____X_X_XXX_X__X_XX_XXX_XX___XXXXXXXXXXX___X__XXX__XX_XXX____XXXX_XX__XX__X_XX_XXX___XXXX___XXXX____XX__X_X____XX__XXXX_XX__X___XXXXXXXXXX__XXXXX__X_X_
XXX__X_XX___XX___XXX_XX_X___XX_X_XXX_X_X_X_XXXX__XX_XXXX__XXX_XX_XXXX__XXXX_X___XXX__XX_X_____XXXXX_XXXXXXXXX_XX_X____XXXXXXX_XXX__X_X_XXXX_XXXXX_XXXX_XXXX_X_X___X_XXX_______XXXX__X_X_XXXXX__XXXXX_XXX_XXX__XXXXXX__X___XX_XXXXXXXXX__XXXX_XX___XX___XXXXXX__XX_XX__XX__X_XX_X_X_XXX__X_X___X_XXXX_XXXXX__X_XX_X_X_X_XXXX_XXXXX__X_XXX__X_XX____XXXX___X_XXXXXX_XXX_X_XXXXXX__X_X_XXXX_XX_X_XXXXX_X__X_XXXX_XX
___XX_XXX_XXX_X__X__XXXXX_XXXXXX__X__XX_XXX_X_XXX_XX_XXXXX__XXXXX__X_____XX_XX___X_X_XX_X____X__X_X_XX_X_X__XX_XX__X_XXX_X_X_XX_XX__XX_XX_X___X_X__X___XX_XX___X______XXXX_XXX_XXX__XXXX__XXXX__XXX_X_X___X__X_XX_X_____X_XXXXX___XX__X_XX__X_XX___XXX_X___XX___X_______XXXXXX_X__X__XXXX__XXXXX_X_X_X_XX__XXX_XXXXXXXXXXX__XXXX_X___XXXXXX__XX_XXX___X_XXXX_XX_X_X____XX_XX_XXXXX_XXX_X__XX_X_X_XXXX_XX_XXXXXXX
X_X_XX_____XXXX__XX_X__XXXXXXXXXX__XXXX_X_XXXXX_X_XXXXXXX_XXX_XX__XX__XXXX_XX__X___XXXXX_XXX_X_XX___X____XXX__X__XXX_XXXXXXXXX_XX__XX_X_XX_X_XX_X_XXXXXX_XXXXXXX_X__XXX_X_X__XXX___XXX__X_XXX_XX_XXXX___XXXXXXXX_XXX____XXX______XX__XX___XXX__X___X_XXXX_X__X_XXX_X___XX__X____X_XXXXX___XXXXXXX_X_X_XX_XXX_XXXXX____XXXX__XX__XXXXXXX_XXX_X_XXXX__XX__XXXXX_XXXXXXX__X_XX_XXX_X___XXXXX_XXXXX_____XXX__X__X_XX
X_X_X___X_XX_XXX_X_X___XXX__X_XX_XXX_X_XX_XXXXXXX_X__XXXXXX_X_XX_XXX__XX_XXXXXXXXXXXXXXX__XX___X__X_______XX__X_XXXX__X___XXXX_X_XXXX___X_XXX_X__X_X__XX__X_XX____X__X___X_XX__XXXXXX_X_____X__XXXXXXXX___X_XX__XX__XXXXXX___XXX_XXX___X_____X_XXX__XX__X_XXX_XX_X_XXX__XXXXXX_X_____XXXXX__XX_XXX_XX_XXX__XX_X__XXX_X___XX_XX_X_XX_X_X__X___XXX___X___XXX_XX_XXX___XX_XX_X__XX___XXXX____XX_XX___XXXXXXXXXX_XX_
X_X_X___X_XX_XXXXXXXX_XXX_X_XXXX__XX__X_XXXXXXX___XXXX__XXXX_XX__XXX__XXXX_X__XXXXX___XXX_XXX_X_____X_XX_X__X_XXXXX__X_XXX_XXX__X__XXX_X___XXXX_XXXXX_XX_____XXXXX_XX____XX__XX_X__XX_XX__XX_XXXXX_XXX__XXXX__XX____XXXXX_X_X_XXXXXXX__X_XX_X__X_XXX__XXX_X__X_XXXX_X_XXX_X_XXX_X_XX_XXXXXXX_XX_XX_XX_XXXXXXX__XXX_XXXXX__X_X__X_X_X_X__XXXXX_X_XXXX_____XXXX_XXX__X__XXX_X___X_XX_XXXXXX_X_X_XX____XX__XXXX_X__
X_X_XX__XX_XX__XXX_XXXXXXXXXX_XX_X_XXXXXX__X___XXXXX__X___X__X__XXXXXXXXX_XXXX_XX__X__XXX_XX_XX_XXXXX_XX_XXXX__XXXXXX_X_XX__XXXX_X_XXX_XXXXXXX_XXX_X_XX___X_XX__XXX_X_X_X__X_XXXX______XX_X____XX_XXXX_XXXXXXXXX_XX____X_XX_XXXX_X_XX_X_XXXX__XXX___XX_XX_XXXXX____XX_X_XXXXX___XXX_XX_X_X_X__X__X_XXX_X_XX__XX_XXXX__X_XXXX_XXXXXXXX___X____XX__X___XXXXXXXXXX_XXX_X_X__X__X__XXXXXXXXXXX_XX_XXXXXXX_X_XX_X____
X_X__XX_XX____XXXXX_XX_XXXX_XXXXXXXX_XXXXX__XX_XXXXX__XXXX_X_X__XX___XX_XXXXXXX_XXXXXX__XX_X_X___X_XXX_X__X_X_XXX_XXXXX_XX__XXX__XX___XXXXX__XXXXX_XX__XX__XXX_XXXXXXXX_X_XX_XX_XX___XX_____XXXXXXXX_X____X__XX_XXX_X__X__X_____XX_XXXX_XXXXX_XX_X_X_XXXXX_X_XXX__XX_X__X_X__XXXX_XX____XXX__XX_X_XX_X_XXX____X_____XXXXXXXXXX____XX_XXXX___X_X_X_XXX_X_X__X_X_XXXXXXXXXX__X_X_XX__X_X_____XX__XXXX___XXXX_XXXXX
X_X_XXXXXXX_X__X_XXXX_X_X__XX_X_X___XX___XX__XXXXXX_X_____XX_XXX_X__XXXXXXXX______X__XXXX_X__XXX_XXXXX_XXX_XX_XX_XX_XXXXX__X__X__X__XX_X_X_XXXX_X_XXXXXXXXXX_X__XXXXX_XXXX__XXX_XX_XXX_XXX__XXXXXXX_X__XX_XXXXX__XX____XXX__XXXX__X___XXXXX__X__XX__X_XXX__XX_X_X_XX__X___XXX_X___XXXX_X__X_X_XX_XXXXXXX_XX_XXXXX_XX_XXXX_X___XXXXX__X_XXXXX_X__X_XXXX____X_XX____XXXXX_X_XX_XX_X_X_XX_X__XXX_XXXXXX_XX_X__XXX_X
XXX__X___XX_X_XXXX_X__XXX_XXX_X__X_X_X__XXXXX_XX__XX_X_X_______X_XXX__X__X__XXX_XXX______XXXX__XX___XXXXXXXXXX__XX___XXX_XX__XXX_XX__XX_XX_X_XXXX_X__XXXXX_XXXXXXXXXXX_XXXXXXX__XX_X_XXXXX_XXXX_X_XXXXXX_XXXXX_XXX_X___X__XX_X___XX__X__XX____X__XX_XX_X_XXXXX_XX_XXXX_X__XX__X_____X_XX_X_XXX_X__X_X_X_X_X___XXXXX_XX__XXXX____X__XX____XXX__X__X_XXX_X_XXX___XXX__XXXXX_X__XXXX__X__XX_XX_X__X_XXX_XXXXXX_X__X
XXXX_XX_XX_X____X_XX_X____XX__X___X__X_____XXXXXXX_XX__XXXXXX_XX_XXXXXXX_X_XX_XXXX_______X___XXXXX__XXXXXXXX_XXXXX_X_XXX_XXXX_XXXX_XXX_XXXX__X_____X_X_X_XX_XXXXX__X_XX_X_XX_XX_XXXX___X_XX____X_XX_XXXX__XXX_X_XXX_XXXXXX_XXXX__XX_XXXXXXXX___XX_XX_XXXX_X__XX_XXX_X_X_X___XXX______X_XXXX_XX_XXXX_X__XX_XXXXX_XXX__X_X_XXX_XXX_X_X__X_XXX_XXXX_XX_XX_X_XX_XX_X_XXXX__XXX___XXX____XX__XXXXXXX__XX___X_XXXX_XX_
_XXX___X_XXX_X___XX___XX_XXX_XX_X_X_XXXXX_X_X_XXX_XXX___X______XXX__X__XX_____XX_XXXXXXX_X_XX____XXXXXXXXXXX_XXXXX_X__X_XXXXX___XX_X__X_X_X_X_____X_X___XX_X_____X_____XX__XX_XX_XXXXXXXXXXX_X_XXXXXXX_X__X__XXX__X__XX_X_XXXX_XX__XXX_XXXXXXXXX___X__XX__XXXX__X_XX_XXXXXXX___X_X_XXXX__XX_XX_X_X__X____XX_X_X_XX_XX_X__XXX_X_X___XXX__X__XXX___X_XX_XXX_XXX__X___X_X_XX_X_X__XX___X___XX_XX___XX_X_____X_X_XXX
XXX_X_XXX_X__XX____XXXX___X_X__XX__X_X_XX_XX_XX_XX__XX__X____XX_XXXXXXXXX__X_X_XX__X__X__XXX_X_XXXX___XXXXX__XXXXXXXX_X_X_X_XX_X_XXXXXXXX__X_X_XXXXX_X_XX__XXX____X__XX_X_X___XXX_X___XX_X_XX___X___XXX__X_XX__XX__X_X_X___XXXXXXX_X_X__XXXX_X__XXX__XX_XXXXXXX_X_X_X__X___XX___XX_XX_XXX_X_XX_XX___XXXXXXXX_XXXXXXX_XXXX__XX_X___X__XX_XXXXX_XX__XXX__X__X_XX_XX_XX_XXX_XXXX_X_X___X_XX_X__XXX_X_X_____XXX_____
_XXXX_X__X_X__XXXX__XX__XXX__XX_XX_X_XX_XXXXX___XXX_XXXX__X_XXXXXXXX___XXXX__XXXX__XX___X_X_X_X___XX_X_XX__X__X__X__XXX_XX__XXX_XXX_XXXXXX__X__X_XX_XX_XXXXX__XX______XX_XXX__XXXXXX_XX_____XX_XXX__X_XXXXX_X_XXX_XXXXX_XX___X_XX______XX__X___X___XXXXXXXXXX_X_X______X__XXXXXXX____X_XX____X___XXXXX__XXXXX_X_XX___XX_X_X_XXX_XXX_XX__XXXXXXXXXXXXX_X_XX__X_X__XXXXX__X_XX_X__XXX_XXXX_XXX___X_X_X___XX_XXXXXX
XXXX_XX_XX_XXX__XXXXX_XX__X_X_____XXXXXXXX_X_X_X_XXX___XXXX_XXX__X__XXXX___XXX_XXXXX_X_XXX_X_X_XX_X___X_X__XXXXXX_X___X_X_XX_XXXX_XXX_XX_XXX__XX_XX__XX_XXX_XXX_XXX_X_XXX__XXXXXX_X___XXX__X____X_X_XXX__XXXX_X__XXX_X_X__XX_XXXXX_X__X_X__X_XXXXXXX_XX_XX__XXXXX_X___XX_X_X_XX_____X_XXX_XX__XX_X__X__XXXXX_X_XXXX_X__XXX_X_XXXX_XXXX__X_XX__X_XXXX____XXXX_XX__X___X_X___XXXXXXX_____XX___X_XX_X_XXX____X__X__
X_X_XXXX_XX___X__XXXX_XX_XXX__XX_XXX_XXXXXXXX_XXX__XXXXX__X__XXX__X_X___XX_X_XXXXXX__XX_XX_XXXXXX_X_XXX_XX_X_X_XXX_X_X_XXXXXX_XXXXXX__XX________XXXXXX_X__XX_XXX_XX_XXX__X_XXXXXX___XXX_XX_X_X_XX_X_XXXXXXX___XXX___XXXXXXXX__XXX_XXXX__X__XXXX_XXX_XXXX_X_X___XX_XX____X_X_XXX_X_X__X_X_XXX_XXX__XXXX_X_______XX_X_X_XX_XX__X___XXXXXXXXXX_XX__XXXXXX___XXX_XXXXX__X_X__XXX_XXXX_XX_XX_XX_XXX_XXX_XXX_X__X_XX_X
X_XXX__X_XXXXXXXXX_XX_X_XX_XXX__X_X_XXXXXX____XXXXX_XXX__XX__X_X_X_X__X___X__XX_X_X_X_X___X_X_XXX_XXXXX__XXX_X_X___XXX___X_XXX__X_XXX_X_XXX_XXX_XXXX___X___X__XX___XX_XXXXX_XX_XXX__XX_XXXX_XX_XX_XX__XXXXX_XXXXXXXX_XX__XXX_XX_XXX__X__XX_XXX__X_XXXXXXXXXX_XXXX__XXXX__X_XXXXX__XXXXXXX_X__X___XX_XXX_XX_XXX___X_X_X_X_XXXXXX__XX__XXXXX_X_XXX_XXX__X__XX_X_X__XX_XXXX_XXXX__XX_X_XXX__XXX_____XXXXXXX__XXX_XX
X__XX__XX__X_X_XXXXX_XXXX_X_X___X__XX___XXX____X_X_XX_X_XXX_XX_X__XXX__X_XX_X_X____X_XXXX__XX_X_X_XX_X_X___XXX_XX__X__XX_X_XX_X__X_XXX____X_XXX_XXX____X_XXX_X_X___X__XXXX_X_X__X_X_XX_XX_X_X_XXXXX_X_XXX__XX_XX_XX_XXX_____XXXXX_XXXX_X_XXXX_______X_XXX_XX__XX___X__XXX_XX____X__XXXXXXX__XXXXXX_XX_XX___XXX_XXX__X_XX_X_X_X_XX_X____X__X__XXXXXXXX_X____X_XX__X____X_XX_XXX_X_XXXXX_XXXXX_XXX_XXXX_XXX_X_X_X_
XXXXX__X___X_XX_X___X__XXXX______XX_X_XXX____XXXXX_X_XX____XX_X_XXX_XXXXX_XXXXXX_X_XX_XXX__X__XXXXX_X__XX____XXXX_XXXX_XX__XX__X_XX____X_X___X_X_X____X__X__XXX__X_XXXXXXXX_X_X_XXX_X___X_XXX____XXXXX_XX_XXXX___X___X_XX_X__X_XXXX_____X__X_XX_XX_X___XXXX__X__X_X___X__XX_XXXX_XXX_XX_XXX_XX__X__X__XX_XXX_X_XXX_XX_X_X___XX__XX_X_X_XXXXX_XX__XXX_____XXX_XX__XXXXXXXXX_XXX_XXX___XX_X__XX___XXX___XXX__XX__X
_XX_XXX__X__X_XX__XXXX____XX___X_X_XXX_XXXX__X_XXXXXX_XXXXXXXXXX________X_XX_XXXX__X__XXXX__XX___XX_X_X__X______X_X_XX__X_XXX_XX_X__X_XXX__X__X_XX_XX_X_XXX__X__XXXXX__X_X_XX_XX_XX__X_XX_XXXX_X____X__X_XX__XX__X__XX___X____X__X__X__XX_X_X__XXXXXX_X__X_X___X_X_X____XX_XXXXXXXX___XX___XX____XXXX_XXX_XXXXXXX_XX_XXX__XX_X_XXX_XXXXXX_________XX_XXXX__XXX_XXXXXXX_XXX_XXXX_X_XXXX_X_X_XX__X_X_X_XX_X_X_XX_X
XXXXXXXXXX_XXXXXX____X__XXXXXX__X_XXXXXX___XX_XXX_XXX_XXX_XXXXXX_X_XX_X__XX_XX_X__X___XXXX_XXXX_XX_XXXXXXXX__XXXXX_XXXXXX_X_X_XX___X_XX_XXX_X_X__XX__XXXX_XX_XX_XX_X____XXXXX_XX_X_XX__X_X___XXXX____X_X_XX_X_XXX____XXX__XX_XXXXX_XXXXX_XXXX_XXXXXX_X__XXX__XXX__XX____X_X__X_XX_X_X_X___XXXXX__XX_X___XXX_XXXX_X__XXXXX_XXXX_XXX_X_XXXX_X_XXXX_XXXXXXXX___XXXXXX_X__XX_X_XXXX__XX__XXXX_X__X__XXX___X___X_X_XX
XXXXXXXXX_X__XX__X_XX_X_X_XX__XXXX_____XXXX__XXXXX__XXXX____XX_XXXXXX___XX____XXXX__XXX_X__XXXXXXXXX____X_X_XXX__XX_XX__XXXX_X_XXXXXXX_XX_X_XX_XX_XXXX_XX__X__X___X_XXXXX_X__X_X_X_X_X__XXX__XXXXX___XX__XXXX__XX_X_XXXXXX__XXXXX___X____X__X_XX__X___XXXXX_XX_X_XX_X__X_XX__X_X_X_X__X__X__XX_XXXX____XXXXXX__XX__XXXXXXX_XXXXX_XXXX_XXXXXX___XXXXXXXX_X____XXX_XXX____XX__XXXXX_X_X_X__XX_XX__X_XX__XX_X__X__X
_X_XX__XX_XX___XXXX_X_X_XXXXX_XXXXXXX___XXXXXXX_X_XXXXX_X_XX_XXXX_XX__XX_XX_X_X__X_XX__XXX_XXX_XX___X__X__XXX_XX_XX_XXX__X_XXXX_XXX_XXXXXXX_X_X_XXXXXX_X___XX_XX_XX_XX__X_X__XX__XX___XX___X__XXXXX_XX__XXXXX__XX_X_X_XXXX_XX__XXX_XXXXX_X_XXX_XXXX_X_XXX______X__X_X___X_XXXXXX__X_XX__X_X___XXXX_XXX_XX__XXX__XXXX__X__XX__XX_X_X_X_XX_X_XX_X__XX______XX__XX__XX____XX_X_X___XX_XX_XX___XXX_X_XX__X_XXXX_X___
__XXXX___XX__XXX_X__X__X_XXXXXXX___XXX_XXXXXXXXX__XXX__X_XX___XXX_XX_X_X__XXXX_X_X_X__X_XXXXXXXXXXXX__X__XX_XXXX_X_X____XXXXXXXX_X__XX_X__XXXXXX__XX_XX___X__XXXX_XX__XXX__XXX_X_XXXX__XX_X_XX___XXXXXX__X__XXXXXXX_X_X_X__XXX___XXX_X_X_XXX_X_XXX____X_XXXXXXX_X_XX__X_XXXX_X__XX_XXX__XXXX_X_X_X__X_XX__X__XX_XX_____X_XXX_XXXXXXXXXX_XX_X_XX_XXXXX__X_XX_X_X_X__XXX_X_XXX_XX_XXXX_XX__X_X_X_X____XX_____XXXX_
XXXX__XX_XX_X_X_XXX_X_XXXX_XXX_XX_XX_X_XXX_X__X_XX_X__XXXXX__XXX__XXXXX_XX_XXX_X_XX_X___XXXX_XXXX__XX___XXX_XX_XXX_X___XXX_XXXXXX_X_X_X_XX_XXX_X_XX_X_X__XX_________XXXX_XX_XXX_X_XX_XX___X___XXX_XXXXXX__X_XX__X__XXXXXXX_XXXXXX_X_XX_XXX_XX_XX____X___XXXXXXX__X__XX_X_XXXXX_XXXX__XX__XXX____X__XX_____XXX__X__XXXXXX__XX_XXXX_X_XXXX_X______XX_XX_XXXX_XXX_XXXX_____XXX_X_XXXX_X_XX_XX_XXX_XXXXXX__XXXX___XX
X_X_XXX__X_XXX__XXX___XX_XXX_X__X_XXX__XXX_X_XXXXX__X__XXXX_XXX__X_X_X__X_X__XXX_X__X_XXX_X__XX___X__XXXXX_XX_X_XX___XX_XXX___XX__X_XX_X_XXXXX__X__X__XX_XXX___X_XXXXX_X_XX_X_XX__XX__X_XXXX_XX__XX___X_X_XX_XXXX_XX__XX__XXXX_XXX_XXX___XXXXX_X_XXX_____XX_X_X__XX__XXX_XX_XXX_X_XX_XX_XXX__X__XX__XXXXXX_X_X___XXX___XX_XXX_XXX_XX_XXXXX_X_X_XXXXXXX__XXX__XX___X___XXXXXXX__X_XXXX_XXXX__XXX__X__X__XX_XXXX_X
X__XXX_XXXX_XX__XX_XXX___XXX_XX__XX_XXX____XX_XXX_XX____X_XXXXXXX_XX_X_XX_X__XXXX_X_XX__X_______X_XXXX_X_XXXXXX_X_XXX_XXXXXXX____XXXXXX_XX__XXXXX_XX_XXXX__XX_XXXX____XXX__X__X_XX_XXXX__XX__XXX_XXXX___XX_X_XX_X_X_XX_XXXX_X_X__XXXXX_XXXX_XX__XX_X__X__XX_X_XX___XXXX___XXXX_X_XXXXX___XXX_X_X_XX___XX_XXX_XXXXX_X_XXX_XXXXX____XXXXXX_X_XXXXXX_XX___X_X_XXXXXXX_XXXX____XXXX__X_XXX_X_XX__XXXXXXXXX_XX_X__X__
_X_XX_____X_XXX_X___XX_XX_X__X_XXX_X__XXX___XXX__XX___X__XXX_X_XX_X_X_X__X__X_XXX_____XX_XXX__X_XXX__XXX__X_XX__XX___XXX__XXXXXXXXXXXX_XXXX_X__XX_XX____XXX_XXX_XX_XXX__XX_XXX_X_XXXXXX__X__X_X_XXX__XX_XXX___XX_X__X____X_XX_X_XX__X_X_X__XXXXXXXX__XX____X_X_XXX_X____XX__X_XXXXXXXX_X_X_X__XX_XX_XXXXX_X_X_X__X__XXXX_X____X___X_XX_X__XXXXXX_XXX__X_XXXXXX__XX__XX_X_XXX_X__XXXXX_XXX_XXX__X_XXXXX_X__XXX_XX
_X__X___XX_XXXXX____XXX_X___X_XX__XXXX__XX____XX_XXXXX_X_XX__X_XX__XXXXX__XX_X__X_X__XX___X_XXX_XX____X__XXXX____X_XXX_X__X___XXXX_X_X_X_XX____XXXXX_XX___XX___XXX___X_X__X_X_XX__XX__XX_____XX____XXXXX_X____XXXX__XX__X__X_XX__X___XXX_XXX__XXXXXXX_XX_XXXX__XXX_X_XXXXX__XX_X_XXX__X__X_XX_XXXXX_XX__XXXXXXXXXXXX__XXX_XX______X_XXXX__X____XX_XX_X__XXX_XXX_X_X_XXX____XXX_X_XXXXXXXX_XX_X__XXXX_X_XXX_X_XX_
XX___XXXXXXX__XXXX_XX_X_____X__XXX__X_XXXXXXX_XXXXX__XXX_X__XXXXXX_XX_XX_XX__XXXXX__XX_X_XXXXX___XX_XXXXXXX_XX___X_XXXX_XXX_X__X_____XX___X_X_X_XXXX_XXX_XX__XX__X_X____XXXX_X_XXX_XX_XX_XXX_X___XXXX__XXX__XX_X_XX_XXXX_XXXX__X_X__XXX_X___X__X_XXXX_XX__XX__XXX_XX__XX_X___XXXX_X__XX___XX__X___XXXXXXXX___XX__X__XXXX__XXXXX_X___XX_XX_XXXXXXXX_X_X_XXXXXXXXXX__XXX_XX_XXXX___X_X___XX_X_XX__XXX_X__XXXXX_X__
XXXXXX_X_X_XXXXX_XX_XX__X_XX__X_XXXXXXXXXX_XXX_XXX_X_X_XXXX_XXXXXXX_X____XX__XXXXX_XX_____XXX____XX_XXXX__XXXXX_X__XX__XXX__XX_XX__XX___X_XX_XX_XXXXXX___XXXX__XX___XXX___XX_X_X_X__XX_X___XXXXXX_XXXXXXXXXXX__XXXXXXXXXXX__XXXXX_X_X_XX_X_XXXXXX_XX___X_XXXXXXXXX_X__XX_X___X_X___X_X____XX_XXX_XXXX_X_X_XXXX__X__XXXX__X_XXXXXXXXX__XXXX_XX_XX__XX___XXXXXX___XXXXXXX__X_XX__X_XXX___X__X_X_XX_X_X_XXX__XXX_XX
X_XXXXX__X__X__XXX_XXXXXX__XXX_X_XXXXX___X_XXXX___XX_X_XXXX_X_XX_X_XXXX_X_XXX__XX_XXXX_____X_XX_XXXX_X__XXXXXX_XXX__XXX_X_XX__XXX____XXXX__XX_XXXXX____X_XXXXX__X__XXXXXXXX_XXX_XX__X_XX__XX_XXXXXXXXX___X_X_____XXX___XX_X_XX_X_XXXXX_X_X__X__XXXX__XXXX_X_X_X_X_XXXXXXXX_XXXX_X___XX_XXXX_XXX_XXXXXXX__XXXXX_XXXX__X____XXXX__X_XXXX__XX__XXX_XX_X_X__XXXXX__X_XXXXXX_X_XXX_XX_XXX_XXXX___XXX_XXX_XXXXXX___XXX
XXX__X__XX_XXXX_XX__X_XX_X__X_XXXXX_XXX___XX_XX_XX__X_X_X__X_X__XXXXX_XXX__XX_XX_X__X__XXX_XXXX__X_X_XXXXX__XXXX__X_X_X_XX_XX_X_X_X__X__X___X_XX__XX__X_X___X__XXX__X__XXX_XX_XX__XX_XXXX__XXXXXXX__X_XXX_XXXXX_XXXX__XX_X___XXXX__X__X_X_XXX__XXX__XXXXX_XXXXX_XXX_XXXXXXX____X__XXX_X_XXX__XX_XXXXX_XX__XXXXXXXXXXXX__XX_X__XX__XXXXXXX___X_XXX__X_X_XX____X_XXXXX_XXXXX_XXXX_XXXX_X_XX_XX______XX___X_X_X__XX
XX__XXXXX__XX___X_XXXXXX_XXXX_XX_XX_XXX_X___XXXXX_XXX_XXXX_X_X_XX___X_XX__XX_XXXX_X__XX_XX_XXXXX__XXXXXXXXXXX_X__X_XX_X__XXXXXXXXXXX_XX__XXX_X_X_XXX_X_XXX__XXX_XX__XX_XXXXXXX___X__XXXXXXXX_XXXXX__X__X___X_XXX_XXXXX_X_XXX__XXX_XXXXXX__X__X_X__XXXX___XXX_XXXXXX_X_X__XXX_X_X_X__X_XXX____XX_XX_XX_X__X_X_XX__XX_X_X_XX__XXXXX_X__XX_XXX__X__X__XXXXXX__XX_XX_XXXXX_X_X_XXXXXXX_X_XX_XX_XXXX_X__X_X_X_XXXX___
X_XXX_XX__XXX___X__XXX_X_X_XXX_XX__X_X_XX_XXXX_X___XX__XXXX____XX_XX_XXXX__XXX__X___XXX_X__X__X_XXX__XXX_XX__XXX_X__X__XXX_XX_XXXXXXXXX_XXXXXX_XXXX__XX_X_X_X_XX_X__XXXXX_X_XX_XXXXX_XX_X_XXXX__XXXXXX_XXX_X_XXXXXXX_X_XXX_XXXX_X_XXXX__X_XXXXX_____X__XXXX__XXXXXXXX__XXXXX_XXX_XX___XXXX____XX____X__XXXX_X_XXXX_X__XXX__XXX_X_X__XX_XXXX_______XX_______XXX_XX__X_XXX___XX_XXXXXX_XX__X_XX___X_XXXXXXXXX_XX__
__XXXX_X_XXXXX____XXXX__XXXXXX__X__X_XX___XX_X_X___X___XXX_X__XX__XX_XXX_X_X_X_X_XXXXXXX___XXXXX_XXX___XX_XX_XXXXXXXX_____X___XX_XXXX__XX__X_X_X_X_XXXXXX__XXX_XX_X_XXXX_X_X___XXX_XX_XXXX_X_X_XX_X__X____XXXXXXXXX___X__XX_XXX__X___X_XXXXX__XX_X_XXX_XXXXXXX_X__XXXXXX__X_XXXXXX_X_X_XXX__XXXXX__XXXX_XX__X_X_XX_X__X_X__X__X_XX_XX_X_XXXX_XXX__XXX__XXXXX_XXX_XX__X__XXX_XX___X_XXXX__X_XXX_XX__X___X___XXX_X
_XXXX__XX____XXX___XXX___X_X_XXX__XXXXXX_X_XXX_X_XXXXXX__X__X_X_XX___X_XX_XXX________X_XXXXXXX_X_X____XX____XXX_X_XX____X_XXX_XX_X_XX__XX__X_XXXX___XX__XXXXXXXX_XX_X_XX_X___XXX_XX__X_XXXXXXXXXXXXXX_XXXX_XXXX_XXX_X_XX_X_XXXX_XX_X_XX_XXXXX_XX__XXX____XX___X_XX_X____X_XXX__XX_XXXXXXX_X__XXXXXX__XX_XX_XX__XX_XX__X_X_X_XX__X__X_X_XXXXXXX_X__XX_XXX__X_XX_XXXXX_X__X___XXX_X__XXXXXXXXXX__XXXXX__XXXXX_X_X_
X__XX_X_XXXX_XXX__X_XX__XX_X_XXXXX_X_XXXXX_XXXX___X_XXX____XX_X_X_X__XXX_X__XX___X_X__XXXX_X_X_XXXXXXX_XXX_XX_XX__X__XXX_XXXX_XX___XXXX_X___X_X_XX_XX____XX_X__XXXXX__XX_XXX_X_X__X__X_X_X_XX__X____XX____XXXX___XX_XX_XX____XXXXX_X_X___X_X_XX_XX_XXXXXXXXX_X___XXXX_XX__XX____X__XXXX__X__X_X__X_X_X_XXX_XXXX___XXXX__XXXX_XXXXXX_XX_X_X_XXXX_XXX_X______X_X_XX__XXXX_X___XXX_X_XX_XX_X__XXXXXXXX___XXX__X__XX
___XXXX_X_XX_X__XXXX___XX_XX_X_X_X_X______XX__XX_XXX_XXXXX_XXXX_XX_XX___X_XX_X_X_XXX_XXXXXXX___XX_X__XXXX_____XXXXX___X_XX____XX__XX_XXX_XXXXXXXXXX_X_X__XXXX_X___XXXXXX_XX_XX_XX_XXXXXX__X_X_XXXXXXXXX__X__X_X_XXXX_XX__X_XX___X______XXXXXXX_X__XX__X_XX__XXXXXX____X_XX____XX_XXXX___XXX__XX_XX_XXX_XXX_X_XXX__X_XX_XXX__XX___XXX__X__XX_XX_X_XXXX__XXXXX_X_X_X__X_XXXX_XX_XXX_XXXXXX__X__X_XXXXXX__XXXX_X__X
X_X__XXXXX_XXXXX__X__XX__XX_____XXXX_XXX_XXX__X_XX_XXXXXXXX_XXXXXX_X__XX_XXX_X__XXXXXXX__X_X__X__X__XX___X_XX__X_____XXXXXX_X__XXX__X_XXX____XXX____XXXXX_XX__XX___XX_____XXX_XXXXX_XX_XXXXX_XX_X____X_XX_X_X_XXX___XXX_XX_XXXXXX__XX__XX_XX_XXX____XXXXXXXX___XXX_XXXX_XX_X____XX_XXXX_XXX_X_X_XX_X_XX_X_XX_XX_XXX_XX_XXXXXXXX__XXXX___XX___XXX____X_XX_XXX_XXX__XX__XXXX_XX__X_XXX__X_X_XX_XX_X__X__XXXXX_X___
_X_XX__X_XX__XXX_X_____XXXXXXX__X_XX_XXX__X_XXXX_XXXX_XX_X_X___X_XXXXXX__XXXXX__X_XX_X_XXXXXX__XX_XXXXXXXXX_XX_XX____X_X_XX__XX_______XX_X_XX___XXXX_XX_X__XXX_____XX__XXXXXXXXXXX___XXXX_X_XX__XX__XXX_X___X___X_X_X_XXXXX__X___X__XXX__XXX___XX_X_XX_XXXXXX__X__XXXX__XXX_XXXXXX__XXX_____XXX_XXXX_X__XXXXXXXXXX_XXX_XX_X__X_XXXXXX_XXX__X_____X_XX_XXXX_X__XXXXXXXX_XX_____X_XX_X___X___XXXXX_X__XXXX_X_XX_XX
__X_XX__XX_X_XXX____X__XX_XXXXXXXXXX_XX__X__XX_XXX_XXX_X__X____XXXX_X_XXXXX__X_XX__X_XXXXXX_XX___XXXXXXXXXX_XXXX____X_X_XXXXX_XXXX__XX_XX__XX___X___XX_X_X_X_XXX_XXXX_X_X_XX_X_XX__X___X__X__X__X__XXXX_X_X__XX___XXXX_X___XX______XXXX_X_XXXX_XX__X_XXX_X_X_XXXXXXXXXX__X_______X_XX_X____X__X_XX_X_X_X_XXX_XXXXX___X_XX___XXXXXX_XX_X__X_XX_XXX_XXX__X_X_XXXX__XXXXXXXXXX_XXX_XX_XXX___XXXX_X_XX_X___X___XX___
XX___XXXXXX_XXXXXXXXX___X_X_XXXXX_X_X__XX_X___XXXX_XXXX_XX_X_X_XXXX____X_XX_X______XX____X_XX_XXXXX_X__XXX___X_XX_XXX_XXXXX_XXX__XX__XXXX_XX_XXX_XX_XXXX__XXX_X____X_XXX_X_X__XX_XX__XX_XX_XX_XXX_XXX_XXX_____X_X_X____XXXXXXXXXX_X_XX_XX__XXXXXX_XX_XXXX__XX_XXXXX__XX_X__X_XXXXX_X_XXX_XXX_XXXX_X_XXXX__X_X_XX_XXX_X_XXXX__X_XX__XXXX_XX_XX_X_XX__X__X__X_X_X_XX__XX_XXX_X__XXX_XXX_XX_XX_XXXXX___XXXX_XX____X
X__X_X_X_XXX_X__XXXX___XXX_XXXX_XXXXX___X_____XXXXX__XX_XXXXXXX_XXXX__XX_XXXXXXXXXXX_XX_XX______XX_XX_XX__XXXX_XXX___XXXX__X_X_XXXX_X_XXX___X_X_XXXX_XXXXXX__XX____X___X_XXXX_XX__X_XXXXX__X_XX_X_X_X_X_X__XXX__X_XXX_XXX___X__X_XX_XX__XXX_XX_XXXX____X_XXXX_X__X__X_XX__XX_XX_X_XX_X__X_XXX__X__XX_XX___XX_XXX_XX_X_XXXX____XX_X__X_X_X_X__XX_XX_XX_X_XXXX_X_X_X_XX___XXXX_XXX_XXX_X__XXXX_XX__XXXX_XX_XXXXX_X
XX_____X_XX_X_XXXXXXX___XX_XXXXX_X_X_XXXXXX_X__XXXXXXXXX_X__XXXX___X__X____X_X__XXX_XXX_XXX__X_XXXXX__X__XX___XXX__XX__X_X_X_XXXXXXX_XX_X_X_XX_X_X__X_XXXX_X___XXXX_X____XX_XXX_XXX___XX_XXX___XXXXX__X__X_XX_XX_XXX_____XX_XX____X__X_____X____XXX_X____X_XXXXXXXXXXXXXXXX_XXXXX_XXX__XXXXX_XX_X_X___X_XX__X_XX_XXXXXXX_X_X__X_X_X__X_____XX__XX____XX_X__X_XXX_XXX_XX_X_XXX_XXXXXX_XX_X_XXXXX_XXXXX_XXX_X_XXXX
___X_XX__X_X_XXXXXXXXX_X__X_XXX_X__X_X_XX__X_XX_XXXX___X_XXXXXXXXXX_XXXXX_XXX___X__XX_X_X_XXXX_X_XXXXXX_XX__XXX__XX_X_XX_X___X_X_XX_XXXXXXXX_XXX_XXX_X_XXXXX_XX_XX_X_XX_X__XXXX_X_XXX__XX___XX___XXXXX_XXX_X_X_XXXXX_X_XXXX_X_XXXXXXXXX__X__XXX_XXXXXX_X__XXXX_X_XX_XX_XX_XX___XXXXXXXXX__X__XXXX_X__X_X_XX_X___XXX__XX____X_XX______X__XXXX_X___XXXX__XX__XX__X__XXX_X_XXXXXX_XX_XXXXXXXX_X___XX__XXXXX__XXX__X
_X_XXXX____XX__XXXX__X_XX_X_X__X___XXXX_X___XXXX____X_XX__X___X_X__X____XX_XX___X_XX___XXXXXX__XXXX__X_X_X___XX_XXXXXXX_X____XXX___XX__X_____X_XX_XXX_X__XX_XX_XX_X_XX_____X_XXXXX_XXXXX___X__X_XXXX_X_XX_X_X__XXXX_XX_X____XXX_XXXX_XX_XXXX__X_XX_X_____XXX_X_XXX__XXXXX__X_X_XXX__X__X_X__XXX_X__XXXX_X__XXX_____XX_XXXX____XX_______XXX_X___X_X_X_X_XXXX_X___X_XX___XX_XXXXXXX_X_X_X_X_XXXXX______XX__XXXXX_X
__XXX__XXXXXXX__X_X_XXXX_X_XX_X__XX_XX_XX_X___XXX_X_XXXXXX_XXXXXXXX_X__XXXX_XX_X_XXXXX_XX_X_X___X__X___XX_XXX_XXXXX__XX__XXXXX___XXXXX_XX__XXXXXXX_XXXXXXXXXX___XXXXXXX_XXXX__X____X_XX__X_X_X_X_XXX_X__X__XXXXXXX__XX_XXXXX____XX__X__XX___XXXX__XX__XXXX_X_X_XXXXX__XX__XXX_XXXXXXX_XX____XX____X_XX_X_XXXX_XX__XX_XXXX__XXX_XX_X_X_X_XXX_XX__XXX_X__XX__XXXX____X___X_X__XX_XXXX_X_XX_XXXXX____XXXX_XX_XXX_XX
_XXXX_X_XXX_XX_XXX_____XX____X_XX_XX_XXXXX_X_X_XX_______XX_X__XXXX__XX_XXXXXX_X__XX_XXX___XXX_XXXX__XX_X_X_X__XX__XX____XX_X__XXXXXX___XXXX___X_XX_XXXX_XXX__X_XXXX_XXXX_XX_____X___XX__XXXX_XXXX___X_XX__XX_____XXXX_X_X_XX_XXX____XXXXXX_X_XXX_XXXX_XXXXXXXX____X_X_XX_XXXX__XXX__XX_X_XX__XXXXXXXXX_XX_X__X_X__XX______X__XXXX_XXX_XXXXXXX_XXX_XXXXXXXXXXXXX_XX___X_X__XXX__XX_X_X__X_____X_X__XXXXX_XX___X_X
_XXX__XXX_XXX_______X__XXXX__XX___XX_XX__XXX__XXX__XXXX_XX___X_XX_XX__X__XX_XXX___XXX__XX_XX_XXXXXX__XXXX__X__XX____XXXXXXXXX_X__XX_____XXXX___XXX__X_XXXXXX_XXXXXX_X_XXXX_XX_XXXX_XX_XX_XX_XXXXXX_X__XXXXX_XX___XXXX_XX___XX__XXX_XXXX_X_X_X__XXXX_XXXXX_XXX_XXXX_XX_XX_X_XX_XX_XXX____X_X_X_X__X___X__XXX_X_XX_XXX__X_X__X__X_X__X_X__X_XXXXX_X_XX_X___X__XX____XXX____XXXX_XX_XXXX_XXXXXXXXXXXX_X_XXXX__X____
XXX__XX_XXXXXX___XX__X_X___XX__XXX_XXXXX____X__X__X_X_XX__XXX__X_X__XXXXXXXXXXXX_XXXXXXX_XX__X_X_XX_XXX__X_XX__XXXX__XX___XXXX_XX_XXXXXXXX__XX__XX_XXXX_XX__X___X_X__X_X_XX_X_XXXX____XXXXXXXXXX_X_X_X_XX_XX_X__XX_X____X_XX_XXXXXX_X_X_____XX_XXXX_X__XXX_X_XX____XXX_XX__X_____XXXX_XXXX__XX_XXX__XXX______XXXXXXX___XXX__XX_X__XXXX_XXX_X__X__XX__XXX_XXXXX_XX_X_XXXX_XXXX_X__XXXXXXXX___XXXXXXX_X__XXX__X___
___XXXXX__XXXXXX_XX_X_XX__XXX_XXX_XX__XXXX_X__X__XXXXX_X_X__XXXXXXX_X_X_XXX______XX__XX___X_X______XXXX_XXXX____XX_XX_XX__XXX_XXX_XX__X__X_XXX_X____XXX_XXXXXXX_X___XX____XX__X_X_XX_XXXXXXXXXX___XX___XX_X__XXX___XXXX__XX_X__X_XX__XX_X_X_X_XXXX_XXXXX_XXXX___X_X_XXXXXXX_XX__X__X__X__XXXXX_X______X__XX_X_XXX_____X_X_X_XXXXXXXXXX__X_XXX_XXXXXXX__X____XXX__XXXXXXXXXXXX___XXXXXXXXX_X__X_X_XXX__XX__X_XXXX
_XXXX_X_XXXX__XX_X_X_X_XX__XXX_XX_X_X__XXXX___XX___X___XX__XXXX__XX___XXXX_X_XXX___XX__XX_X_XXX___XXXX_XX__X___XX__X_X_XXXXXX_X_XXXX_XXXXX_XX_XXXXXXX__X_XX_XX_XXX______XXX_XX____XXXXXXXX_XXX_XX_XX__X__XX_XXX_X_XXXX_XX__XX__X_XXXXXXXXX_XXXX_XXXXXX_XXX__X___XX__XX__X___XXXXX_XXXX_XXXX__XXXXXXXXX__XX__X_XX__X__XX_X_X_X_XXX_XX___XXXX____X_XXX_XXX_X_XXXXX_X__XX_XX__X__XX_XXXX____X_X_X__XX_X_____XXX__X_
XXX_X_____X_XXX__X__XXX_XXX_X__X_X__X_XX_X_XX__XX_XXXXXX_____X___XXX_X__XX_X_XXXXX_X_XX_XX_XX_XX____XXXX_XX_X_XX_XXXXX_X___XXXX_X____X___X__X_______XX_X_X_XXXXXXXX_XX_X__XXX_XXX_XXX__X_XXXXX_XX_X____XX_X___X_XXX_XXXXX__XXX_XXXX_XXXXXXXXX__X__X_X_XX_XXXXXX_X_XXX_XX_X_XX_______XX_X__X__XXXX_X_XXX_XX__X_XXXXX_XX__X____X__XX_X__XX__X__X_X_XX_XXX_X_XXX_X__X___XX_XXXX__X_XXX_X__XX_XX__X__X_X_XXX_XXXX_X_
__X_XXXXXXXX_XXX_XX__X___XXXXXXXXX__XX__X___XX_X___XX_____XXXXX____X___XXX____X__XXX__X___X_X_XXXXX_XX__XXXX_XXXX_X_XX___XX_X__X__XXXX_XX_X___XX__X__XXX___X___X_XX__XX___X_XX____XXXXXXXX_X__X___X___X___XXX_X____XXXX_X_X_XXX_X_X_X_XXX_XX_XX_XXXXXXX__XX_XX__XXX_XXX_X_XX_X_X___XX_X_XXXXXXX_XX_XXXXXX___XXX__XXXX_XXXXX_XX__XX_XX__X_XXXXXXXXX_XXX_X___X_X___X___X_X_X_X____XXX____X_X____XX__XX_X_X_XXXX__X
XXX__X_XX_XXXXXXX__XXX_XX_XX_X___X_X__XXX_X__XXXX_XX_X___XXXXXX___X____X_XXXXX_X_X__XX_XX_X_X___X_X____XX_X__XXXXX_XXX_X_XXXXXX________XXXXX__XX__XXXXX_XXXXX__XX___X_X___X_XX__XX____XXXXXX_X___XX_X__XXX_X_X_X_X__XXXX___X__XX___XXX_XX_XXXXXXXX_X_XXX_XXXXX__XX_X_X_X_X___X__X_X_XXXXX___XXXXXXXXXX_X_XX__X_XXXXX______X_XX_XXX__XX___X_X_XXXX_X__XX_XXXXXX__XX____XXX___X_XX__X___X__XX_XXX__XX_X__XXXXXX_XX
X_XXXXXX_XXX_XXX_X___X_XX__XX_XX_XX_XXXX__XXXXXXX___X_X_XX__XXXX____XXX__XXX_X_XXX_XX____X_XX__X_XX_XXXXXXXXX_XX_XX_XX_X__XX_X__X_X_XXX_XX_XXX_XXXXXX__XXXX__X_XX_X__X_XX_____XXX_XXX__XXX__X_X__X_XX__XXX_XX___X__X_XXXXXXXXXX_XXXXXXXXXX_X___X_XXX_X__XX_X_X_XXXXXX_XX___XX_XX_XX_X___X_XXXX____X_XXX___XXXXXXXXXXX_X__XX_XX_X__XXX_XXXX__X_____X_XX_XX_XXXXXXX_XXXX____XX_XX_XX_X_X_XXX_X__XXXX_XXX__X_X__XXX
XXX_XXXXX_X_XXX____X__X__X__XXXX_XX___XXXX____XX_XX_X_XX___XXXXX_XX_XX_XXX_XX_X_X_XXX_XXXX__X___XX__XXXXXX_XXX_XX_X_XX_X____X_XX_X__XXXX_XXX__X_X_XX__XXXXXXXXXX___X_XXXXX_X______XXX_XXXXXXXX__XXX____X__XXXXXXXX_____X__XXX__XX_X__XX_XXXX_X__XXXX______XXX_XX_X__XXXX__XXX_X_XXX__XX_X_XX_X_XXXXX_X__XXXXX_XX_X_XX____XXX____XX_X_X_XX__X_XXXX_XX_XXX__X_XX__XXXX_XXX_XXX_X__XX_X_X_X_XXX__XXX_XX__X_XX_XXX_X
_X_____X_XXX_XXX_X_XX__X__X_XX_X_X_XXX_X_XX_X_XXXX_XX_X_X_X____XX__X___X___XX____XXXXX_X_____XX_X___XXXXX_X__XX___XX_XXXX_____XX___X_XX_XXXXX_X_X_X_XXXXX_X_X_XX_X_X______X_XXXX_XXXXX_X_XXX_XXX_XXX__XXXX__XXXXXXXXXXXXXXX___XXX_X____XX__XX__X_XXXXXXXXXXXX_X_X__XXXXX__X_X__X_XXX____XX__XX_X_XXX___X_XX_XXX_XXX_XXX__XX_X_X_XXXXXXXXX_XXXX__XXXXXXX_X_X___X_XX__X_XX__XX__X_XXXXXXXX___XX__XXX_XXX_XXXX_XXXX
___XXXX__XXXX_XX_X__XXXXXXXXX_X_X_____X__XXXXXXXX_XXXX_XX_X_X_X__X____XX__XXXXXX__X_XX_X_XXXXX_XXXXX__XXX__XXXXXXX___X__XXXX_XX__XX__XX_XXXXXXXX_X__X_X_X_XX_X____X__XXXX_____XXX_XXX_XXX_X_X__XXX__XXXXX___XXX_XXXXXXX_XXX_XX_XX_XXXX_XX__XXX__XX_XXXXXX_XXXXXX_XXXXXX_XX_XXXXXXXXXXXXXXXX_XXXXXXX__X_XXX_X___XX__XXXXXX_X_XXXX_XX__XX__X___X_X_XX___XXXXXXXX_X_X_XX_XXXX_XXX_XXXXXX_XXX_XX___XXXXXX_X_XX_XX___
___XX_XXX_XXX_XXXXXXX__X_XXXXX_XX_X__XX__XXX_XXX_XXX_XXXXX___XXXX_XX__X_XX_X____XXX_XXXX_X__X__X___XX__X__XX_X_X____XX__X______X____X_X__XXXX_XXXX_X_XXXX_X____XXXXX__XXXXX_X___XXXXXXX_XXX_XX__XXX__X_X_XX_XX_X_XXX__XXXXXXX_XX_X_____XXXX_XXXXXX_XXXXXX_XXXXXXXXX__XX_XXXXX_XXXXXX__XX____XXX_XXXXXX___X_XXXXX____XX_XX_XXX____XXX_XX_XXX_X____XX_X_X__XXXXX_XX_XX___X_XXXXXX__XXXXXXX__X__XXXXXXXX_XX__XXX___
____X___XXXXXXXXX__XXXXX_X__X_X_XXX_X_XXXXX__X_XX__XX__X_XXXX_XXXXX_X__X_XXX_XXXX__XX_X_X_XXXX_XX_X__XXX____XXX_XXXX_X_X__XXXXX_XXXXXX_XX_XX_XXXXX_XXX_XXX_XXX_X_____X_XX_XXX___XXXXXXX_XXX_XXXXXXX_X_XXX_X_X__X_X__XX_____XX_XXXXXXXX_XXX_XXX__X_XXX__X___XXX_XX__XX___X___XXXXX_X_X_XXXX_XXXXX__XX__XXX_X_X_X_X_XX_XXXX___XXXXX___XX__XX_XXXX_XX_X_______XX_X_XX_XXXXX_XXX_X_X__X_X_X_XXX_XXX___XXXX_XXXXXXXXX
XX_X_____XXXX_X__XXXX_XX_X_XXXX__XX_X__XXXXXXX_X___XXXX__XXXXX_____X_XXX_XX___X__XXXX__X_XXXXXX_X_X__X_X_XXXXXXX_XX_XXXX_XX_X_X_XXX_XXXX__X____X_X__X_XXXXXX__X____XX_XXXX_XX_XX_X_XXX__XXX_XX__XXXXX___XX_XXX__X__XXXX_XXXXXX_XX____XXX_X_X_X______XXX_XXXXX__XX_XXXXXXX_XX_X__X__XX_XXXX_XXXX_X__XXXXX_X_X_X_XXX__XX___X_XX_X__X_X_X___X____XXXX__X_X_X_X_XXXX_X_X__X_XX_XX_X__XX__XX_X________X_X__XXXXX_XXX_
_XX__X_XX_____XXX_XX_XX_X__XX_XX__X_XXX_XXX_X__XX_XXX____X_XXX_X_XX__X__XXXXX_XX_XXXXXXXX__XXX_XX_X_XXX_X_X_____XX__XX__XXX_XX__XX___XXX_X_XX__XXXX__XX_____XX_X___X_XXX_XX_XX_X_XX__X_XXXXX__XX_X_XXX__X_X_X_XXXXX_XX_X_X__X__XX_XXX_XX_XX_X_X___XXX___XX__X__X_X_XXXXXX_X_XXXXXX_X_XX__XXXXXXX_XX_XXXX_XXX_XXXX_X_X_XXXXX__XX_XX__X_XXXX_X__XXXXXX_XX_XX_X__XXX_X_X_XXXX_XX_X_X_X_X_XXXXXXXXXX__XX_XX__X_XX_X_
X______XXXX_XXX__XXX_XXX____X___X_X__X__X___XXX_X__XX_XXX__XX__X__XXXX_X_XX__XXXXXXX_X_____XXXXX__XXX___XXX__XX_X___XX_XXXXX_X_XX_XXX_XX_XXX_X_XXX_XX_X_X_X_X__XX_X_X_X____XXX___XXXX_____XXXXXX__X_XX_XXXX_XX_XXXXXXXXXXXXXXXXX__XX_XXX_XX__X__X_XXX_XX_X__XXXX_XX_X______XX_X_X_XX__X_XXXX___X_X__XXX_XX_X___XX_____XX_XX_XX___XXX_X_XX__X_XXXX___XX___XXXXXX_X___XXX__XX____XX_XX_XX_XXX_XXX_XXXXXXX__X___X_X
_X___X___XXXXXX_X__XX_XXXXX____X_XXXXX_XX__XXXXXXX__XX__X__X___XXXX_XX_XX__X_X_XX____XXX__X_XXX_X__XX__X_XXXX_XXXXX_X___X_X_XX_XX_XX__XX_XXX__XXX_XXX_XX_XXXX__XXX_X__X_X_XXXXX_X_XXXX_XX____X__XX_XXXXXXX_X_X_XXXXX___X_X___X_XXX__XXX_XXXXXXX_XX_XXX__X_XXX__XXXXXX__XX_X__X__X_X__XXX_X_XXX__X_XX___XX_X_XX__X_XXXXXXXXXX_XXX__XX__XXX_XX_XXX_XX___XX_X_XXX_XX_XXXXX_X_XXXXXXXXX_X_X_____XX___XX_X_XX_XX_XX_X
_XX__XXXXXXXXX__X___X_XXX_X____X__XX_____X_XX_X_XXXXX_XX_XX___XX___XX__XXX_XXX___X_XX_XXX_XXXXX_XX_X_X_XX_X_XXX_X__XXX_XXXX__XX___X___XX_X__XX___X_XX_X_X_XXXX_XX_XXX_____X_X__XXX_X_XXXXXXXX__X_XXXXXXXX_XX__X_X___X_XX_X_XX_X_XXX_X_X_XXXX_XX____XXX__X___XXX__XXXXX_XXXXXX_XXX_XXXXX_XXXXX_____XXX__XX_XXX_XXX__XXX_XXXX_XXXXXXXX___X___X_XXX_XXX_X_X___XXXXXXXXXXXX__XXXX_XX_X_XX_X____XX____X______XX_X__XX
X__X__XXXXXX__X_X_X_X_XX_X__XXX_XX_X__X__XX_XXX_XXX___X__X_X____X___X_XXXXXXXXXXX_X_XXX_XXXX_XXX_XXXX__XXXXXX_XX_XX_____X_X__X_X_XX_X__X_XX_X_XXXXXXXX_XX_X_XXX_XXX_X__XXX____XXX_X___X__X_XXXXX_XX_XX_X_X__X_XXX_____XXX_XX_X___XXXXXX_X_X_X_XX_XXXX___XX_XXXX__XXXX__XX_XXX__XX___XXX_XXX____X_X_XXXXXXXX_XXXXXXX_X_XXXXX__X__XX_______X_XX_X_XX_XX___XXXXXX_XXXX_XX__XXX_X_XXXXX_XXXX___XXXX__XXX__XXXX____XX
__X_XXXXXX_XX_XX_X__XXXXXX__X_X___X_XX_X_X___XXXX_X__XX_XXXXXXXXXXX_XX_XX_X_XXX_X_X_XX_XXXXXXX_XXXX_XXX__X_____X__X_X_X_XX__XX_XXXX___X_X___X__XX_XX_X_XXX_X_XXXX_____XX_X_XXX__X___XXXXX_X_X___XXXX_X_X__XX_XXX__X_X_XXXXXXXXX_XX___X_X___X_X_XXXX_XX_X__XX__XX__XXX_X_XX___XXX__XX__X_XX_XX_X_X_X_XX___X_XXXXXXXX__XXX_X___X_XXXXXXX__XX_X___XXXXXX___XX__XX_XXX__X_XXX___XX_XXX______X_XX__XXX__X_XXXX_X_XXXX
XXX_XX_X_X__XX___XXX__X_XXX_XXXXXXXX__X_XX__XX_XX_XXXXXXXX_X_XX___XXX_X__XX_X_XX__XX_X___X_____X__XXX_X__XXX__XXX__XXXX_X___X__XXXXX_XX_XXXXX_XXXXX_XXX___XXXX___XXXX__X__X_XX____XX___X__XX__XX_XXXXXX_X__XXXXX_XX___X_XXXXX__XXXXXXX_XX_XX_XXX_X_X_X_XXXXXXXX_XX_X_____XX_X__X__X___X__XX__XXXXX_XXXXX_XXX_XXX_X_XX_XX___XXXXXX_XXX_XXXXXX_X_XX_____XX_XX_X_XXX_X_XXX_XXXX____X_X__XX_XX_X_XX_XXX_XXXXX__X__XX
X__X_XX_XXXXX_XX_X_XX__X_X___XXXXX_XXXXXX__X__X_X_XXXXXXX_XXX_XXXX_X____XXXX_XXXXX_XX_X____X____XX__XXX__XX_X____X_XX_X__X_X__X_XXXX____XXX__X_XX_XX__X_XXXXX_X___XXXX_X_X_XXX_XXX__XXXXX_XX__X_XXXX__XX_XXX_X___XXXXXXXX__XXX__X_XX_XXXX__XXXX____XX__X_X_X__XX___X____XXXX_XXXX_XX_X_X_X_XX_____XX_X____XX_XXX_X_XXX______XXXXX_XXXXX_XX__X___XX_XX___XXXX_XXX___XXXX_XX___XXXX____X_X__XXXXXXXX__X___XXXX_XX_
XX_XXX_X___XX_XXXXXXX__XX_XXXX__XXXXXXX_X____X_XXXX__X_XXXX_X__XX_XXXX_XXX_X_XXXX__XX__XX_X_X____XXXXXXX_X_____XX____XX__XXXX____XXXXX_X_XXXXX___XXXX_XX__X_XX_X__X_XXXXX__XXXXXXXX___XXXX_X_X_XXX_XXX__XXXXX_XXXXXX_XXXX_XX_XX_XXX_X__X_XX_X_XXXX_X__X_X__XXX___X_XXX__X__XX_XXXX_XXXX_X_XXXXXX__XX_XXX____XXXX__X_XXX_XX_XX__X_XX_X_X_X_X_XXX_X_X_X_XX_X__X_X_X_X__X_XX_XXXXX___XXX__X__XX_X_X_XXX_XXXXXXXXXX_
XXXXXX_XXXXX_XXXX__XX_XX__XX_X_X_X___X__XX_XX_X_X__XXXXX__X___XXX___X_X_XXX__X_X_XXXXXX_XX_XX__XXXX_X_XX____X___XX____X_XX_XX_XXXXXX_X_X__XXXXX_X_XX__XXX__X_XXX_X___XX__X__X_X___XX__X_XXX____XXXXXX_XX__X_XXXXXXXXXXXX__X_X_XXXXXX_XX____X__X__XXXXXXXX____X_X_X_X_X_XXXXX___XXXX__X_X_X_XX_X____XXX__XX_X_____XXXXX_X__X_XXXXXX_XXX_X___XX__X_XX_X_XX__X__XX__X__XXXXXXXXXXXXXXXXXXXX_X__X_X_X__X_XXXXXX_X___
_XXX_XXXXXX_X_XXX___X___X_X__X__XX_X_XXXXX__XXXX_X___XXX_XXX_XXX_XXXXXX_X__XXXX_XXX_XXXX_X_XX__XXX____XXX___X__XXXX_X_XX__X_X__XX__X__X__XX_XXXXXXX_XXX____X_XXXXX__X_XXX_XX_X_XXXXXXX_X__X___X_XXXXX_XX_XXX_X_XX_X_XX__X_XXX_XX__X_X_X_XXX_X_XXX_X_XX___XX_XXXX_X_XX__XXXXX_X___XXX_XX_X_X____XX________X____XX_XXXX_X__XX__XX_XXXXXXXXX__X_XXXXX__XXXXXXX_X_X_XXXXXXX_X_X_XX_X__XX__XXXXX_XXX__XXXX_X_XXX_XX_X
_XXX__XXXXXXXX_X_X_X_XXXXX_X_XXXXXXX_XXXXXXX_X__XXXX___XXXX_X_XX_XXX_XXXX____X__X_X_XX__X_XXX_XXX__XXXXX__XX_XXXXXX____XX__XXXX___XXX__XXX_X_XXX_XXXXXXX_X_X__X__X__XXXX_XX__X_XX____XXXX__X__X___X_XX_XXXXXXX_X_X_XXX_X_X_X__XX_XXX___XXX__XXX_XXX__XX_XXXXX_XXX__XXXXXXXXX_X_XXX___X_X_X__X__XXXXX_X_XX___XX____XXXXXX____XXXXXX__XX_XXXX___X____XXXXXX__XXXX__XXXXXX__X_XXX_XXXX__XXX__XXXX_XXX_X__XX___XXXXX
XXXX_____XXXX__XX_XX_X__X_XXXX____XXXXX_XXXXX_XXX__X_XX____XX_XX___XXXX_XXX__XX_XX__XXX__XXX_____X_X_XXXXXXXX__XXXXX_X_XXXX_XX____XXXX_XXXXXX__X_XX__XX___X__XXXX_X_XX_XX__XX_XX_XX___X_X_____XXXXX_X____XXX___X_XXX_XXX_XXXXXXX__X___XXX_XX_X_X_XXXX_XX_____XXXX__XX_XXX__XX_XXXX__XXXX__XXXXXXXXXXXX_X____X__XX_____XX__X_XX_XXX__XX___X_XXXXXXX____X_XXX_XXXXXX_XX_XX_X_XXXXX_X_X__XXXX_XXXX_XX_X_X_____X_XXX
XXX__XX_XXX__X___XX____X_X_X__XXX__X__XX__XXX_XXXXXXXX_X____XXXXX_X__XX___XXX_XX_XXXX_XXX_XX_____XXXX____X_X_XXXX_X_XXX___X___XXXX_X_XX_XXX_XX_X______X_XXXXX__X_XXXX____XXXX___XX___XX_XXXX_XXX__X__X_XXXX_____X_XXXXXX_XXXX_X____XX_X_X_X_XX_XX_XX__XXXXXXX___X_XX_XXXX__XXXXXXX_X_________X___X__XX___XXX_XXX______X_XXX__XXXXX____X_XXXXX___XX____XX_X__X__XX_X_XXXX_XXXXX__X_XX_XXXXXXXXX_XX__X____X_XXXXX_
____XXXXXX___XX_XX_XX____X_XX_XXXXXXXX_X_X_XX_XX___XX_XXXX_X_X_X__X_X_XXX__X__XX_X_XX_X_XXXXXXX__X__XXXXXXX_XXXXX_X_X__XX_X__XX_XX____XX_X_X__XX_X_XXXX_XXXX_____XX_X_XX_XXXXXX______XX_____XXXXXXX_XXX_X___X___XXXX_X___XXX_X_XXXX_XXX__X_XXXX_X_XX___XXXX_X_X_X__XXXXX_XX_X_X_XXX__XX__XXXX__XX_XX__X__X_XXXXX__X__X_XX_XX_X__XXXXX_X__X_XX__XX______X_XXX________XXX_X_X_XX_X_XXXXXXXX_XX____XXXXXXXX_X__XXX_
_XXX_XX_X_X_XX_XXXXXX____X__XXXXXX______XXXXX__XXXX_X_X_XXXXXXXX_X__X_X_XXXXXX_X_XX___X_X_X_XX_XX_X_X__X___XX_X_XXXX_XXXXX_XXX_XX_X_XXX_XXXXXXX_____X__XXXXXXX_XXXX_XXXXXXXXXXXXX_X_XXX_XXXXXXX_XXX_X__X__X_X_X_X_X___X_XX__XXXXXXXX_XXXXXX___XX_XXXXXX_X_XX_XX___X_X_XX_X_XX_XX_XX_XXX__X__X_XXXXXX____X__XXX_X__XXXX_XXX_XX_X_XXX__X_X__X__X_XX_XX_XXX___XX_XXXXXXX__X_XX_XX_X_XXX_XXX__X_X___XX_X____XX_XXX_X
_XXXXX___X__X__XX_XXX_X_XX_XXXXXXXXX__XX_XXXX__XXXX_XX___X_XXXXXXXXXX_X_XXX__X_XXXXX_XX_XXX_XXXX_XXX_X_XX__XXXXXXXXX___XXXX_X_X__XXXX_XX____X_XXX__XXXX_XX_XXX_XXXXX__XXXX_X__XX_XX_XXXXX_XXXX__X__X__XX_XX__XXX__X___X_XXX_X_X___X______XX_X_XXXX__XXX__X_X__XXXXX_XX_XXXXXXX_X__X_X_X_X_XXXX_X____X_X_XXX_XXX__XXXXX__X_XX____XXXXX_XX____XXXXXX__X__XXXXX___XX_X__XX_XXX_XXXXXXXXX__XXXXX_X___X__XXXXX_X_XXXX
XX_XXXX__XX_X____XXX_X_X_X_XXXXX_XXXXXXXXXXX_____X_XXX__XXXX__X__XXX__XXXXX___X__X____XXXXXX_X_X_X___X_X_X_XX__XX___X_X_XX_XX_XX___X_XX__XXXXX_XXXX_XX__X___X___XX_X_XXXX_XXX__X_XXX__XXXX___XX_XX_XX_X_XXXX_X_____XXXXX_X_X__XX__XXXX__X_X____X_____XX_X_XXXXX____XXX__X_XX_XX_X_______XX_X_XXX_XX___X_XXXX_X__X__X_X_X__XX_X__X_X___XXXXX_X_XX_X____X_X_XXX_XXXX_XXX__X_XX______XX_X_XXXXX_XXXX_X_XXX_XXXXXX_X
__XX_X____XXX__X_XXX_XXXX__XXXXX_X_XX_X_X__X__XXXXXX__XX_X_XXXX_XX_XX_XX_XX__XXX____XXX_XX__X_XXX_XXXXXXXX__XX_____XXX_X__XXX_XX__X___XX_X_XX___X___XXXXXXX_X_XXXX_XXXXXX_X_XXXXXX__X__X_XXXX_XX_XXX_X_X___XX_XX_XX___XXXXX_XX____X_XXXXX_XX__X__XX__XX_X_XXXX___XXX____XXX___X_XX__XX_X____X____XXXX__XXXXXX_XXXXXX_XXXXXX_XXXX__XX___X__XXXXXXX__XXXXX___XXXXXX___XXXXX__X___X_X_XXXX__XX_XX_XX__X___XXXXX_X__
__XXXXX_X___X_XXXX__X__X_X_XX__XXXX_XXX_XXX___X_X___XXXXX_XX___XX____XX_XXXXXXX____XX_XXX_XXXX__XXX____X__XXXX_XX_X_X_XX_X_X__X_XXX_X_XXX_X_XX____XX_XX___XXX_XXXX__XXXXXXX_XXXX_X__X__X_____XXX_X__X__X_XX___XXX_X_XXX__X_X_XXXXXXX___XXX__XX_XXX_XXX__XXX___X_XXXX__XX_XX_XX_X_XX_XXX_X_X_XXXXXX__XX____XX__XX___XX__X___X_XX_XX____XXXX_X__X_XXXX___XX_XXXXXXX_XXX__X_XXX_XXXX___XXXX__XXX__XXXX__XX__X___XX_
XXX__XXXXXXX_X_XXXX_X_XX_______XX_XX_X__XXXX_X__XXX_X_XXX_X_X_XXX__XX_X_XX_X_X____X_X_XXXXXX_XXX_XXXX__XXXX_XXXXX___XXXX_X__X_XX___X_XX_X_X____XXXX_X_X__X_X_X_X_X__XX______XXX_X__XX____XXXXX__X_X_XXX_X__XX_XXXXXX_X_X_X_XX_XX_XXX_XXX__XX__XXX__XXXXX__X__XXXXX__X___XXXX_X_X__XX_XXX_X_XXXXX_XXX_X__X_X___XX_XXXXXX__XXX_X_XXXX_X_XX_X_XX_XX_X__X__XXXX__X_XX__XX__X_XX___X_X_X_X_XXXX__XXX__XX_XXXXXX_X_XXX
X__XXX__XXXXX_XXXXXXX_XXXX_X___X_XXXX__XXX_X_XXX_XX_X_XXX__XX_XXXXXX_XX_____XX__X_X_XXX_X_XXXX_XXXX_XX_XX_XX_X_X_X___X_XX____XXXXXX_XXXXX__XXXX_XX__X__X_XXX_XXXXX_X_XXXXX_X_X__XX___XXXXXXXX_X__XXXXX_X_XX_XXX_XX_X_XXX__XX_XXXXX_X_____XX_X_X_XXX_XX__XX___XXXXX___XX__X_XXX_XX__XX_XX_X_X___X_XX_XX_X_XX__XX_XXXXXX_XXXXXXX___X_XX_____XX_X_X_X__XXXXX_XXX__XXX__XX_XX__XX_XXXXX__XXXXXX_X___XXXXX__X_XXXX_X_
___XXXXXXXXX__XX_XX_XXXXX_XXXX_X_X_X__XXX__X___XXXX__XXX_XX__XX_XXX__XXXXXXXX_X_XXXX_XXXXXX_XXXXXX__XXXXXX_XX___X_X_XXXXXXXXXXXXXXXXX_X_XX_XXX_XX_X____XX_XX___X_X____XXXX_XX___X_XX_XXX_X_XXX_X__X__X_X__X_XX_X_X__X_XX_X____XXXXX_XXXX_X_X_X_X_XXX__XX_XXXX_X_XX_X_X___XXX_XX_XX_X_X_XX_XX_X_X_X_X_XXXX__X_X_XX_XXXXX_XXXXXX_XXXX__XXXX_XXXXX___XXX___XXXX_XXX____XX_XXXXXXXXXX_XXX_X_XX_XX__X_X__X_X_X_XXXXXX
__XXXX_XX_XXX_XXX_XXXXX__XXXXXXX_XXXX_X__X_X_X_XXXX_X_X_X_X_XX_XXXXXX_XXXXXXXXX____XX__XX_X_XX_X_X__XXX__XXXX_X_X_XXX_X__X_XX_____XX_XXXX_X_XXXX_X__XXX_XXX__XX__X__X_X_X_XXXX_X_X__X__XX__X_X__XX_X____XXXX_XXXX_XXXXX__X_XXXXX__XXXX_XXXX__X_XXXX_X__XXX__XXX_X_X_X_XXXXX__XXX_XXX_X_XXXXXX_XXXXX_XXXX__X__XXX_XXXXX_XXXXX__XX_X___XX_X_X_XX_XXXXXXX__XXXXXX_XXX_X__X___XX___XX_XX_XXXXXXX_XXX_X_X_XXXXXXX__XX
XXXX_XXXXX_X_XX_XXX______X___X_X_XXX_X__XX_XXXX_X___X__X_XX_XX_X_XXXX__XXX_XXXX_XXXX__X__X_X_XX_____X_X_X_X_XXXX_X_X__XX_X_XXXX____XXXX_X_X_XXX___XXX__XX_XXXXX__X_XX_XXXXXXX__XXXXX_XX_X_X_XX_XXXX___XX__X_XX_X__X_X_X__XXX___XXXX_XX_X_XXX_X_XXX_X_XXXX_X_X_XX__X_XXX_X_XXX__X_XXXX_XXXXXX_XX____XX_XXX__XX_X_XX_XX_X_X____XX_X____XXXXXXX_XX_X_XXX_X_X_X__XXX_____XX__X_XXXXXX_XXX__XX_X__X___XXX__X____XXXX_
XX_____X_X_XX__X__XXX___XX_X_____X_XXXXXX_X__X__XXXXXXXX___XXX_X_XX__X__XXX_X_____XX__XXX_X__XXXXX__XXXXX_X_XX___X_X_X___XXXXX_XX_X_XX_X_XX_XXXXX__XXXXX_X__XXXXX_X_XX_XXXX____XXX___X__XX_X_XXX_X__X_XXXX_X__XX____X__XX_XX_X_X__XXX__XX_XXX_X_XXXXXXXXX___XXX_XXXX__X__XXXX_X__XXXX___XX___XX_X__XX_XXX__XXX_XX___XXX__XX_X_XXXX_X__X_X_XX_X_XXX_XX_X____X__XX_XX__XX_X___X_XX____X__XX__X_XX_XX_X__X_XXX_XX__
XXX__XXX__XX__XXXX__XXXX_XXXXXXX____XXXXXXX____XXXXXX_X__XX_X_X_XXXX__X_XX_XXXXXXXXX__XX_XXX__X_X_X_XXXX_XXXXXX_XXXXXXX_XX_XX_XXX_X___XXX__X___X__X_X_XXXXX__XXXXXX__XXX__XXXXX_X___XXX_X__X_XX___XXXXX_XXXXXXXX_XXX_X__XXXX_X__X_XX____XXXX____XXX_XXXX_____XX_XX__XX___XX___XXXX_XXXXXX__X_XXXXXXXX_XXXXXXXXX__X_X_XX_XX_XX_X___X_XXXX__XX_XX_XX_XX_XX_XXXXXX_X_X__XXX__XXXXXXX_X_X_XXX_XXX__XXXXXX__XX_X__XXX
______XXXX_XX_XX_X_XX_XXX_X____XXXXXXXXXXX_XX_XX__XX_X_X_XX___XXX__XX____X__X__XXX_XXX_XXXXX_X_XXXXXX_X_XXXXXX_X__XX_XX___XXX_XX_X_XXX_XXXXX_XXXX______XXXXXX_X_X_XXXXX___X__XX__XX____X_XXXXX_X_XX__XX_X_X_XXXXXXX_XXXXX__XXX__XXXX__X_XXX______X___X_XX__X_X_X_XXXX__X_XXXXX_XXXXXXXX_X__X_X_XX_XXXXX__XX__XXX__XX_XXXXXX_XX__X_____XX_XX__XXXX_XX___XXXXXXXXX_XX__XXX_XX_XX___XX_XXX_X_XX_XXXXXXX_XXXXXXX___X
_XXX_____XX__X__X_XXXX_X_XXX__X___XX_XXXXXXXXXX_XXX__XXX_X_XXXX__XX_XXX_XXX__XXXX___X_XX_XXX_XXX___XX__XXX___X__XX_____X_X_X_X_XXXXXXXX_XX_X_XXX_XXXXXXX__X_XX_XX_XXXX_X__XX__X_____XX_X_____XXXX_X__X__X__XX___XX__XXXXXX__X_XX_X_XXX_X___X__XX_XXXX_XXX_X_X__X_XXX__X_XX_XXXX__XXXXXX_X_XX_X____X__XX___XXX__XXXXXX_XX_XX__XXXX_XX__X__XXX_XXX__XX_XX_X__X_X_X_XX__X_XXXXXXXXX__XX__XX_X__XXXXXX_XXXXXX__X_XXX
2 2 118 298
