___X__X___X_XX_X__XX__X__XXX__XXXXXX_X_XX__X_X__X_XXX_X________XX_XXX___XXXXXX_X_XX_X__XX_____XXXX_X__X___X___X______XXXXX__XX__XXXXX_X_X_XXXXXX_____XXXXX_XX_X_X_XX_XX__XXX_X_XXX___X_XXXXXX_XX__X___X__XXXX_____X__XX_XX__X__X_XXXXXXX___XXX__X__XX_X_XXXXXXX_XXX_X_XXX_XXXX_X__XX_X_XXXX_XXXXXX______X_X_X__X__XX_____X__XX_XXX_X_XX_XX_XXX_X__XX_X__XX__XX_XXX______XXX_X_XXXX_XX_X__XXXXX_X__XXX_XXX___XXX_
_X_X_X_XXXX_XXXX_XXX__XX______X___X_X__X_XXXXX_XX_X_XX__XXXXXXXXXXXX_X__XX_XX_XX_X_XX_XXXXX__XX_XXXX__XX_XXXX_XX______X_XX__X_XXXXXXXX_XX_XXX_XX_X__XXXXX_XX____XXXXXX_____XXX___XX_XXXXXX_X_____X_X_XXX_X__XXX_X___X__XX_X__XX__X__XXXXX_XXXX_XXX__XX_XXXX___X_X_XX___XXXX_X___XXX__X_XXX_XXX__XX__XXXXX_XXX__XX_X_XXXX_X__XX__X__XXX__XXX_____X_XXXXXXX_X_XXXX__X_XXXXXX_XX_X____XX__X_XX_XXX_XX_XXX_XX_XX___X
_XX_X_X_X_X__X____X___X__X_____XX_XX_X_X___XXX__X_XXXXXX____XXXX_X_XXXX__X___X__X___X_XXXXX_X__XXX_X_X__X_X_XX_XXXX_XXX__X_XXXXXX_X__XXXXXX_XXXXXXXX_X_X__X_XXX__X_XX__X__X__XXX_XXXXX___X_X_XX_X_X_X_X_XX_X__XX_XXX__XXX_____X___X_X_XX_XXXX_XXX_XX_XXXXXXX_X_X__X_XX_XX__XXX_X_X_X___XXX_XXXXX_XXXXX_X_XXXXXXXX_X____X_XXX_XXXX_X__X_XXXXXX_X____XX__XXX__X__XXXX_XXX_XXX_XXX_XX_____XX___X___XXXX_XXX_X_XXXXX
XXX___XX_XXX__XXXXX__X___X__X_X_X__XXX_XXX__X_XXX__XXXXX_____X_XX___XXXXX_XX_X_X__XXXX_XXXXX_XXXXXX_XXXX__X_XXXXX__X_XXX_XX___X_X____X__XXXXXXXXX__X_XXXXX___XX___XXX__X____X_XX__X_XXX__X__XXXXXXX_X_XX___XXX_X_XXX__X_XX__XX___XXXXX__XXXXXXXX__XXXX_XXXX__XX_X_X_X__XX_X_X_XX____XX_XX__XXXX_X_X_XX_XX_X_XXX_XXXX_X________X_XXX_XX_XXX_X__XX_X__X_XX_XX_XXXXX__X_XX_XX__X_XX_XXX_XX_X_XXXXX_XXXXXXX___XXXX__
XX_X__XXXXXXX_X_XXX_XXX__XXXX__X__XX_X_X____XXXXXXXXXXXXXX_X_XX_XX__X_X____X_X_XXX_X__XXXX_XXX_X__X_XX___XXX__XXXX_X_XXX__X_X___X__XXX_XX__X_X_X__X_X__XX_XXX__XX_XXXX__X_XXX_X_X__XX_XX_XXX_XX__XXXX_XXX_X___XXX___XX___XXX_X__XX__X_X_XXX_XXX_X_X___XXX___XXXX_XXXXX_XXXX_X__XXXXX_X_X____XXX_XX_X__XXXXXX_XX__X_X__XXXXX____XX_X__X__X_XXX_XXXXX_X__XX_XXXXXXXX_X_XXXXX__XX_XXXXXXXX_XX_XXXXXXXXXXXXXX_XXXX__
__XXX__X_X_XXXXX_XXXXXXX__X_XX_X_XXXX_XX_X__XXX_XX_XX_XX__XX____XXXX_XXX__XX_X___XX__X___XX_XXXXX_XX__X__XX__XXXX_X__XX__XXX__X_X__X_XX__XXXXX_X__XX_____XXXXXXX___X__X__XXXXX_XXXX_XXXXXXXXX_XX___XXXXXXXXXXXXX_XXXXXX_XX__XXXXX__XXX_X__X__X__XXXX_X__XXXXXX____XXX__X_XX_XXXX_X_X_XXXX_XX____XXX_XXX_X_X_XX__X_XXXX_XXX__X_XXXX_XX_XXXXX__XX_X__X___XXXX_X___X_XXX_XXXX__X_XX__X_X_XXXXXX_X_X___XX__X____X_XX
X__XX_XX__XX__XX__X_X_XX__XX__X_X__XXX_X_XXXXX____XX_XXXXXXXXXXX___XX_XXXXXXXXXX___X_XXXXX_X__X_X_XXX_X__XX___XXXX_X_X__XX_X___X_XXXXX_X_XX_XX__X___XXX_X__XXX__XXXXX_X_XX_X_XXXX__X__X___XXXXX__X_X_X_X_XX___X__XXXXX_X_X_X_X_XXX__X_XXX_X___XX__X_XX_X__X_XX_X__XX__XXXXXXX_X___XXX_XXXX_XX_XX__XXX_XXXX_XXXXXX_XXXXXXXX_X_XXXX_X____X___X__XXX_XX_X_X_XXXXX_XX__X___XX__X_XXX__XXX__XXXXXXX__XX_X_____X__XXXX
XXXX___XXXXXX___X__XX_X_X_X_X_X_XX_____X__X__XX___X_XXXX_X___XXXXXX__XXX_XX___XXXXX__X____XXXX_XX_X_XX_XX____XXXX__X_XXXXX___X_X_XXX_X_____XXXXXX_XXXXXX_X__XXX__XXX_XX_X__X____X_XXXXX_XXXXX___XXXXX_XX__X___XXXXXXXXX_XX_XXXXXX_XX___XXX____XXX__XX_X_XXX_XX_XX_XXXXXXX_X_X_XXXXX_XX_XX_X____XX_XXX_X__X_X__X_X__XXX_XX__XXXXX_XXX_XX_XXX__X_XXXXXX__XXXXX_X_XXX___XX_XXX____XXXXX_XXXXX_X__XXXXXX_XX__XX_XX_X
_X_XXX_XX_XXXXXXXX__XXXX_XX___XXXX_X_XXXXX_XXXX_XX__X_X___X_X__XXXXXX__X_X_XX_XXXXXX__XX_XXX___XXXXX__X__XX_XX_X_X_XX_XX___X_XXXX_X_XXX_XXXX__X____XXXX_XX_XXX_XXX_X_X___X_XX_XXXXXX__XXXX_XXXX_XXXXX_XXX_XX_XX__XX___X_XXXXX_XX__XX_XX__XXXXX_XXX_______XXX_XXXX_XXXX_XXXXXXXXXXX_XX_XXXXXXX__XX_XX__X____X_XXX_XXX_XXXX_X_X_XX_XXXXXX_X_X__X_XX____XX_X__XX____X_X_XXXX_X_XX_XX__XXXXXXX___XX_XX__X_X_X_XX__XX
XX_XXXXXX_XX___XX_XXX__X_XXX_XXXXXXXXXX_X_XXX_XX__XXXX___XXX_XXX____X_XXX_XX___X__XXX_XX__XXXXXX_X_XXXXX_XXX__X___XX_XX_X___X_X_XX_XXXX_X_X_____X_XX_XXXX_X_X_X_XX___XX_XX_X_X_XXX__XX___X__X__XX______X__XXX__XX_XX____XX__X_XXXX___XX__X_X_XXXXX__X_X__X_X___XXX____X__X_XXX___XXXXX__X___XX_X_X_XX_X_XXX__XX_____XXX_XX_X_XXXXXXXX_XX_X___XXXXXXXX_X_X_XX_XXX___XXXX_XXXXX_XXXXXX_XXX_XX_XXX__XX_XXXX_X__X__X
X_XX__X_XX__X____X__X_X_XX__XXXXXXX__X_XX_X_XX____XXX_XXXXX_XX_____X__XXXX_X_XXX______X___XXX_XXXX__XX__XXX_X_XX_X__XX_XXXX_XXX_X___X_XXXXXXXXX_XXXXXXXX__X_X_X_XX_X_X_XX_X_X_X__XXXX_XX__X_XXXX_X_XXX___X___X_XX_XX____XXX_X_XX_X_X_X_X_XX___XXXX_X_X___X_X_X_X__XXX_X_XXX___X_XXXX_XXXXXXX_X__X__XXXX___XX__X_X_XXXXXXXX__X__XXXXXXXXXX_X_XXXX_XXX__XXXXX__XX_XX______XXXXXXX___XX__X_XXXXX_X___XXXXX___X_XXX_
XXXX___XXX_X_____X_X_X_XX_XXXXXXXX_XXX___XXXXXXX_XXXXXX__X___XXXXX__XX_XX_XX_XXX_XX___XXXXXX_XX_X_______XXXX_X_X__X__X_XX___XXXXXXX__X_X_XXX_XXXXXXXXX_XX__X_X__XXXXXXX_X__X_X__X__X__XXXX_____XXXXX_X__XXX____XXXX_X_X__X_X___XXXX_XXX_XXXXXX_XX___XX_X_XXXXXX___X_XX_XX_X_XXX___X___XXXX__XX_XXXXX___XX_X__XXXXXXX__XXX_X_X__XX__XX___XX_XXX_X___XX__X_X_X_X_XXX_XX_XXXXX_XXX__XXX__XX_XXXX_X_X_X_XX__XX_X_XX_
_____XXXXXX__X_X_XXXX__X___XXXX_XX__XXXXX_XXXXX_XXXXXXXXXX_X_XX____XXXX_XXXXX__XXXXX___XX__X_X_XXXXXXX_X_XX__XXX__XX__XXXXXX_XXXX_XX___XXX_X_XXXXXXXXXX_XX_XXXXX__X_X_XXXXX_X__XXXXXX_X_XXX_XX_XXXX__X_XX__X__XXXX__XXX_XXX___XXX_XX_X_X_XXX__X_XX_XX_XX_X_XXXX_XXXXXXX___XXX______XX_XXXXXXXXX__XX_XXXX___X_XXXXX__XX____XXXXXXX_XX___XXXX_XXXXXX_XXXXX____XX__XX_XX_XXXXX_X___XXXX__X_X_XX__X_XX_XX_X_X__XX_XX
_X_XXXXX_X____X_____XXXXXXX__XX__X___X___X__XXX_X_X_X_XX_XXXXXX___XXXX_XXXX_XXXXX_XX_X__XXXX____XX__X_XXXXXXXX__XXXX____XXXX_XX_XXX___XX_XXXX___XX__XXX__X_XXXXXX_XX____XX_X_X_X_XX__XXXX__XX_XXXX_X_X_XX__X_X__XX__XX_XX_XX_XXX_XX___X__XX__XX_X__X__XX___XX___XX__XXX_X_XXXX__X_X_XX_XX_X_____X_X_XXX_XX_XX_XXXXXXXXXXX__X_X_XXXXXXX__XXX___XXX_X___X_XX_XXXX__XX_XXXXXX__X_XXX_XX__XXX_XX__X_XX__X_____XXXX_X
__X_X_XXX_XX__XXX_X_X_XX_XXX_XXXXXXX____X__XXX_X___XXX_XXX__XXXX___XX__XXX_X_X_X_X_XX_X_XX_XXXX_XX_XXX_XX_XXX____XX_XX_XXX___XXX____X__XXXXXXXX_XXXXXXXX_XX_XX_XXXXXX_XXXX_X_XXX_XXXXXXXXXX__X_XXXXXX__X__XX_XX_XX_XX_XXXX___X__X___XXX_X_XX_XXXXXXX_______XXXXXXXXXX__X_X__XXXXX_XX___X__XX_X__XXX_X_X_X__XXXX__XXXX_XXXXXXX_XX___X__XX______XX_X_X_X_XXX__XXXXXX_XXX_X_XXX_XX___X_XX__X_X_XXXXX_XXXXX_XX__XXXX
X_XXX____X_XX__XXX_X_X_X___XX_XX_XXXXX___XXXXX_XXXX_XXXXXXXXX_XX_XX___XXXX_XX__XX__X_XX_XXX_X_X_XXX_XXX__X___X_XXX_X__XX_XX__XXX__X_XXX_____X_XXXXX___XX_X_XX____XXXXX_XXXX_X_XXXXX__XXX_XXX_X_XXXX_X_X_X_X_XXXXXXXXX__XX___X_XX__X_XX___X_XX__XXXXXX__XXX_XXXX__XX_X___XX__XXXX_XX__XXXX__X__XX__X_XXXXXX_XXX_X_X__X___XX_XXXXXXX_X_XXXXX_XXXXX___X____X__XXXXXX__XXXX_XX_XX____X_XXX____XXXX_____X_X_XXXXXXXX_
XXXXXX__XXXX____X_XXX_XX__XX_XX_X_X__XXX_XXX___XXX_XX___X__XXX___X__X__X_XX__X__XX_X__XX__XXXXX_XX_XXXX_X_XXX_XXX__X_XXXXXX_X__XXXXXXXXXXX__XXXXX____XXXXX_XXXX_XXXXXX____XXX___X__X___X_XXX___X__X_XXXXX__XXX__X_XXXX_XXX_XXX__XXXX__X__X_X_XXX_X_XX_XX_XX_XXX_X_XXXX_X_XXX_X_XXXXXXXXXXXXXX_X__XX__XXXX____X_X_X__X_XXXXXXXX_X__X_X_X_XXXXXX____XX_X___XX_XX_XXXXXX____X_XXXXX_X_XX_X__X_XXX__XXXX___XX__X___X
XX__X_XXX____X_XXXX_X_XXX__X_X_XXXXXXX_X_XXXX______XXXXX__X__XXX_XX__X_XX___XX_XX__XXXXXX_X________XXX_X_XXXX_X__XX_XXX______X____X___X_XX____X__XX__XXX____XXXXXXX_XXXXX___X_XXX_XXX_XX_XX_XXXXXXX_XX_XXX__XXX_X_XXX__XXXXXXX___X_XXXX__X__X__XXX__X__XX_XX_X_X_X____XXXXX_XXX_XX_XXXXXXX_X_X_X_X_XX__XXX_X_X_XXXXXX____XX__XXXX__X_X_XX_XXX___XXXX__XXX_XX_X_X_XXX_______XXX__XXX___XXX___X__X_X_X_XX__XX_X_XX
X_X__X______XXXX_X_X__XX_X_X_XXX_X_XX___X_X__XX_X_X_X_XXXXX__XX_XX__XX_X_X_X_____XX_XX___X_XXXXX_X____X____XXX_XXX_XX_X__XXXX__XXXX__X__XX_XX____X__X__XXXXXXXXXX__XX__XXX_X_XXX__XX_X_X___X___XXXXX_XXX_XX___XX_XXXXXX_X_XX____X___X_X____XXXXXX_XX_XXXXX_XXX_X_XX_X___X__XX_XX_X_XX___XX___X_X_X___XXXX_XX_X_X_XXX___XX__XXX______XX_X__X_XX___X_XX_XXX_XX_XXX_XXXX____XXXX_X_XX__X_X__X__X__X__XXXXX_XX__X_X_
X__XXX_XXXXXX_XXXXXXXX_X_XX__XXX__X_XXX__XXXX_X_XXXX__X____XXX_X_XX_XXXXX___X_XXXX__X__XXX__X__XXXX_X_X_X_XXXXX_XXXX____XXX_____XXX_XXX__X__XX__XXX_XXX___X__X_XXX__X__X_XXXXX_XXX_XX__XXX_X__XX_X__XXXX_XXXX_XXXXXXXXX___X__X_XXX_XXX__XXXX_X_X_XX_XX_X__XXXXX__X_X___X_X__X_X_X_XX_X_X_X___XXX___XXX__XX_XXX_X____XX_XX__XXX_XX_XXXXXXXXXXXXX_X_XXX__XX_XXXX_XX__X_XXX__XXX___XXXX_XXXXXXX__XXXX__XXX__XXXX___
__XXXXXXXX__X__X_XX_XX__XXX_XX_X__XXXXXXX__X_XX_XX_XX_XXX_XX__XXXXX_XXX_X_XXX_XXXX_X_XXX_X_XX_X_X_XXX_XXX_XX_XXX_XXXXX_X___XXXXXXXXXX_X_X_X_XXXXX_X_X___X__X_X__X_X__XX__X_X_XXXXXX_XX_XXXXXXX_X___XXXX___X_XX_X_XX_X__X_X_XXXX_X_X__XXXXXXXXXXX_XXXX_X_XX_XXX_XXXX_XXXXX_XX_____X_X__XXX_XXXXXX_X_XXXX___XXX_XX_XX_X_X_X__XXXX____XXXXXX__XXXXXX_XX___XXXX_XXXXXX_X_X_X_X_X___X__XXXXXX___X_XX_X____X_X_XXX_X_X
XXX_XXXXXXX_X__XXXX_XXXX_XXX__X_XXXXX_X_XX_X__XXXXXX__XXXXX_XXXXX_X__X__X___X____XXXXXX__X_XXXX_X_X____XX_X___X_X_XX_XXX_X__XXXX__XXX__XX_XX_XX_XXXXXX____X__XXXXXXXX_XXXXX_X_X__XX_XXX___XX_XX_XXX_XXX_XX_X_XX_X___XX_X_XX_XXXX___XXXX_X_XXXXX__X_X_XX_X_XX_XXXX_XXXX_XXXX___XXXX__X_XX_X_X__XX_X_X_XXXX_X_XXX__X__XX___XXXX_XX__XX_X_X_X__XXXXXXXXX__XXXXXX__XXXX_XXX_XXXX__X_XX_XX_XX__XXX_XXXXX_XXXX_X_X__X_
XXX_XXX_XX_XX_XXX_XX_XXXXXX__XXX__XX_XXX____XX_X_XXXXXX__X___XXXXXXXXX_X_XXXXX__XXXX_XXXXXXXXXXX_X__X__XXXX_XXXX_____X__XX_XXXXX_XXX__XXXX___XX_X_X__XX_XXX__XX__XX_XXX_X__X__X_____XXX_XXXX_XXXXXX_X_X___X_XXXXX_XX__X__XXX_X__XX_X_X_X__X_XXX_XXXXX__X__XX_XX_X_X_XX_XXXXXXX__XX_X_XXX_X___X__XX__X____XX____XX_XX__X_____X_X__XXX__XX_XXXXX_XXXXXXX_XXXXX_X_XX___X_XXXXX_X_XX_XXXX_X__X_X__XXXXXXX_XX_XX___XX
_____XX_X_X_X_X_XX_XXXXXXXXXXXXX_X_X_X__X__XXX_X_XXXX____XXXX_XXXX__XX_X_XXX_XX_XX_XX_X_XXX_X____X_X_XXX__XX__XXX_XX_XX__XX__X_X_XXXXXXXXXXX_X___X_X_XX_XX_X_X_XXXXX__XXXX___X_XXXXX_XXXXX_XXXXXX___X__X______X__XX_XXX__XX__X_XX_XX_XXXXX____X_X_XXXXXXXXXX__XXX__XX_XXXXXX___X_XX_X_XXXXXXX___XXX_XXXX__XXX_XXXXXX_XX_XX_XX_XXXX_XX_XX_XXXX__X__XXXXX__X_XXX___X__X_X_X__XX_X___X_X_XXX_XX_XX_XXX__XX_X______X
X_XX____XXXX__X_XX_X__X_XXX__XXXXXXXXX_XXXXX_XXX__X__X_XX_X_X_X__XXX__XXXXXX___X_XXX_XX_XXXX_X_XXXXX__XXX_XXXX_X_XX____X__XXX__X__XXX_X______XXX__X___X__X_____X_XXX_XXXXXX__XXXX__X_X_XXXX_X_XX_X_XXX_XXX_XXX_XXXXXXXX__XX__XX_XX_X_XXX___X__XX_XXXX_XX_X_XXX_X_XX_X_XX__X_X____X_XX_XX_XX_XX_____X_X_X____XXXX_XX_X___X__X__X_XX_X_XX_X_X_XX_X___XXXXXX_XX_X_XX__X___XXXXXXX___XX_XX___X___XXX_______XXX____X_
XX__X__X_XX_XX__XXX_XX_X___XX____XX_X___XX_X_X__X____X__X_XX_XXXXX_______X_XX_X____XX_X_XX_X_X_XXXXX__XXX_X_X_XX_XXXXXX_XXX__XX___XXXXX__XXXXXXXXXX_X__X_X___XXXXX_X___XXXXX___X__XX_XXXXX_XX_XX_XXX_X_X__X___XX_X_X_X___X_X_XX__XXX__X_X_X____X_X_XX_XXXXX__XXXXXX_X__X_XXX___XXXXXXXX__X_XXXXX_XXXX_XXX_XXXX_X__X_XXX___X_XXXXXX_XXX__X__XXX_XXXX__X_X__XXXXXXXXX_XX_X_XXXXXXXX__XXX__X_X__XXX____X_X_XXX_XX_X
X__XXXXX_XXXX____XXX______XXX_XX_XX_XX__XXXXX__X_XXXXXX_X__X_X__X__XXXXXXX_X___XXXX_X_XXXX_X_XXX_X_X__XX__X_XX___XXX___X_XX___XXXX___XXX__X___X_XX___XXX_X_X_XX__X__X_X___XXXX___XXX_X___X____XXXXX_X_X_XXXXXX_X__X__X_X_X_X_XXXX_X_____X_X_X_XXX__XXX__X___XX___X___XXXXXXXX_XX_X__X_X_X___X_XX__X_XXXXXX_XXX___XX_XXXXX_XX___XXXX_XXX_XX_________X___X_XX__XXXXXX_X____XXX_XXXXXXXXX__X_XXX__XX_XX__X__X__XXX_
XX_XX_XXX___X_XX_XXX_XXX_XXXXX_XX____XX__XXX___X_XXX_X__XXX_XXX_X_X_X_X_XXXX_XXXXXXX__X__XX__XXXX__X_X_XXXX_XXX_XXX_XX_X_XX_X_XXX_X_XX_XXXXXXXX__X__X_XX_XX__XXX__X__XXXXXXXX_X_XX_XXXX_XX__XX__XX_X_____X_XXXXXX___XXX_XXX_X__XX_XX__X_XX__X_X___X_X_XXXX_XXX_X_X__X__XX__X_XXXXXX____X___X_X_XX_X_X_X_XX_X_X__X_XXX____X_X__XX_XX_X_X_X_XXX_XXX_XXXXXXXXXX__X_X_X_____X_XXXX__XX_X_XXX_XXX_XXX_X_X_X__X_X__XXX
_X_XXXX_XX__X____XXX_X__X_XX____XXX_XX_X_________X__XXXX__X_XXX____X_X_XXXX_X__XXXXXX_XX___X_XXXXXXX_XX_XX_XXX_XXXXXXXXX__XX____XX_XX__X_XXX_X_XXX_X_XXX__X__XX__XXX_XXX__XX_XXX_X__XX__XXX_XXXXXX_XX___XXXXXXXXXXX__X_XX_XX_XX__XX_XXX___X__X__XX_X_X__X___X_XXX_XXXXXXX___XXX___X_XX____X_X_X__XXX_XX__X_XX__XXX_XXXX___X___XXX____XXXXXXX_XXX_XX_XXX_X____XX__XXX_XXXX_XX_XXXX_X___X_XX___XX_XX_XXX______XXX_
X_XXXXX__XX__X__X_X___XXX_XXX_XXX_X___XXXXXX__X_XXX_X____XXXXXXXX__XXXXXX__X_XXXXX_X_X_XXX_X_X_XXXXXX_XXXX_X____XX__XX_X__XXX____X_XX_XX__XXX_X__X___XXXXX_XX_____XXXXX_XX_X_XXX_XXX_X_X_XXX_XXX_XX_XX_XX_XXXXX__XX_X___X_XXX______X__XXXXXXXXXXX_X_XX__X_XXX__XXXX_XXXXX__XXXX_X___X__X_XX_XX___XXXXXX_X_XXXXXXX_X__X_X_X__XXX_XXX_X_X__XXX_____XX__XXX_X_X__XX_XXXXX__X_XX_XXXXX______X__XXXXX_X_X____XXX_XX__
XXXX___X___XX_XX_XXX_XX_XXXXXXXXXX__XXX_X_XX_X_XXXXX_XXXX_XXXXXX__XX_X_XX_X__X__XX__XXX_X_____XXXXXXX_XXXXXXX___X__XX_X_X____XXXX_XX__X___XXXXXXXX_XXXX_X____XXXXXXXXXX_X__XX__XX_XX__X_X_X__XX_XXXXX_XXX_X____XX__XXX_X__XX____X_XX_X_____X__XXXX_X__X__XXX_XX_XXX_XX__XXXXX_XX_XXX_X__XX_XXX__X_XXXXXXX_X_X__XX_XXX_XX_XXX__X__XXXXXXXXXXXX_X_X__X___XXXXX___XXXXXXX__X_XX_XX_X___X_XXXXXXXXXXX_X________X__X_
X_XXXX_XXXX___X_X_XX_XX_XXXX_X__X___XXXXXX__XX_X_X_XX__X___XXX_XXX_X_XXXX_XX_XXXX__X_XX_X____XX_XX__XX_XXX_X__XXX_XXXX___X__XX__XXXX_X_X_X_X_X_X_X_XX__XXXXXXXXX__X____XXXXXXXXX__XXXX__XX_XX__XXXXX_XX_XX__XXX____XX_X_____XXX__XX_X_XX_X__X_XXXX_X_____X_XX_XX__X_X_XXXXXX_XXX_XX_XXXX__XXX_XX_XX___XXXXXXXXXXXXXX_X_XXXX_XXXX_XXX_XXX_XXXXXXX_XXXX_____XXXXXXX_XX_XXXXX_XXXX_X____X_XX_XX_XXXX__X_X___XXX____
X__X__X_X___XX_____X_XXX__X_X__XXX____X_X_XX_XX__X_X_X___X__XXXX_XXXXXX_X_X_XXX_X__XX__X__XX_X__XXXXXX___XXXXX_X_X_XX____X__XXX_XXXXX__XXXX___X_X_X_XXXXXXXX_XXXX_XXX_X_XX__XXX_XXXXX_XX___XXXXXXXX____XX_X_X_XXX__XXX_X_____X_XXXX___XXX_X_XX___XXXXXX__X__X__X___X_X_XXXXXX_XX_X_XX_X_XXX_XX_X_XXXX___XXXXXX_XX_X_XX__XXXX_XXXXXXXX_XXXX__X_X_X__XXXXX__X_X__XX_XX__XXXX__X__XX__XXXX_X___XXXXXX_XXX__XX_XX_X_
X_XXX____XX__XXXX_XXXXXXX_X___XX__XXXX__XX_XX_XXX_X_XXXXXX___XX__XXXX_XXX___X_X__X___XX_X__X_X__XX_XXX_XX_X_XXXXX_XX__X__X___X___XXXX__XXX_XXXX_XXX__XX_XX_X______XX_X__X_X_XX_XXXX_XXX_XXXXX___XX_XXX__XXXXXX__XX_X_X_XXXXXXX_XX_X___X_X__XX_XX_X_X__X_XXXX_X__XXX__X_XXX___X_XXXXXXXXX_X__XXXXXX_X_XXX__XXX__XX___X__X__XX_X_XXX_X_XX_XXXXX__XX__X___XXX___XXX_XX_XXXXXXXX_XXX_XX_XXX___X__XX_X_XXXX__X_X____X
X__X____XXX_X_XX___XXXX_XX_XXX_XXX_XXX_X_XXXXX_X___XX_X___XXXXXXX_X_X_X_X_X_XXX__XX__XXX_XX__X__XXXX_XX_X_XXX___XXXXXX_X_X_XX_XXX___XXXX_XX__XXX_X_XXX_XXX___XXXX_X_XX_XXXX_X__XXX_X___XXX_XXX_____XX__XXX_XXX______XX_____X___X__X___XXXX_XXX__XX__XXXXXX__XXX_XXX_XXX_XX__XXX_X_XXX_X_X_XXX____X____XXXXXX_XXXX_XXXX_XXX_X___X_XXXX_X____XXXXXXXXXXXXX_XXXX_X_XXXX___XX_X_XXXX_XXXXX_X_XX___XX_XXXXXXXX_XXX___
__XXXX__X____XXXXX_XX_XX__X_X_X_XX__X__XX_XX_X_X_XXXXXXXXXX_XXX_X_X_X_X_XXX__XXX__XX_XX___X__XX__XX___X_XXX_XX_XX__XXXX__X_______XX__XXX_XXXX____XX_XXXX__X__XXX_XX_XXXXX_XXX_XXXX__XXXXXXXXXX_XXXXXXX__XX_XX__X_X___XXXX_XXXX_____XX___XX_X_XXX___XX__XXX_X_X_XX_X_XXXX_XXXXXXX_X_XX_XXXX_X_X___X_XXXX_XXXXX__XXX_XXXXX__X_XX_XXX_XX___XXXX___XX__XX_XX_XXXX__XX_X___X__XX__XX_X_XXXX_XXXXX__X__X__X_XX_X__XXX_
_XXXXXX__X_XX___X_XXXX_XXXX_X____XX_XXX__XX_XX___XX_X_XX_X___XXX__X_XXXX_X__XX__X___XXXXX_XXX_______X__X______X__X_XX____XX___X_XX_XXXX___XXX__X_X_XXXXX_____XXX_XXX__XXXX____XXXXXXX_XXXX_XXXXX__XXXX_X__X_______XXX_XX_XX_XXXX_XX_XXX_XX__X_XXXX_X__XXXXX________XXXXXXXXXXX__XXXX__X_XXXXXXX_XX_X__X__X_XX____XX_XXX___XX__XXXX_XX_XXX_X_XXXXXXX_X_XX___X_X_XX__XXX___XX_XX__XXXXXXXX_X_XXXXX___XX___X__XXX_X
X____XXX___X_X_XXX_XXX_XXXXXX__XX___XXXX_X__XXXXX_XXXX_X_XX__XXX_X_X_____XXXXX_XX__XXX_XX_XXX__XXX_XXXXX____X_X__XX__XXX_X____XXXXX__XXXX__X_XX____XX_X___X_XXX_XXX__XX_X__X_X_XX__XXX_X_X__XXX__XXXXX__X_XXX___X_X_XX_XXXXXX_X_XXXXXXX_XX_X_XX_X_XX__XXXXX_X_XXXXXXX__XXX_X_XX_XX____X__X_X__X_X_XXXX_XXX__XX__XX__X_XXXX__X___XXX__XXX_X_XX_XXXXXX_XXXX____XXX_XX_X_X__XX__X__X_X_XX_XX_XX_____XX_XX_____XXXX_
XX__XX_XXXXX_XXX_X__X___XXXX_XX__X____XX_XXX_XX_____XX_XXXXXX___XXX_XXXXX_XXXXXX_____X__X_X__XXXX_XXX_XXXXXX__XXX__XX_XX__XX_XXXXXX__XXXX_XX_XXXX__X_XXXXX__XXXXXXX_X___XXXXXXX_X_X_XXX_X_X_XX_XXXXX_X____X_XXXXXX__XX_XXXX_X__X__XX_X___X_XX___X_X_X___X_X__XXXX_X_XX___XXXXXX_X__X___X_X_XX____XX_X_XXX_XX_X_XXX_X___XXXX_XXX__X_XX_X_X___XXXXXX____X_XXX___X_XX_XXX_XXXX_X_XX_X_X_XXXXX_X_X__X____XXXXXXXXX__
_XXXXXXXX__XXXXX___X_X_XXXXXXXXX___XXX___XX_X_XXXX__X__X___X__XX_XX_XXXXX_XX_XXX_X_XX_XXX_X___X___X_X__XXX_X__X_XX_X_X_XXX__XX_X__X__XXX_X__X_XXX__XXX_X__XX____X_X______XX_XXX_X_X___X_XXXXX___XX__X_XXX_X_XXXXX__XX__XX__X_X_XX_XXXXX_X_X_XXX__X_X_X_XXXXXX_XX___XX___XXXXXXX_X_XXX__X_XXXXX____XX_XX__X_X__X__XXXX_X_XXXXXX______XXXXX_XXXX_X_XX__X_X_XX___X___X___XXX_XX__XX__XX__X___XX____XXX_X__XX_X_XX_X
XXXXX__XXXX_XXX__XXXX_X_X_X__XXX_XXXX_X__X_XXX__XX_X_X_XXX_XXXXX___XX__X__XX___XXXXXXX_X_XXX__X_XX_XXXXXX_____XX__X_XX___X_X_X__X__X_XX__X_XX_XX_XXXXXXXXXXX____XXX_XXXXXX_X_XXXX_XXXXXXX_X_X_XX__XXX_X_XXX_X__XXX_XXXXX__X_XXXXXX__XXX__XXX_XX_XXXX_____XXX__X_X_X_XXXXXXXXXX_XX___X__X_XX_XXXXX_XX_X_XX_XX___XXXXXXX__XX_XX_XX_X___XX_X_XXXX_X_X_XX___XX_XXXXXXXXXX_XXXX___XX__XXX_XXX_X_X___X_XXXXXXX__XX_X__
XXXXX___XXXXXX__X____XXX_X___X_XXXXX__X_XXXX__X_XX__XX_X_XXX_XXXX_XXX_XX_X__X_XXX_X__XX_XXX___X__XXX__XXXXX__XXXXXXX_X__XXX_XXXXXXX_XX__XXX__XXX_XXXXX_X____XXXX_X_XXX___XXXX___XXXXXX_X__XX_X_XX_XX___XX__XXXX______X_X_XXX_XXXXXXXX_X_______X_XXXXXX_X_X_X___X_XX_XXXX__X_X_XXXXXX___XXX__XXX__X_XXX_XX__X_X____XX_XXXXXX_XX__X_XXXXXXXXXX_XX______XX_XXXXX__XXXXX_X____XX_XXXX_XX__XXX_XXXXXXX_X________X_X_X
XXXXXXX_XXX_XX_XXXXX_XXXX_XXXXXXXX__X_X_X_XXXX_X___X_XX_XXX_XX__X_XXX__X_____XXX__XXX_X_XXX_XX_XX___XXXX__X_X___XX__X__XXXXXXX_X___X_XX__XX_X_XX__X____X_X_X_XXXXXX_____XX_XX__X_XXX_X_X____XX__XX_XXXXX_XXXXX__XX__XX_XXX_XXXXXXX_X__XXXXXXXXX_X_X_X_XXX_X__X__XX__________X__XX_XXXXXXX_XXXX_XX_XX_X_XXXX__XXXX__X_____XXXXX__XXX___X_XX_XX_X_X_XXX_X___XXXXX___XX__XXXXXXXXXX_XX_X_XX_XXX__XXXXX___XXXXX__XXX
____XXXXXXXX___X_XX_XX_XXXXX__X_XXX___XXXXX_X_XX___XXXXX__XXX_XXXX_XXXXXXXX__XXX__XXXXXXX_XX_X_XXX__X__XXXXXX_X_XXX_X_X___X___XXXXXXX__XXXX_X_XX_XX_X___X_X__XX_XX____X__XXX_XXX____XXXXX_XXXXXX_XX_XX____X_XXX___XXXX___XXX__XXX_X__X_X__XXXX__X___XXXXX_XX_XXX_X_XX____XXXXX___X_XX__X_XX_XX_XXXX__X_XX_X__X__XXX_X__XX_XXXXXX_X___XXX_XX___X____XX_XXXXXX_XXXX_X__X__X__X____XX_XX_XX__XXXX_XX___XXX_XX_X_XXX
XXXXXX_XXX_X_XXXX_X__X_XX_XXXXXXXX_X_X_XXXXX_X__XXXXX_XX_X_X_XX__XXX__XX___X_XXXXX____X__X_XXXXXX__X__X___XXX___XX_XXXX__X_XX_XX__XX_XXXXXXXX_X__X_XXX__X_____XX_X_XX_XXXXXX__X_X___XXX_X__X_XX__XX__X_X_X__XXXXX__X_XXX_____X_XXXXX_XX_XXXX__XX_X_XXX__XX__XX_XXX_XXXXX__XXX__X_XXXX_XXXXX_______X_XXXX__XX_X_XXX__X__XXXXXXXXX___X_X__X____XXX_X_XXXXX_XXX__XXXXXX_XX____XXX__XX___X_XXXX___XXX__XXX_XXXX_XX__
XXX___XX____XXXXXXXXX_XXXXXX_XXXX_X_XXXX_X______XX_X__XXXXXXX_XXX_X_XXXX_X_XX_XXXXXX_XXXXXXXXX__X__XX_X_XX_XX_XXX_XX_XXXX__XXXX_X_X_X___XXXX__X__X_XXXXXX_XXX_XXXXX_X_XXXXXXX_XXXX_XXXXX_XX_X___XXX_X_XX_XX_X_X_XX__X___XXX__XXXX_X_XXXX_XXX____XX__XX_XXXX_X__XXX____XX____XXX_XX_XX__XX__XXX_X_X_X_XXXXX_XXXXX____X__XX___XXXX__X_XX_XX___X_XXX_XX_XX_XXXXX_XXXXXX_XXXXXXXX_XX__XXXXX_XX_XX_XXXX______XXX_XX__
__X_XX_X_XXXXXX_X_X___X___X__XXXX_XX_X_XXXX_XX_XXXX_XX_X_X___XXX____XXXX_X_XXXXXXX_XX__X__X__XXXX_XXX_XXXXX__XX_XX_XX_XXXXX__XXX_XXXXXXX_XX_XXXXX__XX_XXXX_XXXXX_XXX_X_XXX_XXXXXX_XX_XXXX___X_X_XX______XXXXXXXXXXX_XX_XX_X_XXXXXXXXX_X__XXX_X_XXX_XX__XXXXX__X___X_X_XX____XXXX_X_XXXX_X___XX_XXXX_XXXXXX_XXX_X__XX__XX__XXXXX_XX_X_XXX_XX___XXXX__X_XXXXXXX_X__XXXXXX_XXXXX_XXX_X__XX_XX_XXXXXX___XXXX_XX_X_XX
XXX___X_XX_XXXXXXXXXXX__X__X_XXXXX_XXXX__XXXX_XX_XXXX_X___X_XX__X___X__XX_XXXXXXXXX__XXX_XXXX_X_X_XX__XXX_X_XX_X_X_XX_XX__X_X_XXXX_XX_X__X__XXX__XXXX_X_XXXXXXX_X_X_X___XX_X__XXX_X_X_XX__X_XXXXX_X___XX____XXX__XXXXX_X__X___XX____X_XXXXXX_XXX_X__X_XX____X_XX_XXXX___XX_XX_X_XXXX___XX__X_X_XX_XXXX_X___XX__XX__XXXX__X_X_XX_____X__XXX_XX__XX__X_X__XXXX_____XXX__XX___XXXXX_XXXXX_X_XXXXX_XXXXXXXXXXX_X__XX
___XXXXXX_X_XX_XXX____X__XXXXX__XX___XX____XXX_XXX_XX__X_XXXXXXXX_____XXXXX_XX________X_XXXXX_XXX_XXXXX_XXX__XX__XX__XXX_X__XX_____X_XXXX_X__XXXX_XX____XXXXX_XXX_XXX________XXXX__XXXXXXX_XXXX_X_X___XXXX_XX_XXXXX____X_X_X_X_X__XXXXXX__XXXXX_X_XX_XXXXXX______XXX__XX____XXXXXXXXX_XX___XX_XX_XXXX_XXX__XXX_X__XXXXXXX____XXX__XXXXXXXX__XXXX__XXXX_X_X_X_XXXXX__XX_XXXXXXX_XXXX__X_X_XXX_X_X_X___XX______X_X
__X_XX___XXX_XXX_XX_X__XXXX__X_XXX_XXXXXX_XXX__XXX___XX_____X____XXXXXX___XXX_X__XXXXX_X_X_XXXXX_XXXX_XXXX___XX_X_XX__XX_XX_X_XXXXXXXX_X_XXX_XXX_X_X__XXX_X_____X___XXXXXXXXXX__X_X__XX_XXXX_XXXX_XXXXX____X_XXXX_X____X__XX___XX_X__X__X_X___X_X_XXXXX_XXX_XX___XXXXXXXXXX_XX_XXXXX__XXX__X__XX_XX_X_____XX_X__XXXX___XXXX_X_X___XXXX___X_X__X___XX_X__XXXXX_XXX_X_XX_X___X___X__XX__X_X__XX__XXX____X______X__
X_XXXX_XXX_XXXXXXXXXXX_X_X_X_XX_X__X_XXX_XX_XX__X___X_XXX__X_XXXXX__X___X_XXXXX_XXXXX___XXX__X_XX__X__X_XX_XXX_X_X__XX_X___XX_XXXX_XXXX_X_XX_X_XXX_X_XX___XXXX_X_______X____XXXXXX_XX_XX___XXXX__X_XX__XXXXX_X_XX_X_XXXXXXXXXXX_X__XXXX__XXXX__X_XX_X_____XXX______XXXXXX__XX_XXX_XXX__XX___X____XXX_XXX___X___XX_X_XX_X_X____XX_XXXXX__XXXXX__X___X_XXXX_XX_XXX_XX_XXXX___XXX__X_X__XXXXX_XXXXX_X__XX__XXX___X_
X_XXXXX_XXXX_XX_X_XXXXXX_XX_XX_X_XXX_XXX____X__XX_XX_X_XX_X_XX_X_XXXXXX_XX_XXX__XXX_XX__XX___XX_XX__X_XX_X__XX__X_X_X_X_XXXX___XXX___X_XX_XXXX_XX_XX_XXXX_XXX__XX_X_XXXXXX___X_XXXXXX_X_XXXXX__XX_X_XXX_XX__X_XX_XXX__X_XXXX_XX_X_X_XXXX_X__XX_XX_XXXXX____XXX___XXXXXX___X__XX_X_XXXXXXX__XXX_XX__XXXX__XXX_XX___X_X_XX___XXXX__X__X__X__X_XXX__X__X_XX_X__X__XXXX_____X_XXX_XXX_X_X_XX_XX__X__X_X_X_XXX_XX_XXX
_X__X__XX_XX____XXXXXXX_XXXX_X__XX_XX_XXXXX_XXX__X__XXX_XXX__X__X__XXXXXXXXX__XXXX__XXXXXXXXX___XXX_XXX_X_XX_XXX_XX__X_X_XX__XXXXX_XXX__XX_XXXXXXX__XXXX_XX__X_XX_X_X_X_XX_XX_XXXXXXXX__X___XX_XXX__X_XXXXXXXXXX_X_XXXX___X_XX_____XXX__XXX_X_XXXX__X__XX__X___X___X_X__X__XXXXX_XXX_XXXXXXX____XX_XX__X__XXXX_X__X_XX_XX_X__X_X_XXXX___XXX_XXXXXXXX__XX____X_X__XXXXXXX_X_XXX_X_X__XX__XXX_X_XXXXX_X__XX_XXXXX_
X_XXXXX_X_XX_XXXXXXXX_X_XXX_XX_XXX_XX_XXXX_XX_XXXXXXXXX__XXXXXXX_XX_XX______XXX_X_XXX__XXX_____X__X_X_X_X___XX_XXXXX_XX_X__XXX_XX__XXXXX___XX_X____X_XXXXX__XX_XXXX_XXXX_XXX_XXXXX___X__XX___XX_X_XX_XX_XXXXXX__XXX_XX_XXXXXXXXX_XXX_X__XX_XX__XXX_X_XX_XX__XXXXXXXX__X_XXXXXX___XX_____XXXXXXXXX_XX_XX_XX_XX___X_X__XXXX_X_X_X_X_________XXXX_XXXXXXX_X_X__XX_X__XXX_X__XX_XXXXXX_X_XX_XX_XX_XX_XX_X__XX__XXX_X
X__XX_X_X_X_XXXX__X_XX_XXXX_X_XX___XXX_X_XXXXXX_XX_XXX_XXXXXXXXX_X__XX__XXX_X_XXX_X____XXXXX_XX_XXXX_XXXXXXX_XXXXX_X__XXXX_X_X_XXX_XX_X_X____XXXXXX___X_X__XXXXXX_X_XXX___XX__XXX__XXX_X__XXXX_XXXXXX__X_X_XX__X_XXXXXX___X___XX_X_XX_X_XXXX_XX_X__XX___XXXX__XXXX_XXXXX_XXXXXXX_XX_XXXXX____X_XX_XXXXXXX____X_XXXXX_XX__XXXXXX_XXX_XXXXX_XXXXXX_XXXXX_XXXX_XXX___X__XXXX___X__XXX_XXX__XXXXXX__XX___XXXXX_XX__X
XXXXX_XX__XXX__X__X___XXXXXXXX__XX___XXXXXXX_XX_XXXX_XX_XXX_XX_X_XX____X_X_XX_XXX_______X__XX_X__X_X_XXXX_XXXX_XX_XX_XX_X___XXX_XX_X_XXX_XXX__X___X_X_XXX__XXXX_X_X_X_XX_X_XX_XXX_____XXX___X_X_X____XX__XXXXXXXXXXX_XXXXXX__XX_X__XX_X_XXXXX__X___XXX___XX_X_____X_XX___X_X_X_X__X_XXXXX_XXX_X_XX__XX__X_XXX_XX_XXXXX_X_X__XX__XXXXX____X_X__X_X_X__XXXX_X______X_XXXX_XXX__XXX_XX__XX_XX_XXXXXX___XXXX_X__X_X_
__XX__X_XX__XXXXX_XX_XXX_XXX_X_X__XX___X___XXXXX_X_X_XXXX_XXX_XXX___X_XXX_XXXXX_X___XXX_X_XX_XXXXX_XX_____XX__XXX_XXXXXXXX_XXX__XXXX____XX_XXX_X_XXXXX_X__XX_XXXXX_XXXX_XX_XX_X___X___X_XX__X_XXXXXX_X_XXXX_X__XX__X_XX_XXXXX_XXX___XX_X_X__XX_XX_XXXXXXX___X_XXXX_XXXX___X__XX_XXXXXXX_XXXXXXX_XXX_X_XXX_XXX_XXXX_X__XXXXXXX_X__XX__XX_XXX__XX___X__X_XXX___XXXXXXX__XXXX_X___XXX_XXXXXXXX_X__X___XXXXXXX_XXXXX
XXXXXXXXXX___XX_XXXXXX_XX_XXX___X____XXXX_XXXX_X_XXX_X_X__X_X_XXXXX_X__XX___XXX_XXXXXXXXXXXXXX_X____XXXX_X_XXXXXXX__XX_XXX_XX_XXXXX__XXX__X__XXXX_XXXXXXX_X_XX_X__XXX_XXXXX_XX___X_XXXX__XXXXX_X_XXXX__XXX____XX_______XXXXXX_XX_XXXXXX__XXX_X_____XXX__X___X_XX_XX_XXXX__X_X_XX_XX_XX_XXXX__XX__XX_XXX_X___X__XXXXXXXX_XXXXXXX_XX___XX___X_XX_XX_X_XXX__X_XXX_XXX___X___XXXX_XXXX___X____XX__X_XXX_XXX__XXXX_X_
X___X_XXX_XXXXX_XX_XXX_XXX_XX_X__X___XXXXXXX_X_XXXX_X__XXX__X__XXXXXXX______X_X_XXXXX__XX_XXXX__X_XXXXX_X_XXX_X___XXXXXX_X__X_XXX___XXX_X____XXXX_XXXX___X_X__XX___X_X_X___X_______XXX_X__XXXX_XX_XXX_XX____X_X__XX_X__XX_XX_XX_X_XX_XX_XX_X_XXXX____XXX__X___X_X_X_X_X_XXX___XX__X_XX__XX_X_X_XX__XX_X_X___X_XXX_XX_XXX_XXX_XX_XX__XX__X_X_X__X_XX_XXXXXXXXXX_XX_XX__XXXX_XX_XX__XX_X__XXXX___XXX_X__XX___X____
XXX___X_X__X_X__XXXXXX__XX__X__XX_XX_XXXX_X___XX__XXX__XX_X_X__X_XXXX_X____X__XX__XXXXXXX___XX__XX_XXXXXX_XXXX_X____X_XXXXXXXX__XXX_X_XXX_XXX___X_XX_X__XXXXXXXXXX__XXX_XXXXXX__XXXX_XXX_X_X__X____X__XXXX_XXX_X___X__XXXX_XXXXXX_X__XX_X__XXXXX_X__XX__XX_X__X_X_X_XX_XXXXXXX__XX_X__XXX__X____XX___XXX_XXXXX__X___XX__XX_XXX_XXXXXX_XX_X_XX_XX__X_X_X_X__XXX_XXXX_X_X____XXX__XX_XXXX_XX__XXXX_X__X_X__XXXXX_X
_XX_X__XX_X_XXX__XXXXX____X_X_XXX__X_XXXXXXX_X_X_X_X__XXXXXXXX__X_XX_X_X_____XXXXX_XXXX_X__XX__XXXX_X_XXX_XXX_________XX___XXXX_XX_XX_XX_XX_XX_XXX__XXXXXXX_X___XXXXXXXXX_X___X_XX_X_X_XXX_XX_X__X_X_X_X_X_XX__X_X_XXX__X_XXXXXXX_X_XXXXXX_XXXX_X__X_X_XXX_XXXX_XX__XXX__X___XXXXXXXXX_X___X__XX_XXXX_XX_X_XXXXXX_X_XX_XXX_XX_X___XXXXX_X__XXX__XX_XX__XX__XX_XXXXX_X_XXX_XXXXXX_XXXXXXX_XX___XX_X_X_X_XXXXX_X_X
__X_X_XX_XX_XXX__X__X___XX_X_XXXXXXXXX__X_XXX_XXX_XXXXX_XX__XXXX___X_XXX__X_XX_X___X___X_XX__X___XX___XXXX_X__XXX__XXX_XX_X___XX_XXX__XXXXXX__X_XX____XX_XXXXXXX_XXXXXXXXXXXXXX___X__XXXXX__X_XX_XX_X__X__XX_XXXXX_XX___X__XX_XXXX_X__XXX_XX_XX__X_XXXX_XXXX___X_X_X__XXXX_XXXX_XXX_XXXXX_X_X_X_XXXX__X_XXXX_XX___XX_XXXX__X__XXXXX___XXXXX_XX_XX___X_XXXXXX_X_XX__X_X__XX__X_XX_X__XX__XXXXXX_XXXX_X_XX_XX____X
_XX___X_XX_XXXXXXXX_X_XXXX__XXX_XXX_XX__XXXX_X__X__X_X_XXXXX__X_X_XXX_XXX__XX_XX__XXXXX__X__XXX___X__XXXX__XXX_X___X__X_XX__XXXXXXXX_XX__X_X_XX_X_XX_X_XXXXXXX__X__X_XXX__X_____XX__XXX_XX_X_XX_X_X_XXXX_X____XXXXXXXX__X__XX_XX_XX_XX____XX_X_X_X_XXXXXXXX__X__X_XX_X_XX_XX___XXXXXXXXXXXXXXXXX_XXXXXX__X_XXX__XXX_XXX___XX_XX___XXXX_X_XX___XX_XXXX_X__X_XXX_X_X__XXX_XXXX___XXXX_XXXXXX___X___XXXX___XX_XXX_X
_X_X_XXXXXX_XX__XX_X__X_XXX__XXX_X__X_X_XX_X_X___X_X__XXXXXXXXX_X_X_XXXXXXXXX_X_XXXXXX__XX___XX_XXX_X_XX_X_XXX_XXX_XX_X_XX_X__XX__X_XXXXXXX_XXX_XXXX_X____X_X_X_X__XX_X___X_XX___X_X_X_XXXXX____XX_X__X_X_XXX_XXXXX_XX_XX__X_XX_XX__XX_X__X__XX_XX_XXX___XXX___XXX__XXX_X_XX_X__X_X_XX_XXX___XXX___XXX_XXX___X_X_XX_XXX___XX__XX__XXXXX_XX__X_XX_X___XX_XXX___X_XX_XX__X_X_X___X__XXXXX_X__XX_XXXXXXX_XXXX_X_X__
XX_XXXX_X__X___X___X___XXX__X_X_XXXXX___X__XXXXXX___XXX_X_X_XXXX_XX_XXXXXX_XXX__XXXX____XX_XXX_X_X__X_X__XXX_XX_X_X___XXXXX_XX_XX_X_X_X____XXXXXXXX___XX_X_XXX__X__XXXX__XXX__XX____XXX_XX_XXXX_____XX__X__X_XX_X_XX_XXX__XX___XXX_XXX__X_XXXX_X_X_XXXX__X_XXX__XX_X______X__XXXX___XXX_XXX___X_X_X_X_XXXX____XXX__X_XX_X__X__XXXXXX__X_XX__X_X_X__X_X_XXX__X_XXXXXX_X___XXXXXXXXXX_XXXX_X_XXXXXX_X__XX_XX_XXXXX
X__XXX_X_XX__XXXXX___XXXXXXXXX_XXX_XX__X___XXXXX__X__X_XXXXXXXXX_XX__X__XXXX_XXX__X_X_XXX__XX____XXXXXXX_XX__XX_XX__XX_X_X____X__X_X_XXXXX_X_X_X_XX_XXX_XX___X_XXXXX_X_XXXX_XXXX___XXX_XX____X__X_XXXXX_X___XX__X_XXXXX_XX__XXXXX___X___XXX_X_XXXXXX__XXXXXXXXX_XXX_X__X____XXX_X__XXXX__XXXX_X___X_XXX__X___X_XXX___XX_XX__XX_X_XXXX_XX_X___XXXXXX_XXXX_XXXXXX_XX_X__XXXX_X___X_XX_XXXXXX_X_X__XXX_X__XXX_X_XXX
X__X_X___XX_X_XXXX_X___X__X___XX_XXXXXXX_X_XX_XXXX_XXX__X_X___X___XX_X_____XX_X___X____XXX_XXXX___XX_X_X_X_X_XXXXX__X__XX__XX__X_X_X_XX__X_X_X_XX__XX___X_X_X__XX__XXXX_XXXXXXXXXXXXX__XX__X_X__XX___X_XXX__XX__XX_X_X_XXXX_XXXXXX_X_XXX_X_X_XX___XX__X__XX_X_XXX__XX_XX_XX__X___XX___XXX__XX__XX_XXX_X__X_XXX___XXX_XX_____X_XXXX_X_X_XXX____XX_XX_X_XXXXXX_XXXXX_X__XX__XXX_XX_____X_XXX__XXXX__XXXX_X_X__X_X_
_XX_XXX_XXXXX_X_XXXX__XXX___X_XXXXXX_X___XXXX__X__XXX_XXX___XX____X____XXXXXX_XX_X__XX_X_XXX_XXXXXX___XXXX_X_X_XXXX_XXX___X_X___X___XXX_XXXXXXXXXX___XXX__XX_XX___XX_X_XX___XX_X____X_XX_XXXXXXX___X_X_XXXXXXXXXX_XXX_X_XX_XXX_X_XXXXXXXXXXXX____XXXXXX_XXXXXX__XX_XXXXXXXXXXXXXXXXXXXXXXX_XXXX_XXXXXX_X__XX_XXXXXXX_XXXXXX_X_XX___XXX__XXX__XX__X__XXXXXX_X_____XX_X_____X__X_X__X_XX____XX_XXX__XXX_XXXXX_XXXX
___XXXXXXXXXX_X___X_XXXXX_X_XXXX_XX_XX_XX_XX_XXXXX____XXXXXXXX_XX___XXX_XXXXX___XX__XXXX_XXXXXXXXXXXXXX_XXXXXX_X_XX__XX__XX__X__XX_X_X__XXXXXXXXXX___XXX_X_XX_XXX_XX_XX_X_X__XXXX_XXXX_XXX_X___XX_XXXX_XXXX__XXXXXXX_XX_X__X_XX________X__XX_X_XXX_XXX_X_XXX__XXXXXX__XX___XXX__X_X_XX_XXXX_XX_XX_XX_X_X_XXX__X_X____XXX__XX_X_X_X_X_XXX__XXXXX_XXXX_X_X___X__X_X_X_XXXXXX__X____XXXX_X__XXX_________XXX_XX__XX_
XX_XXXXX_XXXXXXX__XX___XXXX_XX_XX__XXXX_X_XXX_X__X___XX__X__XX__XX_XX_X__X_X_X__XX___XX_XX___X_XXXXXXXX_XXXXX_XXX_X___XX_X__XXXXXXX_X____XXX_XX_XX__XXX_______XX__X_XX__XXX_____XXXXX__XX_XXX_XXXX____X__X_X_XXX______XXXXXX__XXX_XX_XXXXX_X_XX__X_XX_X__XX_XXX___XX_X_X_XXX____X_X__X_XXX_X_XXX_XX_XXXX_X_XX_X____XXXX_XX___XXXXX__X___XXXXX__XXXXXX_XXXX___XXX_X_XXXX_XXXXXX___X_XX_XX___XXXXXX_X_X_XXX___X__X
XX____XX_X_XX_X_XXXXX_XX_X__XX__XXX__XX_XXXX___XXX_XX__XX__XX__XX_XX_X__XXXX_X_X_XXX_XX__XXX__X__XX__X_XX_X__X_XX___X_X___XXXX__X__X_XXX_XXXXXXX_XXXX_____X__XXXXXXXXXX_X_XX__XXXX_XXXXXXXXX_XXXX_X__X_X_X_XXX_XX____X_X__XX_X____XXXXX__X_X__X_X__XXX_XXXX_XXXX_X__XXX__X_X_XXXX_X_XXX__XX_X_X_XXXXX_XXX_XXXX_X____XX_XX__XXX_XXXX____XX__XX____X_XX_XX_X_XXX_XXX_XX_XXX_X_X_X_____X___XXX_XXXXXXX_X_XXX_XXX__X
______X_XX_XX_X_X___X_XXXXXXX_X_X_____XXXX_XXXXXXXXX_XX_XX__X_X_XX__X_X__X__XX_XXXXXX_XXX_X___XX_X_XXX_XXX_XXX___XXXX_X__XXXXXXX_XX_XXX__X_X_XXXXXX__XXXXX___XX_XX_X__X_XX___XXXXX_XX_XX_X_XXXXX_XX_XX_XXX_XXXX_XX__XX__X_X_XX__X_X__XX__XX_____X__XX_X_XX_XX___X___XXXXX__XXXX___X_X_X_XXXXX_XXXX_X____XXXX__X_X__XXX__XXXXXXXXX_XXX_X_XX__XX__XX____XXX_X_X___XX___XX__X_XX__X__X_XXXXX_XXX___XXXXX_XX_XXX_X__
XXX_XXX___XXXX_XXX_XX_XXX___XXXXXXXXXXX__X___XXX__XX__X_X_X__X____XXXX_XXX__XXXX_XX_X__X__X_XX_X___X_XXXXX_X_____X_XXX_XXX__XXXXXX__XX_X__XX_X_XX_XX_XXXX___XXXX_X__XX_XXX_X__XXXXXX__X_X__XX__X_X____XX_X__XXX__XXX_XXX_X__XXXX__XXXXXXX_XXXXXX___X_X_X__X___XXX_X___XX__XXX__X_XX__XX_XXXX____X_XXX_XXX___XX_X_XX_XXX_XXX_XXX___XXXX_X___X__X_XXXXXX__XXXXXX_XXXXXXXXX_X_X__XX_XXXXX___X_X___XXXX__XX_XXXX__X_
X_X_X_X_XX__XXX_X_X_X_XXX_XX_X_XXXXXXX_XXXXX__XXX_XXXXX_X___X__XX____XXXXX____X_XXXX_XXXX_X_____XXXXXX__XX__XX____X____X_X_XX_X_XXX_X_X_XX_XX_X_XXX__XXXX_X____XX_____X_XX_X__XXX_XXXXXXXXXX__XXXX___X_X__XXXXX_X_X_XXXX_X_XXXXXXXX_XXXXX__XXXXXXX__XXXXX____XXXXX_XXX__X____XXXXXXX_____X_______XXXXXX__X_XX_____XXXXXX_XXXXXX_X_X_____X_X_XX_XXXXXXXXXXXXXXX_X_XX_XX_X_XXX_X_X_X__X_X_X____XXXXXXX_XX__XXXX_XX
XXXXX_X__XXX____XXXXXXXXXXX__X_X_____XXXXXXXX__XXX_XX__XXX_XXX_XX__XXX_X_X_XXX_X__XXX_X_X_XX___X_____X_XX_X_XXXXXXXX_XXX_XXX_X______XX_XXX_XX__X_XX_XX___X___XXXX_XXXX__XXX__XXX___XXXX_XXXXX____XXXXXX___XX___X_X_XXX_XX_XX__XX___X_X__XXXX___XXXXX_XX_XX_____XXXX_XX_XXXX__XXXX_XX_XXXX_X_XXXXXX_XXX_XXXXXX__X__XX_X__XXXXX____X_X_XX____XXXX__XX_X_XXXX__XX___XXX__X__X__X__XXXXXXX_XXXX__XX_XX__XXX__XX_XXX_
XX_XX_X____X_XXXXXX_XXX_XXX_XX_X_X_X__XX_X______X_XXXX_XX__X_XXXXXXXXXX_XXXX_X_X________X_XXXXXX_X_XX_X____X_XXX____X_XXX_XXXXXXXXX_X_XX__XXXXX_XX__X___X_X___XX_XX__XXXXX_XXX_____XXXXXXXX_X_X_XX_XXX_X_X__X_X__XXX_XXXXX_XXXXXXXX_XX__XX___X_X_XXXXXX_XX__XXX_XXX_XXX___XXX_XXXX_X_XXX____X_X____XX_XXXXXXX__XXX____XXX__XXXXXXXXXXXXX_XX_XXX_X__X_XXX___XX___XXXXXXX_X_X_X___XXXX_X___X_X__XX__X___X_XXX_X__X
_XX_X__XX__XX__X_XXXX_XX__X__XXXXXXX___X__XXXX_XXXXXX_XX__XX_X_X___X_XXXXX_XXX__XX__X_XX_XXXX__XXXX___XXXX_X___XXX_XX_X_XX_XXXXXXX_XX____XX__X_XXXXXX__X__XXX_XX_XX__X_XXXXXXXX_XX_XX__X__XXX__X_XX_XX__XXX____X_X_XXX_XXX_XXXX_XXXXXXX_XXX_X_XX_XXXX_XXXX_X_X_X__X_X_XXXXXXXXXXX__XXX__X_X_XXXXXXXX____XX_XXXX__XXXXXXXX_X__XXXXX___X_X_XX__X___XX_XXXXX_XX_XX_XXX_XX_XX___XX__XXXXX_XX_X__XXX__X_X__XXXXX_____
XXXXX__XXXXX_X_XXXXX__X_X_X_XX_XX_XXX_XX_XXXXX__XXX_X_X_XX_XXXXX__XX_X__XXX_XX__X_XXXXX_XXXXX_X_XXXX___X_X_XXXX_XXX____XXX___XXX___XXXXXXXXX__XXXXXXXXX_XXXXXX____X_XX_XX_XXX_XXXX_XXXX_XXX_X_X_X__X__XX_XX____X__XXX__XXXX_XX___X_X_X_XXXX_XX___XXXX_XXXX_XX_XXXXXX_X_X_X___XXX___XXX_XXXXXX_XXX_XX_XXX_XXXXXX_XX_XXX_XX_XXXXX___X_X_XXXXXXXX__XX__X_X_XXXXX_XXXXXXXXXXX___X_X___XXX____X_X____XX__X__XXXX_X___
X_X_XXX_XXXX_X_____XX_X__XX_XXX_XX______XXXX__XXX_XXX_XX_XXXXX_XXXX_X_X__X___XX_X_X___X__X_X_XX_XX_X_X__XX_XXXX___XX___XX__XXXXX_X_XXXX__XX_XXXXX_XX__XXXX_XX__XXXX_X__XX_X_X_X__XX_XXXXX__XX_XX__XXX__XX__XX_XXX_XXXX__XXX_X_X_X_XX__XXX_XXXXX__XX_XX__XXXXXXXXXX___X____X_XXXXX__X__X__X_X_XXXXXX_XX_XX_XXXXXXXXX_XX_X_X__XXXX_XXX_X______XX___XX_X_XXX_XXX_XXX__XXX_X_XXX_XXXX__X_XXXX_XXX_XX_XXXX__X_XXXXXX_
XX___X____XXXX_X__XXX_X_X______X_XXXX__XXX__XX______X__X_XX_X_XXXXXX__XX_XX_XX__X_X_XXXX_X__XXX_X__XX__XX_XXXX_X_XX___XXXXXX__X__XXXX_X_XX__XX_XXXXX_____X___XXX_XXXX___X_XXXXX__XX__XX__X_XX_XX_XX_X__XXX__XXXXX___X_XX____X_XX_X_XX__X_XXX_X_XX____XXXX_XXX_XXXXX__XXXXXX_XXX__X____XX_X_XX_X_XX__XXXXXX_XXX__XXXX_X__X_X_X__X_XXX_X_XX_X_XXXXX___X_XXX_XXXXXX_XXXX_X_X____X__X_XXX_XX_X_X_X____X_XXXX__XX_X__
XXXXXXXXXX__XX_XX______XXXX__X___X_X_XX_XXX__X_XX_XXXXXXX_X_XX_X_XXXXX_XXXXX__XX_XX_XX_XX_XXXXXXXXXXXXXX_X__XXX__XX_X_XXXX____X__X_X_XXX_XXXX__X__X_X_X_X_X_XXXXXX_XXX_XX_XX_X_XX___XXXXXXX___XXX_XX__X_X_XXX__XX_X__X_XX_X_XX___XXX_X_XXX__XX__XXX__X_XX_XXXXX_XXX_X_XXXX_X_XXXX_XXX_XXXX__XX_XXXXXXXXXX_XXXXXXX___XX__XX_XXXXXXXX____XX__X__X___XXX_X_XXXXX___X_XX_XX_XXXXX_X__X_XX_X_XXXXX_X_X____X_XXX_X_XXX
XXX_XXXX_XXX_XXXX_X_XX_X_X_X_XXXXXXX_XXXX_XXX_X__XX_XX_XXXXXXX__XXXXXXX__XXXXX_XXX_____XX__XX_XXX_X__XXXXX_XXX___X__X___X_XX_XXXX___X___XXX_XX__XX_X_X_XXXX_XXXXXX_XXXXX__X___X___X_X_X_XXXX____X___XXXXX__XXXXXX_X__X_XX__XX_XXX__X_XX__X___XX_X___XXXX_XX_X__XXX_XXXXXX_XX_XX_XX_XX__XXX_XXXX_XXX_X_XXXXXXX_X_X_X_X_XX__XX_XX___X_X__XX__XX__XXXXX_XX___XXXXXX_XXX_XXXXX_____XXX_XXXXXX_XX_X__XX_XXXX_____XX__
XXXX__XXXX_XX___XXX_X____X_XX_XXX_X_XXXX__XXX__X__X_XXX____X_XXX_XXXX_XXXXXXX___XX__XXX_XX_X_XX_____XXX__X_XX_XX___X_XXXXX_X_X_XXXX_X__XXX_XX_XXXXXXXXX_X___XXXXX__XXXXXXXXXX_X_XXXXXX__X_XX_____XX_X_X___XX_X___X_XX__XX___XXXXX__XXXX__X__X__X_XXX_XXX____XXXX_X_____XXXXX_XXX__X_X_X__XXX_X__XXXX_XX_XXX____XXXX_X_XX_X_X_XXXX_XXX__XX__X_X_XX__XXXXXX_XX__X_X_XXXX__XX____XX_XXX_X_XX____X__X_XXXXX_X_XXXXXX
XX_XXX______XXX__XXXXXXX___XX_XX_X_XX_X_XX__X__X_XXXXXX_XX_XX_XX_XX_XXX_X_XXXXXX__XX_X_X__XXX_XXXXX_X__X_XXXX_____XXX_X_X_X_X_XXX_X__X___XXXX_XXXXX__XXXXXXX_XXXX___XX_XXXXXXXXXXXX_X___XXXX_X_X__XX_X_X__XXX_XXXX_XXXX_XX__XX_XX_XX_XXX_XXXX_XXX__XX_X___X_XXX__XXXXX_X_X__X__XXXX_X___XXX_XX_____XX_XX__X_X_XX___X__X_XX_X__XXX_XX___X_X__X_X_____X____XXX__X__X_X__X__X_X__XXX_X_XXX_X__XX__XX_X_XXXX_XXXXXXX
X_X_____X_X__XX_XX_X__X_XXX__XX_XXXXXX_XXX__XXXX_X_X_X__XXXXXX_XX_XXXXXX_XX__X_X_X_X_XXX_XX_XXX_XX__X___XX_XXXXXX__XXXXX_XXXXX_XXXXXXXXX_XX__XX___XXXX_X_XX_X___XXX__X_XX_X__XX_XXX_XXX_XX_X_XX_XX__XXXXX__XXXX_X_XX_XX__XXX____XX_XXX_X_XX_XXXX_X_XX_XX___XXX__X__XX_XX__XX__X_____XXXX_XXXXX_XX___XXXX__XXXXXXX_X__X__XXX_XXXXXXXXXX___X__XXXX__XX_X_X_XX_XXXXXXX_X__X_XX___XXXX_XXXXXX__X___X_XXXXXXXX____XXX
XXXXX_X_XX_XX__X____XXXX_X_X_X__XXX_X_X__X_XX_XXXXXXXXXXXXX_XXXXXX_XX_X___X__X_XXX_X_X_XXXX_X__X_XXX_XXXX__X___X__X_XX_X__XX_XX___XXX_XXX_XXXX_XXXXXXXX_XX__XXXX__X_X__XXXX__XXXX_X__X__XX_X___X_____X_X_XXX__X_XXXX_XXXX_XX_XX_X_XXX_XX_XXX_XX_X_XXX_X_XXXXXX_X__XX_XX_X_X__XXX_XXXX_XXX_X_____XXX__XX___XXXX_X______XX____XXXXXXX_X_X__X__XXXXXX_XXXX_XX_XX__X___XX__XXX__X_XXX_X_X_X_XXXX___X_X____XXX_X_XXXX
X__XX___XX_X_X_X_XXX_XX_XXXX_XXXXX__X__XX__X__XX_X__XX_XXXXXXX_XX_X_X___X__XXX__XXX__XXX_XXXX___X_X_X_X_X____XXX_XXX_X__XXX__XXXX__X_XXX__XX_X__XXXXXX____X_XXXXX_XXX_____XX_XXXX__XXXXXXXXXX_X_XXXXXX_XX_X_XX_XXXXXX__X_XXX__XXX__XXXXXX____XXX_XXXX_XX_X__X_X_X__XX__X_XX_XXX______X_X__X____X__XXXXXXXXXX_XX_XX_X_X_XX_XXX_XXXXX_X_XXX_XXXXXXX_XXXXXXXXX_XXXXXX__X___X_XXX___XXXX_XX_X_X_X__XXX________XX__XX
__X_X____X_X_X____XXXXXX_XXXXX____XX_XXXXX_XX___XXXX_XX_X_XXX____XX_XX_X_X_XX_XX___XXXX___XX_XXXXXX_XXX_XXXXXX_XX_XX_X_XXX_X_XX_X_XXX__XX_X__X_X____X_XXXX_X_X______X_X_XXX__XX_X_XXX_XX__X___XX___X__XX_X__XXXXXX_XXXXXXXX__XXXXXXX_XXX_XXXXXX_XX___X_XX__XXXX_X_X_XX_XX_X__XX_X__XXX_XXXX_X_X_______XX___XXX_XX_______XX_X______XXXXX_X_X______X_XX__XX__X____X__XX__XXX_XXX__XXXXX_XX_XXX_X_XXXXX_XXXXXXX_X_X
XX_X__X___X_XXX_XX__XX___XXX__XXXX_XXXXX_X___XX_X_X__XXX_XXXX_X__XXXXXX_XXXXXXXXXXXX_XXX_XX_X_XX_X_X___X_X_XX_X_X_X_XXXX_XX_X__XXXXX_XXX_XXX_X_XX_X_XX__XXXXX__X_XX____XXXXX_X_XXXXX_X_XX_XX___XXX_X_XXXXXXXX_XXX___XXX__X_X_XXXX__XX_XXX___X_X__X_X___X_XXXX_____XXX_X_X____X__X_X_X____XXXX_XX__XXXXX_XXX_XXXX___X_XXXXXXXXXXXXX_XXX_X_XX__X_X__XX___X_X_____XXX_X_X_XXX_X__XX__X_X_X___XXX_XXXXXXXXXX__XXX_XX
XXX_XXX__XXXXXXX_X_XXX_XXXX_XXXXX__XXXX_X_X_XXXXXXX____X_XXXX__XXXX_XX_XX_XXX_____X_XX_XXX_X____X_XX_XX_XXXXXXXX___XXX_XXX_X_XX__XXXX__XXXXXXXX_X_X_XXXXX_XXXX__XX____X___XX_XXXXXXXXXX_XX__XXX_XX_XXX__XX__X__XX_____XX_XX_X_X__XXXX_XXX__XX_XX__XXXX__XXXXX_X_X__XX_XX_XXXXXXXXX_XXXXX____XXXX_X_XXXXX_XX_XXXXXXX_XXX__XXX_XXXX_X_XXX__X_XXX__X_XXXXX_XXXX__XXXXXX_X_XXX__XXX___X_____X_XX____XXX____X_XX_XX__
XX_X__X__X_X______XX___XX__XXXX_X_XX__XXXXXX_XX_X___XXXXXXXXX_XXX_XX_XX____XXXXXX__X_X__X__X___X_X__X_X_X_X_XXXX__XXXXXXXX_XX____XX__XXXXXXX_X__XXXX_XXXX__XX_XX_XX_X_XXX_XXXXX__X_XX___X___X_XX_XX_XXXXXXXX__X__X__XXXXX___X____XX_XX___XXX_XXXXX_XXXXX__XX_X_XXX_XXXX_XX_XX_XX___X_______X_XX_X___XXXX_X__X__XX_X_XXX_X_XXX_XXX_XX_XX_X___XX___XX__XX_X_XX__X_XXXXXX____X____X____X_X_X_X__X_XXXXX__XXX___XX_X
X__X_X__XX_XXX_X____X_X_XXX____XXXXXX___X__XXX_____XXXXX__XX_X_X_XXX_XX_XXXXX_X_X__X_X_X___XX_XXXX_______XXXX_X_XX_XX_XXX_X_X_XXXXXXXXXXXX_XXX__X_XXXX__X_XX__XXXXX_XXXXX_XXXXXX_XXXXXXXXXXXXX_XX_XXXXX__XXXXXX__X_____X_XXXX__XX______XXX__XX__XXXXXXX__X_X_X__X_X_X_XXXX____X_X_XXX__X_XXX_XX_XXXXXXXX_XXXXXX_XXX_XX_X__X_XXXXX_XXXXXX___XXXXXXXX_X_X__X_X_X___X__XXXX_____XX_XX____XXXXXXXXXXXXX_X__XXXX_XX_X
__X__X__XXXX_XX___X_X_XXXX_XXX___X_X__XXX_XXXXXXXXXXX_X_XX_XX_XXXXXX_X___XX__XX__XXX_X_XXX_XXX__X_XXX_XXX__XX_X_X___XXX_XXX_XXX_XX_XXXX_XXXXX__X__XXX_XX______XX_X_XX_XXX_XXX_XXXXXX__X_XXX__X___X____X_XX_X___XXX___XX___XX_X_XXXXXXXXX_XXXXXXX___XXX_XXXXX_X__XX___XXX_XX_XX_XXXXX_XXXXX___XXXX__XXXX_XXXXX_X_X_XXXXXXXXXXXX_XXX_XX__XX_XX_X_XX_X__XX_XXXXXXXX_XX__X_XXX__X_X_X_X__XX_X_XXXXXXXX_X_XXX__XXXXXX
X_X__XXXXX_X_XXX_XX__X__XX_X_X_X_XX_X_XXXX___XXX_X_XXXX___XXX_X_XXX__XXX___XXXXXX_X__XXX___XX_XXXX__XXXXXXX_X__XXXXXX_XXXX_XX_X_XXXXX_XXX_X_XX_X___XXX_XX_XX____XX__XX___XXX_XX__X_XXX__X__X___XXX_X_XX_X_X__X___XX_XX__X___XX_XXX_XXXX_XX_XXX_XXX_X_XX_XXXX_XXX___XX_X___XX_XX____X_X_XX__XXXXX_XX_XX_____XXX_X__XXXXX__X_XXXXXXXXX_XXX_XXX_____XXXX_XX_XX_XXXXX_XX__XXX_X_XXXXX__XX_X__XXXXXXX__X___X_XXXXX_XX
XXX_XXXX_XX__XX___XXX_XX_XXX_XXX_X_X___XX____X__XX_XXXXXXXX___X___XXXXXXX_X_X_XXXX_XXX____X_X_XXX__X__X_X_XX_X_XXXXXX___X__XXXX_X_XXX_X__XX_X_XXXXXXXX_X_X_________X____XXX_X____X__XX_X_XXXX_XXXXX__XX_X_XXXX_XXX_XX_X_XXXXX_XXXXXXX_XX_X_XXXXX_X__XXX____XX_XXXX_XXXXXXXXX_XXXX_X__X_XXXXXXX_X__XXXXXXXXXX_XX_XX____XXXXXXX___X_X_XX____X_XXXXXXXX__X__XX__XXX__XX_XX_X_____X__X__X_X_XX_XX_X_XXXXXXXXXXXXX__X
XXXX__XXXX_XX_X__XXXX_X_XX_X_XX_XXX___XXX_XXXX__XX_X_XXXXXXXXX_X__XX_XXX____XX_XX_XXXXXXX__XX_X_X_XX_X_XXXXX_XX_XXXX_XXXXXX_XX__XXX_X__XXXX__X__XX_XX_XXXX_X___XX_X_X___XXX_XX__XXX____XX_X_X_XXXXX_X__XX_XXXXX_X_X_XX__XXX_XX__X_X__XXX______XX____X__XX_X_X__XXX______X__XX___XXXXX_XXXXX__X_____X_XX_XXX__XX__XXX__XXX_XXX___XXXXXX_X_XX_XX_XX___X_XXX_XXXX_XXX_XX____XX__X_XX__XX_X_X__XX_X_XXX_X__X_XX_XX_X
__XX__XXXX_XX_X_XX_X___XX___XXX___X__X_XXXXXXXX___XX_XX____XXX_XX_X__XXX__X__X_XX__XXXX__XX_X____XXX__X__XX__XX__XX_XXXXX_XXXX__XX___XX_XXX_____XXXX_XXX_X__XXXXXX_X____X_X_X___XX__XX_X_XX__X____X_XX_X_XX_X_XX__X_XX_XXXXX__XXX_XXXXX___X_XXX_XX__XXX_X___X_XX_X_XX___XXXXX_XX_XX__XX__X_XX_X__XX______XX____XXXXXXX_XX_XX_____XX_XXXXX_XXXXX_X___X_X_XX___X_X_XXXX_______X_XXX__XX_X_XX_XX_XXX_X_XXX____X_X_X
X_XXX_____XXXX__XX_X____X_X__XX__X_XXXXXXX_X_XXX_X_XX____X__XX_X__XX___XXX__X___XXX_XXXXXXXX_XXX_X__XXX__X_XXX_X_XX_XXX___X_XXXX____XXXXXX_XXX_X_XXX_XXX_X___XX_X_X__XXXX_XXXX__XXXXXX_X__XX__XXXXXXX_XXXXXXX__X_X_X____X_X_X_XXXXXXXXXX_XX__X_XXX_XXXX__X_XXXXX__XX_X__X___X_XX_X__XXX_XX_XXXXXXXX__X__XXXXXXXX_X_XXXX_XXX______XXXX_XX_X_X___XX_XXX_XXXX__XXX__XX_XXXX__X_X_X_X_X_X__XXXXX_X____XXXX_______XX_
XX_XX_X____X_X______X_XXXX_X_XX__X_XXXX_XX_XXXXX__XXXXXX_XXXXXXXXXX__XXX__XXX___X___X__XXXXX___XX_XX_XXXXX_XXXX_XXXXX__X_XX__X_X_XX_XXXXXX___XXX___XX__XXXX_XXX__XXXX_XX_X___XX_XXXXX__X_X_X_XX__X_XXXX_XX_XXXXX_X___XX_XXXXX_XXXXXXXXXX__X_XXX__X_X___X____XXXXXXX__XXXXX_XX__X___XX_XXX___X_XX_XXXX_XX_X___XXXX___X_XXXXXXXX_X_XXXX_XXXXXXXX_X__X__XXX___XXXX___XXXXXXX_X_XX____XXXX_XXXX_X_X_X_XX_X___XX__X_X
XXXXX__X_XX_XXXXX_X_X_XX__X__XXXX_XXXX__XXXXXXX___XXXXXXX__XXXXX__XXXXX__X__XXXXXXXXXXXXXXXXXXXXXX_XX_XX___X__XXX__XX_XXX_X_XXX___XXXXX_X_XX__X_XX__XX_X_X__XXXX_XX__XXX_XXXXXXX______XX_XX_XXXX_XXXXXXXXXX__XXX____XX_XXXXX_X__XXXXXXXX__X____XXX___X__XX_X_XXXX_X_XXXXXXXXXXXX__X_XXX_XX_X_XXXXX_XXXXX__XXXXXX_X_X_XXXX_X__XXXX__X_X____X__XXX_XXXXXXX___XX__X____XXXXXXX__X_X__X__X___X__X_X_XXX__XXXX_X_XX_X
_XXXX_X_XXX_XXX_XXX__X__XX_XXX__XXXX_X__XXX_X__X_XXX_X_XX_XX_X_X_____XXXXX___XXXXXX_X__XX_XXX__XX_XXXX_XX__XXXXX_XXXX_XX_X_X_X_X__X_XX__XXXX_X_XX__X_XX___XXX_XXXX__X_XXXX___XXXX_XX_X__XX______XX_XXXX_X_XXX_X__X_XXX_XX_XXX_X_XX_X___XX_XX_X_XXXXXX_X_X_X_XX___X_XXX__X____X_XX____XXXX___X__XXX_X__XXXXXXXXX__X_XXX_XXXXXXX_XXXXXX_X_X_XX_X_XXX_XX_XXX__X_X_X__XX__X_XXX_XXXX____XXXXXX_X__X___XXX_X_XXX_X_X_
XX_X__XX__X_XXX_X__X_X_______XXXXX_XX__XXXX__X__X___XXXXXX__X_XXX_XX___XXXX_XXXX_X_X___XXX_X_XX__X_X_XXXXX_XX_X_XXXXX_XX__XX__XXXXXX_X__XXX__X_XX_XXXX____X_XXXX__X_X___XXXXX__X_X_XX__XX__XXXXXXXXXXXXX__XXXXX_XX_XXXX_XXX___X_XXXXXXXXXXX_XXXXXXX__XXX_X_XX_X__X__XXXX___XXXX_XXXXXXXX__X_XXXXX_X_XXXX_XX___XXX_X_XXX___X_XXX___X_XX__XX_XXXX__XXXX___XX___XXX_X_XXXXXX_X_XXX___XXXXX__XX___X_XXXX_X__XXXXXXXX
XXXXXXXXXX_X_XX_XXX_X___XX__XXX__XX______XXX_____X_XXX_XXXX___XXX__XXX_X_XXXXX_XXX_X_X_X_XXX_X_XXXXXXX__XXX__XXX_X___XX_X_XXX____XX_X_XX_XX_XX_XXXXX___X_XXXXXXX_X_XXX_X___XX_XX_XXXXX___XXXXXXX_X__X__XX_X_X___XX_X_XXXX__XX_XXX__X___XX_X_XXXXX_XXXXXX___XXXXX_X__XXXX__X_X_XX_XXXXXXX_XXXX_X_XXX_X_XXXX_XXXXXXX__XXXX_XX____XXXXXX___X__XXXX_XXXX_X__XXXX_XXX_XXX___XXX_XX_XX_XXXX__XX_XXXX_XXXX_X_XX_X_XX_XX
XXXXX_X__X__X__XXXXXXXXX_XX__XXXXX_X__X_XX_XXXX_XX_XX_XX_X_XXX_XXXX_X__XXX_XXXXX__XXXX_X_X__XXX__X_XXXXX_X_XXXX__XX___X_XX_X__X_XX___XX_X___X_XX_X_XXXX_X_XX____XX__XXXX__XX_XXXXXXXX_XXX__X_XXXXX__X_XX_X___XXX_X_X_X_X_____XX_XX__X__XX_XX_X_XXXX___XXXXXX_X_XX_XX_XX_XX_XXXXXXXX__XX_XXX_XXXXX__X__XXXX__X____XX_____X_XX_XXX___X_X_X__X_X__XX_XXX_____X_X_X_XXX_X___X_X_XXX_X_XX__X__XXXX_X__X_X_X_X_XX_X___
_XXX___XXX_XXXX__XXXXXXX_XXX_XXXX___XXXX___X__X___XXXX_X__XXXXXX__X___XX_XX__XX__XXXXXXXX_XX_XX_XXX_XX_XX_X__XXXXX____XXXXX_XXXX__X_XXXXX___XX____XX_XXXX_X____XXX__XXXXXXXX_XXXX_XXXXX__XX_XXXXXX__X__XX_____X______X_XXXXX_X__XXXX___XX__X_XXXX_____XX__XXXXXX_XXXXX___X__XX_XX_X___XX___X__X_XX_XX__X_XX_XXX_X__X_XXXXX__X_XXXXXXX_XXXXXXXXX_XXX_X_XXXXX_X__XXXXX_XXX__XXXXXXXXX__X__XXX_XXXXXX_XX__XX_X___X_
X___XX__XXXXXXXXXX_X__XXXXXXX____XXX___X_X__XX___X_XXXXXXX__XXXXX__XXX_XXXXXX__XXXXXXXXX_XXXX_XXXXXXX__XXX_XXX___X__X_XXXXXX_XXXXX___X_X__XXXX___X_XX_X_XX_XXX_XXX_X__X_XXX__XXXX__X_XXX_XXXXXXX_XXX_XXX_XXXXXX_X_XX_____X_X___XXXXXXXXXXXX_XXXX__XX__XXXX___XXX__XXXX__XXX____XX_X__XXXXX_XXXXX__XX_X_XXX_X__X_XX__XXX_XXXXXX___X_XX_X_X_XX_X_X_XXXXXXXXXXXXX____XXXXXX_XXX_XXX_XX__XXXX___XXX_X__XXX____XXX_XX
XX__X____X_X__X__XX__XXXXXX_XXX_XXXXXX__XX__X__X_XXXX__X__X_XX__X_XXX_X_XXX__XXX_____X_X_X__XXX_XX_X_XX____XXX_X_X_XXXXXX_XX__XXXXX_X__X_XX____XX__XX___XX_XXXX___XXXXX_XX_X__X___X__XXXXXXX__XX__XX_X__X_X_XXXX_XX___X_XXX_X_XXX___X_X_XXXX_____XX__XXX_XXXX_X_XX_XXX_X___XXXXXXXXX_XX___XXXX__XX_XXXX___XXX_X_X_____XX_X___XX_XXXX__XX_____XXXX___X_XX____X_XXXX_X___XXX_X___XX__XXX_XX_XX_X__XXXXXXX___X_XX_X
XXX_XXXX__XXXX_XXXXXXX_X_X_XX_XXXX_XXX___X_XX_X__X_X_XXXX___X_X____XXX__XX_X_X_XX_X__X_X_XX_XXX__X_X__X_XXX_X__XXX_XX__X__X_XXX__XXXXXXXX_XX__XXX____X__XX__XXX_XXX___XX__XXX_X_XX_XXXXXXXX_X___X_XX_XXXXX_XX_X_X__XXXXX__XXXX_X_X_X___X__XXXX_XXXX_XXXXX_X_XX___X_X__XX__XX_XXX____XX_XXX_X_X_XX_XXXX_XXXXXX____XX____XXXX__XX_XX_X_____X___XX_X_X_XX__XXX_XX___XXXXX_XX__XXXX_X__XX_X___X__X__XX_XXX__XXX_X_XX
XXXX__X_XXX_____XX_X_X_X__X_XX_XX_XX___XX__X____XX_XX__X___XXXXX__XXXXX_XX_X___XX_XX__XX__X__XXX___XXXXXXXX____XX_X_XX__X_XX__X__X_XXXXXX__X__XX__XX_XXXX_X___X__X_XXX__XXXX_XXXXXX_XX_XX__X_XXXXX__XXXX__XX__X_XXX____XXXXXX_X_XXXX_X__X__X_X__X_X__XXX___X_X_X_XX__X_XXXXX___X___X__X_XX____XXXXX__XXXX_XX__X_X__X_XXX___X_XXXX_XX_XXXX_X__XX___X_X_X_X_X_XX_XX___X__X_X___XXX_XXXX_XX_____X_X_X_X_XXX__X___X_
X___X___XX__X_XXXXXXXX_X_X_XXXXX_XX_____X_XX_X___X__XX_XXX__XXX_XXXX_XX___X__XX_XXXX_____XXX___XX_X_X___XXXXX__XXX_X__XXXXXXXX_X_XX_XXXXX_XX_XXXXXX___X___XXXX_XXX_X___XX___XXX_XXXXX__X_XXX__XXXX_XXXXX_____XX_X___XXX__XX_X____X_X__XX_X__X_XXX___X_XXX__XXX_X_X_XXX_X_XXXXXXX_XXXX_XXX___XXX__XX__X_X___X____X_XXXXXXXXXX__X__X__X___XX_____X____XX_XX__XXX__XX_XX_XXXXX_X__X_X_X_X_XXX___X____XXX__XXXX_X_X_
_X_XXXX_XXXXXX__X__XX___X_XXX___XX__X____X__X_X__XX_XX_XX___XXXXXXXX_XX_X_X_XX__XX_XX_X_XXXXX_XXX__X__X__XXXXX_XXXXX___X_X_X_XX__XXXX_X__XXX_XXX_X_X_XX_XXX__X_X_XXX_X_XX_XXX_X_XX___XXXX____X__XXXXX_____XX_XX_X_XX_X__X__XX_XXXXX_XXXXX_X_X_XXXXXXXX___XXX__XX_X____X_XXX_XXXXXX_XX_XXXX__XXXXXX__X_XX_XX_XX_XXXXXXXXXXXXX_X_XXX_X_XXXXXXX___X_XXX_X_XX_XXXXXXX_X_X__XX_X_X_____XXXX__X___X_X_XX_XXX__XXX___X_
_X___XXX_XXX_X_XXX__X_X_XXX__X_X_X_XX_XX_____X_XXXXXX__X_XXXXX__XXXX_XXXX_XX____X_XXXXX_X_XX_XX_XXX_____XXX_XX_X__XXX_X_X__XXX____X____X_XXXXX_XX___X_X_X___X_X___X_____X_X_XX___XXX_XX__X_XX__XXXX___X____XX__X_X___X_XX_XX_XXXXXXX_XXX_X_XX_XXX_XXXX_XX___XX__XXXX_XXXXX__XXXX_XX_XX_X_XXX__XX_X_XX__XXX_XX_XXX_X____XX_XXX_XX_XXXXXXXXXXXX____XX___X_XX_XX_X__XXXX_XXX_XXX_X_XX_XXXX___XXXX_X_XXXX__X___XXX__
X_X_XXX____X__XX______XX_XXX___X___XX_XXX_XXX_XX_X_X_XXXX__XXXXX_XX_X_X__X_XXX_X_X______XX__XX___X_XX_X_XXXX_XXXX_XXXXXX__X__XXXX__X_XXXX_XXXXX_X_XXX_X__XXXX____XXX__X_XXX____XXXXX_X_XXXXXXX_XXXX_XX_XXX___X_XXXXX__X__X__XXXXXX_XXXXX_X_X_XXXX__XX_X_XXXX____XX_XX_X__XXX__XXX__XX__X__X__XXXXX____X__X_XXX_XXXX_X_X__XXXXXX_X_XXXX_X_XXXXX_XX__XX__XXXX_X_XXXXXX__XXXXXXX_X___XX__XXX_XXX__X__X__X__XX_XXXX_
_XXX_XXX_XXXXXX_X__XXXX_X___XX____X_X_X_XXX_XXXXXX_XX____X____X__XXXX_X_X_X_XX_X__X_X______XXX__X_XXX_X_X___XXXXXX_XX_X__XX_XXXX__X_XX_XX_XXXX__XX__XX_XXXXX__XXXXXX_X_X__XXXX__X_XX_X___XXX___XXXX_XXX_X_X__XX__X_X_X_X__XX_X_XX_X_X__XX___X___X_XX___XXX__XXX_X__X_XXXX_XX_X__X__XX_X_XXX__XXX_XXXXX_XX__XX___X____X_XXXXXX_XXXX____XX_X_XXX_XXXX__X_XXX_X_X___XX_X_X_X__X_X_XX_X_XXX_XX__X_XXXXXXXXXX__XX__XX
X_XX_XX__X_XX__XXX___X_XX_X___XX_X_XXX__X_____XX_X_XXX_XXX____XXXXXXX_XXX_X_X_XXXXX_XXXXX_XXX_XXX_XX_XX____XXXXX_X___XXX_XX__X___X_XXXXX_XX__XXXXXXXX__XXX_XXX_X_XX_XXX__X__XX_XX__XXXX___X__X__X_X__X_______X_XXX_XX___XXX___XX_XXXX___X_X__XXXX______X_XXXX_X_X__XX_XX___XXXXXX_XXXX__XXXXXXXXX_X__X___X_X____X_X__X_X_X___XX_X__X___XX_XXX_XXX__XXX__XX___XX_X_XXXXX_X__XXXXXX__XXX___XX_X_XXX__X__X_X__X_XXX
X_XX___XXXXXX__XX___XX_X_X_X_XX_XX__XX_XX_XX_XXXX_X__X____X_X_X_X__XXX_X__XXXXX__XX_X_XXXX___XXX_XXXXX_X__XX_X_X_XXX_XXX__X___XX_X__XX___XX_XX____XXXX_XXX_X__XXXXXXXX___XXX_XX_XXXX__X__X___XX_X___XXXXXXX__XXX_X_X___XX_X___X_XX___XXX_XXX_XX____XXXXXXXXXXXX_X_XX_X____XXXXX_X_XXX_XXXXX_X__XX__XX_X___X_X___XXXXXX__XX_X_XX_X_XXX__X_XXXX_____XXX_X_XX__XXXX___XXXXXXXXX_XXXX__X__X_X_XXXX__X_XX__X_XXXXXXX_
X_XX_X_X_XX_XXXXX__XX__XXXX_X__X________XXX_X_X__XX_XXXXX_X__X_X_XX_X__X_XXXXXXXXX_X_XXXXX_XXXX_XXX_XX___X_XXX____XXX___X___XXXXXXX_XXXX_XXXX_X_XXX_XXX_X_XXXX_XX_XXXX__XX__X___XXXX_XXX_X_XX__XX_XXXXXXXX_X_XXXXXX_XX__XXX_X_XXX_XX_XX__X_XXX_X__X_XX_XXX___X_XXXXXXX_______XXXX__XX___XXXX_XX_XX_XX__XX______XXX_XXXXX_XXX_XXXXXXX___XX__XXXX_X_XXXXXX__XXXX_X_XXX__X_____XXX__X_XXXXXXXXXX_XXX___XX_XX_X_XXX_
XX_XXXXXXX_XXXXXXXX_XXXXXXX_X_X_XX__X_XX__XXXXXXXX____XX__X__XX_XX_XXXXX_X_XXX_X_XXXX_XX__XXX_X__XXXX_XX___X_XXXXX__X___XXX__XXXXXX____XXXX_X_XX___XX_X_XXXXXXX__XXXXXXXX_X__XXX_XXXXXX__XX________X__XXXXXX_XXX_XXXX_XXXX_XX_XX_XX__XXXX_XX_X_X_____XX_X__X_XX__X____XX__X__XX___X_XX_XX__XXXX__XXXXXX_XXX___XXXXX_X_XXX_____XXX____XXX_X_XXXXXX_XX_XXXXX_X__X_X___XXX_XX_XX_XXXX__X_X__X_XXX_XX_XX_X_XXXXXX_XX
__XXXX_XX_XX_X__X_X__XX__XX_X__XXX__X__XX_X___XX__X_X_XXXX___X_XXX_X_____X_XX_X_X_XX__X__XXXX_X__XXXX__X_X_____X___XX_XXXXXXX__XX___XXXXX__X_X____X_XXXXXXXXXXXX___XXX_X__X_XX_XXX__X_XXXX___X_XXXX_XX___XXXXX_X__XXXXX_XXX__XXX_X__XXXXXXXX__XX_XX_X_XXXX_X_XX______XXXX__XXXXXXXX_XX____X___X__X_XXX___XX_XXXXXXX_X_XX__XX__XXXXXXXXXXX_X__X__X_XX_XX_X_X__XXXX__XXX__XXX_XX_XXXX_X_X___XXXX_XXX__XXXXXX____XX
__X__XXX_XXXX__X_XXXXXXXXX__XXX__X_X__XX_X_XX___XXX__XXX_X__X_XXXXXX__XXX__X_X___XXXXXXX___XXXXXX__X_XXX__XXXXXXXX_XXX__XXXX___X_XX_XXX_XX_XXX__XXX_____X_XX______X_X_XXXXXXXXXXXXXXX_X_XX_X_XXX_XX___XX_____XXXXXXXXX_XXXXXXXXXX_XXX_X___XXX_X_X_XX_XXX_XX_XX_X_XXX___X_X_____X_X_XXXX_XX__XX_XXX____XX_XX_X_XXXX___X_XXXXXXXXXXXX__XXX_XX_X__X_X__XXXXX_XXX___X____X_XXXXX_XX_XX_XX___XXX____XX___X_X___XX_XX_
118 298 2 2
