_XXX_XX__XX_XXXX_XXXX___XXXX__X__XXX_XX_X_X______X__XXXX__X__XXX_____X
XX_XX__XX____X_XX____X_X_X______X__X______XX_X_XXX__X__X__XXX______X__
X_XXX__X__XX_X_XX_X__X_X__X___X_X_XX_X_XXX_XXXXX_X_X___X__XXX___XXX__X
XX____X_X_XXX_XXX_XXX__XXXX________X______XX_XXXXXXXX_____X__XXXX__XX_
_X_X____XX_X_X__XX__X_XXX_X____X__XXX__X_XXXX__XXX____XX_XX_X_X___XX__
_X_____XXXXX__X_XXXXXX____X__XXXX__XXXX_X__X___XXXXXX____X_XX__X_XXXX_
_X_XX_XXX__XX___X__XXX_XXX_XX___XX_X__X______XXX____XXXXX__X_XXX____X_
_X_X__X_X_X__X___X_X___X__XXX_X__XX__X__X_X_XXXXX__XX_XXXX_X_X_XXX____
X___XXX______XXXXXX___XXXX___X____X_X_XX__XX__X____X___X____X_XX___X_X
X________XX____X___XXX__XXX_XXX_X_X_XXXXXX_XXX_X_XX__X_____XXXXX___X_X
XX___XXXXX__XXX__XX__X__XX_X__X_XX_XX_X__XXXX_X_XX_XXX_XXX_X_X_X_X__X_
X__X_XXXXX___XX_X___X__XXXX__X_X_X_XXXXX_X_X___X___XX_XXXX___X_XXXX__X
X__XXX_XXX_XX_X_XX_XXX_X_______XX_XXX_X___X_XX_XXXX___X___X__XXX_XX__X
XXXX__X_XXXXX_____XXX__XX_XXX____X_X_X_X__X_XXXXXXXX__XXXX__X____XX___
__X___XXXX__X_X___XX_XXX_XXXX_XXX_XXX_______XXXX____XXX__X__X__XX__XX_
_X___X_X_X_XX___XX___X_X__X_X_X__X__________XX__X___XX__XXX__XXXX_X_X_
XXX_XX_XX___XX__X_XXXXXXX____XXXX__X__X__XXXX_XX_X_XXX__XX_X___XX_X_X_
X_XXXX_X_X_____X___XX__XXX_XXX__X__X__XXX_XX_X_XXXXX_XXX__XX___XX___XX
_XXX__XX_X_____X_XXXXXX_____XXX_XXX_X_X________X__XX_XX__X_XX__X_XX___
X_X__X__X___X__X___XX___XX_XX___X_X____XX__XXX__XX_X_X___XX_X_XX__XXX_
_X__X_X_X____X_XXXX_XXXX___XX_XX___XX__X___X__XX__X_XX_XX_XXX_XXX_X_XX
X_X__XXXX_XX___X__X_____X_XX___X_X_XX__XXXX_X_XXXXXX_X___X__XXX__X_XX_
_XXXX___X____XX_X__X_XX_X____XXX_X_X_X____X___X__X___X_X___X______X__X
_XX__X__X_X_X_X__X____XX_XXX_XX___XX__XX__XX____XX_XXXX_XX_X_XXXXX_X__
_XXXXXX__XXX_XXXXXXXX_XXX__X_____XXX_XX_____X_X_XXX_X__X_X_XXXX_X__X_X
X_XXXXXX___X____X_XXXX__X_XXX__X__X_XXXX__X__X__XX____X__X____XXX_XXX_
XXXXX________XXX_XX___XXX_XXX_XXXXX_X____XX______XXXX___XX__X_XX_X_X_X
__XXX__X_XXX_XXXX___X___X_X_XXX_X__XXX__XX__XX___X_XXXX_X_XX_XX_XX_X__
X__XXXXXXX_X__X___XX_XX_XXX_XX_XXX_______XXXX_X_____XX____XXX__XX__X_X
XXX_XXX_XX__X_X_XX___X_XX_XX__XX__X_XXXX__XXXX_XX_X__XX____XX___XX_XX_
X___X_XXX__X_X__X__X_X_XXXXXXXX_X_X___X_X_XXX_X_XX___X_XX_X_X___X____X
XX____X___X_X___X_XX_X___X_X_XX____XX_XXX__XX__XX_XXXXXXXXXX__XX___XXX
___X____XXXXXXX_____XX__X_XXXX_X__X___X_X__XX_XXX____X__X__X_XX______X
X_XX____X___X_XX_XX___XXXXXXXX__X___XX_XX_X___XX____X_X____X__XXX_XXX_
___X_X_______XXXX____XX___X____X_X__XX_X_XX_X_XXXXXXXX__X_X_XX_____XX_
__XXX___XXX_XX______X_X__XX_X__XXXX____X___X__X_X_X____X_X_XXXXXXX_X_X
XX_X___X__XXXXXX______X_____X_X_XXXX___X___XX___XXXXX___XX_X_X_X___X_X
_X_X____X__X__X__X_X_X__XXXX_XX___X___X___X__XXXX_XXX__XX__X_X_X_XX__X
_X__X_X_XX___XXX___XX__X__X__X___XX___XXXXX_XXX__X__X_X_X__X___XX__X__
_X___XX__XX____XXXX_XXX_XXXX_XX_XXX_XXX_XXXX__XXXX________X___XXX_XXX_
_XXXXXXXX__X_X_X_____X_XXXXXX_XX___X_X__X___X__XX_XX_XX_XX___XX_X__X__
_____XXXX____XXX__XX_XXXX___X___XX___X_X__X____XX_____XXX____XXXXX__X_
X__X__X_X__XXXX__XX_XXXX_XX__X_X__X__XXX__X_X_X__X_XX_XXXXXXX____XXX_X
X___XX__X_____XXXX___XXX_X__XXX___XX_XXXXX____XXX__XXXXX__XX_X_X_X_XX_
XXX_X_X_X__X___XX__XX_XXXX___XX__XXX_X_XX___XX_X_____X__X___XX___XX_X_
X_X_XX_XXX_X__X_X____XXX__X_XXX_X___XXXXX_X_X__X_____XXXXX_X__XX_XXX_X
_XXXXXXXX___XXXX__X________XXXX___XXX_XX_____X______XXX_X_X__XX__XX__X
XX__XXXX_____X__XX___XXXXXXXX__X_X_XXXXXX_X_XX_X_XX___X___X_X__X_X__XX
_XXXX_X_X_XXXX_XXX_XX__X____XX__XXXX___XXX_XXXXXXX_XXX__X___XX____X_XX
X_XXXX__XXXXX___XX_X_X___X____X_XX____X__XX__XX_XX_X_XXXXX___XXX_X__X_
_X_X_X____X___XXXX_XXX__XX_XX_X_____XXX_XX__XX_______XX__X_X___X_XXX__
__X__X__XX_XX_X__X__X_XXX_X_XXXXXXXXX_XXX_XX_X_X_XX__X_X_X_XXXXXX___X_
_X_X__X_XX__XX_XXX_XXXX_XXXX__X__XXXXXXX__X_X__XX_XX________X_X_____XX
XXX_X__X__XX___XX_X___X__X_XXXXXXXX_XXX__X____XXXXX___XXXX__X_XXX_X_XX
X_XXX___X____XX__XX_____XX_XXXX______XX_X_X____XX____X_XXXX____X_X____
_XX__X_XX__XXXXX_X_X___X__X_X_XXXXX___XXX__XXXX__XX_X__XX_XXX_XXXX_XXX
X_X_X_XX_XX__X_X__XX_XXXXXXX_X_XX____XX_X__X_XXX__X_X_X______X__XX_XXX
XX_X____XX_XX_X__X__X__X_X___X____XX__X_X_____X_______X___X__X_XXX_X_X
__XXX_X_X__XX_X_XX_X_X__XXX_____XXXX_X______X_XX_X_XX__X_XXXXX__X_XXX_
XXX_XX_XXXXX_XXX_XXXX__X_XX_XX_X_X_XX__XXXX__XXXXXX__XXX_X_X__X__XXXX_
2 2 48 68
