_X__X_XX___XXXXX_X_XXX__X_XX_______X_XXX__XX_XXX_XX_XXX___X__XXX_X___X
XXXX____XXX___X_X__XX_X_XXXXX_X_X_X___X_X____XXX_XXX__X_XXXX_X_XXXXX__
X_XXX__XX__XXXXX_X__XX_X_XX_XX__X__X_X____X__XXXX_X___X_XX_XXXXXXXXXXX
X_XX_X_XX_X_____XX__XXXXX__XX____X__XX_XX___X_____XXX_X_XX_XXXXXXXX_XX
XX_X_XXXXX__XXX_XXXXXXX_X__XX_XXXXXX_XX_XX__XX_XX____X_XX___XX_X_XXXXX
XX_XXX_XX_XXX__X_XX_X_X____X__XX_X__X__X__X_XXXX_XXX_XX_X_XXXXXX__X_XX
XX_X_X_XX____X_X_XXXXX_XX_X_XXX_X_XX__X_X_X_XXX__XXXXX__X__X___XX_XX__
__X_XXX_XXX_XXX_XXXXX_X_X__XX_XX__X__XXXXXX_XXXX_X_X__X__XX___XXXX____
X_XX_X__XXX__X_X_XX___XX_X___X____X_XXXXXX___XX__X_XX_XXXXXXXX______XX
_XXX__XX_____X_XXXXX___XX_X__XXXX_X_XX_XXX__XX_____XX_X_X___X_X_XXXXXX
X_X_X__XXX_XX_XXX__X_XX_X_X_XXX__X___XX_XXXXX_XXXX___X_X__XX_XXXXXXX_X
_____XXXX_X__XXXXX_XX_X_X__X__X_XX_X_X_XXX__XXXXXX_XX__XXXXXXXXXXX_XXX
XXX__XX___X______XX___X_XXXX_X__X_X_XX_XXXXXX_X___X___XXXXXX_X____XX_X
_X_XXXXX_X_X___XXXX_X_X__X__XXXX_XX__X__XX_XX__X_XXXXX____X_XX__XXXXXX
XXXXX_X___XX_XX__X___XXX____XX____XX_XX_X__XX_X____X_XX___XX___XXX_XXX
_XXXXX_XXX__XXX_XXX____XX_XX_XXXXX_XX_X_X_X_X_XXXXX_X_X__XXX_XXXXX__XX
XXXXXX_X_XX____XX__XXXXX_XX____X_X__XX__X__X__X__XXXX__XXXX__X___XXXXX
__X___X_XXXX__XX_XX__X_XXX_X_X_XXX_X__XXX_XX_XX__XXXXXXXXX_XXXXXXXXX_X
XX_XX_X_XX___X_X__XXX_X_X___X___XX__X__XXXXXXX______XX_X__X_____X___X_
X_XX__X_XX____XX_XX_X_X_X_X_X_XXX__XXXX_X_X____XXXXXXXXXX__XXXXX_____X
_X_XXX__XXX_X__XXX_XXXXXX_XXXXXXXX__XXX__XX____XXXXXX__XXXXXX__XXXXX__
_XXX_XXXXXX_X_XXX_XXXX_XX__XXX_XXX_XX_XX_XXXXX__X_XXX__XXX____XXX____X
XXXX__XX_XX__X_XX_X___XX_X_XX__XXX_XX______XXXXXXXXXX_X__X_XXXX_XX_XX_
_XX_X_X__X_XXXX__XXXX_XX_XX_XX___X__X___XX___XX_XX__X___XXXX_X___XXXX_
__X__XXXX__XX___XXXX__X__XX___X___XX_X__XX_XX_XX_X__X_X_XX__X_XXXX_XX_
XXXXX_X_X_XXX_XXXXXX_X_X_XX_X_X_X_X_X_XXXX___X_XX__XXXXXXX_X_XXX____X_
_XXXXXX____X_XX___X_X_X_X_XX_XX__XXXXXX__XXXX_XX_XXXX__X_XXXX_XXXXXX__
X_X___XXX_XX_XXXXX_X__XXXX__X___XX__X_X_XX_X__X_X_XX_X___XX_XXX____XXX
X_X_X___XX_X___XX____XXXX___X_X__X__XX__XXXXXXXXX_X_X_XXX_XX_X_XXX__X_
XXX_X___X_X__X_X__X_X_XXXX___X_XXX____XX_XXX_XXX_XX__XXXX_XXXXXX__XXXX
X_XX_XXXXXX_XX_X__XX__X__X_X__XX_XXX_XXX___XXXX_XX_XXXX_X___XXX__XX_X_
_X____XXXX_XXX___X__XXX__X_XX_XX___XX___XX_XXXXX_X_X__XXXXXX_X_XXX__X_
X_X__XX_____XX_X____X_XX_X_X_XX___X_XXXXX___X__X_XXXXXXXXXX_XX_XX__XXX
_XXXXXXX_X__XXXXX__XXX_XXXXXXXX_X_XXXX_XXX_X_X_X_XXXXXXX_X_XXX_X__XX__
_XXX_X__X_XX__XX__XXXXX_XXX__XX_X_X_XXXX_X_XX__XXX__XX_XXXXX__XX_X_X_X
_X_X_X__X___X_XXXXX____X_X_XXX__X_XXXXX_X_XXXXX__XXXXXX_X_XXX_XXX__XXX
__X_X__XXX_XXXX__XXXXXXXX__X_X_XX___XX___X_X_XXXX__X_XXXXXXXX_X_XX_X_X
X_XXXXXXXX___XXXXX_XX_XX_X__XXXX_XXXXX_XX_XXX_XX_XXX_XXXX__XX_XX__X_X_
X_X_XXXX_X_XXXXXX_XXXX_X____XXXX__X_X__X_XXXXX_XX___X___X__XXXX__XXX_X
__XXXXX_XXX_XX_XXX___XXX_X__XXX_X__XX_XXXX___XXXXX_XXXXX_X_XX_XXX____X
_X_XX_XXX___XX_XXXX_XXXX_X____XX___XX__XXX___XXXXX__XXXXX_X_XX__XXXX_X
XXXXX_X_X_XXXXXXX_XX____X_XXX_XX_XX___X_XXXXX__X_X__XX_XXX___XXXX__XX_
XXX__XX_XX_XXXX_X_X_XXXXXX__X__X_____XX__X_XXXXXX___XX_X__X__XXXXXX__X
_XXX___XX__X_XXX_X____X_X_XXX_XXX_XX__X_XX_XX_XXX_XXX_X__X_XXXX_XXX__X
XX_XX_XX__XXXX_XX__X_XXXX___XX____X_XXX__XX_XX___XX_X_X_____XX_X__XXXX
_XXX__XX__X__XXXX_XX_X___XXX_X_X___XXXX__X_X_XX___XXX____XXX_X_X_XXX__
XXXX_X__X_____X_XXXX_XXX_X__XXX_XX__X_XX_XX_X_XXXX__X_X_X___XXXXXX___X
X_X_XXX_X_X_XX_X_XXX__XXXX_XX_XXX_XX_X_X_X__X_X__XXXX_XXXX_X____XX_X_X
_____XX_X____X_XX__XX_X_XXXX_XXX__XXXXXXXXX_XXXXX_XXXXX_X_XX_____XXX__
__XX_X_XXXXX_______X___X___XX_XXX_X_X__X_XX_XXXXXX___XX_X__XXX_____X__
X___X__XXXX_XXXXX_XX_XXXXXX_XX__XXXXX_X_XXXX__X_X_XX___XXX_XXXXX_XXXXX
__XX__XX__XXXXX__X_X_XX_X_XXX_X__XXX_XXX__XXXXXX__X_XX_X__XX_X___XX_X_
XXXX_XX__XXX_X_X_X_X_XXX_X__XX_X_X_X_XXX_XXXXXXX____XX_X_XXX_XX_XX_XX_
__XX___X__XX_X___X____X_XX__XX_X___X_X_X_XX_XXX__X_XXXXX_XX__XX_XX___X
XX_X__XXXXXXX_XXXX__XXXX_X_XXX__XXX_X__XXXXXXXX_X_X_XXX___X___XXXX_X_X
X_XX_XX_X___XXX_XX__XXXXXX_XXXXXX_XX_XX_XXX_XXXXXX__X_XXX_XXXX_XXXX_XX
XXXX_XXX_XXXX___X__XXXXXXX_XX_XX_XXXXXXX_XX_XXXXXXXXX_X_XXXXXX_X__X__X
XXXXX_XXXX_XX_XXXX_XXX__XXX___X_XX_XXXXXXX_XX___XX__XX_X_X___XXXXX__XX
XXXX_XXXX__XXXXXXX_X__X___XX__X__X_X_XXX_XXX_X_XX__XXXXXX_XXXX_XXXX_XX
__X_XXXX__XXXXXXXXX____XX__XX_XX____XXXXXXXX_____X___XX_X____X_XX__XXX
2 2 48 68

      0 1 2 3 4 5 6 7 8 9 101112131415161718192021222324252627282930313233343536373839404142434445464748495051525354555657585960616263646566676869
    +---------------------------------------------------------------------------------------------------------------------------------------------+
  0 |                                                                                                                                             |
  1 |                                                                                                                                             |
  2 |                                                                                                                                             |
  3 |                                                                                                                                             |
  4 |                                                                                                                                             |
  5 |                                                                                                                                             |
  6 |                                                                                                                                             |
  7 |                                                                                                                                             |
  8 |                                                                                                                                             |
  9 |                                                                                                                                             |
 10 |                                                                                                                                             |
 11 |                                                                                                                                             |
 12 |                                                                                                                                             |
 13 |                                                                                                                                             |
 14 |                                                                                                                                             |
 15 |                                                                                                                                             |
 16 |                                                                                                                                             |
 17 |                                                                                                                                             |
 18 |                                                                                                                                             |
 19 |                                                                                                                                             |
 20 |                                                                                                                                             |
 21 |                                                                                                                                             |
 22 |                                                                                                                                             |
 23 |                                                                                                                                             |
 24 |                                                                                                                                             |
 25 |                                                                                                                                             |
 26 |                                                                                                                                             |
 27 |                                                                                                                                             |
 28 |                                                                                                                                             |
 29 |                                                                                                                                             |
 30 |                                                                                                                                             |
 31 |                                                                                                                                             |
 32 |                                                                                                                                             |
 33 |                                                                                                                                             |
 34 |                                                                                                                                             |
 35 |                                                                                                                                             |
 36 |                                                                                                                                             |
 37 |                                                                                                                                             |
 38 |                                                                                                                                             |
 39 |                                                                                                                                             |
 40 |                                                                                                                                             |
 41 |                                                                                                                                             |
 42 |                                                                                                                                             |
 43 |                                                                                                                                             |
 44 |                                                                                                                                             |
 45 |                                                                                                                                             |
 46 |                                                                                                                                             |
 47 |                                                                                                                                             |
 48 |                                                                                                                                             |
 49 |                                                                                                                                             |
 50 |                                                                                                                                             |
 51 |                                                                                                                                             |
 52 |                                                                                                                                             |
 53 |                                                                                                                                             |
 54 |                                                                                                                                             |
 55 |                                                                                                                                             |
 56 |                                                                                                                                             |
 57 |                                                                                                                                             |
 58 |                                                                                                                                             |
 59 |                                                                                                                                             |
    +---------------------------------------------------------------------------------------------------------------------------------------------+
***   19809     0     0      0
