X_X_X_X_XX_X__XX______X__XXX_X______X_X___X___XX_XXXX_X_____
XXX_XX_____X_X_X_XX_XXXXX___X___XX__XXX_X______X_X_XXXXX___X
XXX___XX_XXX_XX_XXXX_X_X__X__X_X_XX______XXX_X__XX_XXX__X__X
_X_X___XXX___X_XX_X_XXX__XXX___X__X____X_X_X_X_XX__XXX_X__XX
XX__XXXX_XXXX_XX_X_X_X__XXXXX_XXX_X__X__XXXXXX_XX__X__X__XXX
X__XX___XX_X_____X_X_XX__XXX_______X___XXX_X____XX_XXX_X_XXX
XXXXX_XX________X_____X_XX_XXXX_XX__XX___XXXXX__X_X_XX__XXXX
_XX_X_XX_X___X_X___XX_XX____X_X_XX_XXX_____X___XX__XX_X_X_XX
_X_XXX__X_XX_X_____XX_X_X__XXXX__XX__XX_XX__XX_X_XXX__XXX__X
__XX_X____X_XXX__XX_____X__XXXXX___XX_XX_XX_X_X_X_XXX__XXXX_
_XXX_XX___XX__XX_XX___X_X_XX___XX_____X__X_X___X_XXX_XXX_XX_
XXX_X___XX___X_X_X_X_X___X__X___X____X_X___X____XX___X__X_XX
X_XX_XX__X__XX_X__XX_X_____XX_XX_XXXXXXXXX_X_XXXX__XXXXXXX__
X_X__X__XX____XX___X_X_XX_XXX_X__XX_XXXXX___XX___X_X_XX_____
X__XX_XXXX_X__X__XXXX___X__X___X_XX_X_XXXX__XX__X__XXX___X_X
______XX____XXXXX__X___XX_XXX_XXXX___XXX_X____XX_X__X__XX_X_
_X__XX_X_____X_X_____XXX___XX_XX__XXXXXXXXX_X_XXX_X_X___XX_X
_____XX__XX_X__XX___X_X____X___XX___XXXX_XXX______X__X_XXXXX
__XX__X___X____X_____XX_X_XX_XX__XXXX__XXXXX_X_X__XX__XXX__X
_XXX_X_X____XX___XXXXX__X_X_XXXXX__XXX_____X________X____X_X
______XXX_X_XXXXXXXXXX__X_____XXX__X_XX__XX__X__XXX_X__XX___
___X_X____XX_XXX_X___X_X_X__X______XXX_X_X_XX__XX_X__XXX__X_
_XXX_X_____XXXX_X_________XXXX_X_______XXX____XX_X__XX___XXX
___X_XXXXX__XX_XXXX_X____X_X__X_XXX_X_XX__XX_XXXXX______XXX_
X_XXXX_XX_XXXXXXX__X__XX_XXXX__X_X_XX__X_XX____XXXX_X_XX____
XXX__XXX_X__X_X_XX_XXX_XX_____XX___XX_X______X_X__X_____X___
XX_X_XX_X__X__X_X_X__XX_X_XX_XXX__XXX_X_X_X_X_X_XX____XX_XXX
X_XXXX_____X_X_X___X__X___X__XX__XX_XX____X_____X_XXX___X_X_
X_X_______X_X_X_X__XX__XX__X__X_X_X__X_XX__X__XX__XXX___XXXX
XX__XX_X_XXXX__XX_XXX_XX_____X__XX_X_____X_X_X_____X_____X__
XX__X____XX____X_X___XX_XX_X_X___X__XX_XXX_X_____X_X_XXX_XX_
____X__X_XXXXXX__XX_X_X___X__XXX__XX_X_X_____X_X__XX___X_X__
X__X_X_X___XX_X_X______X_XXXXXX___XX_X_XX_X____XXXX__XXX_X__
_X__XXX_____X__X__XX_____XXX___X_X__X_X__X_X_X___X__X_XXXX_X
_XX_XXX_XXXX_XX__X_X_XXXXXX_______XX_X____XX_X_X___X____X__X
_XXXX_XX_XX______XX___XXX_X__X_X____XXXX__XX_X_XXX_X_XXX_X__
X_XX_X_X_X_X_X_X_X_X_X_____XX_X_XXXX_X_X___XXX_X_______XXX__
XXX_X____XX__XX__X___XX_X____X_XXXXXX_XX___X_XX__XX__XX__X__
__X_XXX_XXXXXXXXX_X________X__XX_XXXXX_XXX_X_XXX_XX___XXX_XX
__XXXX__X__X_XX_X___XXXXXX_XX_X_XX_XX_X__X_XX_XXX__X_XX_XX_X
2 2 38 58

      0 1 2 3 4 5 6 7 8 9 1011121314151617181920212223242526272829303132333435363738394041424344454647484950515253545556575859
    +-------------------------------------------------------------------------------------------------------------------------+
  0 |                                                                                                                         |
  1 |                                                                                                                         |
  2 |                                                                                                                         |
  3 |                                                                                                                         |
  4 |                                                                                                                         |
  5 |                                                                                                                         |
  6 |                                                                                                                         |
  7 |                                                                                                                         |
  8 |                                                                                                                         |
  9 |                                                                                                                         |
 10 |                                                                                                                         |
 11 |                                                                                                                         |
 12 |                                                                                                                         |
 13 |                                                                                                                         |
 14 |                                                                                                                         |
 15 |                                                                                                                         |
 16 |                                                                                                                         |
 17 |                                                                                                                         |
 18 |                                                                                                                         |
 19 |                                                                                                                         |
 20 |                                                                                                                         |
 21 |                                                                                                                         |
 22 |                                                                                                                         |
 23 |                                                                                                                         |
 24 |                                                                                                                         |
 25 |                                                                                                                         |
 26 |                                                                                                                         |
 27 |                                                                                                                         |
 28 |                                                                                                                         |
 29 |                                                                                                                         |
 30 |                                                                                                                         |
 31 |                                                                                                                         |
 32 |                                                                                                                         |
 33 |                                                                                                                         |
 34 |                                                                                                                         |
 35 |                                                                                                                         |
 36 |                                                                                                                         |
 37 |                                                                                                                         |
 38 |                                                                                                                         |
 39 |                                                                                                                         |
    +-------------------------------------------------------------------------------------------------------------------------+
***    8129     0     0      0
