_X____X___XXX____XXX_X__XXXXX_____XXX__XX_X____XX_XX_XX____X
_X___X____X___X__XX_XXX__XX______X_X__X_XX_X_XX_XX_XX_XX_XXX
__X_X_X_X_X____XX___XX__X_XX__XXX_XXX_XXX__XXXXX___XXXX__XXX
___X_X___X_X_X____X_______XX_X__X_XX_XX___X_XXX_X__X__X_X__X
X_XX_X___XXXXX_X_X__XXX_X__XX_X__X____X_XXXX_______X__X____X
XXXXXXX_XX__X__XXXX_X_XX_X___XX_X______X___X__X__XXXXXX__XXX
XXX___XXXXXX__X__XX__X_X__XX_XXX___XXX___XX_____XXX_X___X_X_
X__X_X__XX__XXXX_XXX__X__XX_XX__X__XX_X____X_XXX_XXXX_XX___X
_X_X_X______XX_XX_XX_X_XX_XXX___XXXXXX_X_X_XX_X__XX__X_XXX__
X____X_XX_XX__X__XXXXXXXXXXXXX_XX__X__XXXXXXXXXX_X_X_X___X_X
X__XX_X_XXX_XXXX_X__XX____XX_X___XXXX_XX____X_XX___XXX______
XXX_XXXXXXX_XX_X_XX_XX__X___X_XX____XXXXXX_X___XXX___XXX____
_X_XX__X_XXX_X__XX_X_X_XXX__XX_X_X___XX___XX_____XX_X_XXX_X_
_XX__XXXXX_X_X_______XX____X_XXX_XXXXX_XXXX_X_____X_XX____XX
XXXXXXXX_X_XXXXXXXXXXXX_X__X_XXXX_X__X_______X_XXXX_XX_X_X_X
X____XXX_XX_XXX_X_X_X_X___X_XX__XXXX_____XX_XXXX_XX_X_XXX_XX
X_X___XXX__XXX_XX___X___XX__X_X_X__X_X_XXXX__XX__X___XXXXXX_
_XXXX_XXX__X___X_XXXX_X_X____XX__X___X__XX__X_________XXXXX_
___XX_X__XX___XXXXX_____X_X_________XX_____XX_X_X__X__XX_X_X
_________X_XXXXX_X_XXX____X_XXXXXXX_____XX__X__X__XX_XX_X_XX
X__X__X_X__X_X__XXXXXX_XX_X_XXX_X_XX___XXXX_XXXXXX__X__XXXX_
X_XXXXXX__X_XXXXX__XXXX__XXXX__XX____XX_X_XX_XX______X_XX_XX
_XX___X_X_XXX__X__XXX___XXXX__XXX__XXXX_XXXX_XX______XXX____
XX_X__XX___X______XX_X_XXX_X_______X_X__X_X_X_X__X_XX__XXX_X
_XXXXXX_X_XXXX__XXXX_XX_XX___X_XX_X_X__X_XXX_X______XX__XX__
X_X____XX_XX_X_XX__X____X____XXXX__X__X_X_XX_X___X___X_XXX_X
X__X_XX__XX__X_X______XX___X_____X__XXXXX__X_XXXX_X___X_X_XX
___X_XX_XXX___X_X_____X_XX___XX__X_XX_XX_X_XXXXXX_XX_XX__X_X
XXX__XX_X_______X_XXX__XXXXX__XXX_X_X____X_XXX__XXX___XX____
____XXX___XXX_XX_XX_X____XXX_XX_XXXXXXXX__XXX____X__XXXX_XXX
___X___X______X____X___X___XX____X__X_X_X_X___XX____X_X_XXX_
____X____XXXX_X_X__XXXX_XX_X_XX_X_XXX_XXX_X_X_XXX_XX__XXXX_X
_XX_X_XXXX_XX_____X__XX_X_X__XX_X_X_XX_X_X____X_XX__XX_X_X__
XX___XX___XX___X__XXX_X____XX___XXX__XX_X____XXX__X__XX__XXX
X__X_X___XX_XXXXX_XXXX__XX_XX______X_____X__XX_X_X___X____X_
__XX_XXX_XXXX__X_XXXX___X__XXX_XXX_XX__XX_X_XXXX__XXX_XXXXX_
XX_XX____XX_X_X_X_X__X____XXXXX_X____X__X_X_XX_XX__X____XX_X
_XX_X_XX__XX__X_X_X_XXXX_X_X_XXXXXX_XX_____XXX____XX_XX_____
XX___X_X_X__X___X____X___X_X_XXX___X_X__XX____X_X____X_X_X__
__X__X_X_X__XX_XX_XX_XXXXXXX__XXXXX_XXX_XX_XX_______XX_X_X_X
2 2 38 58
