XXXXXXX__X_XX_X_X_XXXXXXXXXXX_XX_X___X_XXX__XXXXXXXXXXXX____X_XX_XXX___X__X__XX__X__XXX____XX_XXX_X_X___XX_XX_X_XXX_XX___XX__XX_XXXXX__XXX__XX__X__XXXXXX__X___X
_XX__XX_XXXX__XX__X_XX__XXX__X__XX_X__X_XXX_XX__X_XXXX___XX_XX_XXX____XX_XXX__XX_XX_XXX_XXX__XXXXXXX_X__X_X____XX_XX_X_XXXXXX__XX_XX__X_XX___XX__XX__XX_XX_XXXXX
XXX__X___XXXX_XXXX_XXXXX_X_X_XXXXXXX_XX__X_XXXXX_X__X___X_XXXX_X__XX_X__X_XXXXX_X_X__XXXXXX_XXXX__X_XXXX__XXX_XX__XXXXX_X_X_X____XXX_XX__XXXXXXX_X_XX__X__X_XX_X
_XX_XXX_X__X_XX_XXX_X__XX_XXX_X_X_XXX_X__XX_XXXXX_XX_XXXX__X_X__X__XX_XXX_XX_X___XX_XX_XX_XXXXXX_XX___XXXXXX_XXXXXXX_XXX__XXX___XX_____XXXXX__X_XX_XX_XXX___XXXX
XX__XXXX__XXX_X__XXXX_XXX_XX_XXXXXXX________XX__XX_XXXX_XXXX_XXXXXX__XX_XXX_XXXXXX_XXXXXX_XXXX_XXXXXXXX__X_XXX_XXX__XXXXXXXX_XXX__XXXXX__X_XX_XX__X_X_XX__XX_XX_
_XXXXXXX_XXX_X_X__X__X_X__XX_X_XXXX_X__XXXXX__XXX_X__X_X_XX__X__XXX_X_X_XXXXXX_X_X_X_XXX_XX_X__X_X__X_XXXX_XXXXXX_XXX_XX__X_X___X_X_XXXX_XXX_X_XX_X_X____X_XX_XX
_XX_XXX___XX_X_XXX_X_X_X__XXXX_XXXXX_____XXXXXX___X__X______X____X__XX_X___XX_X_XX__X__XXX_X__XXXX___XXXXX_XXXX__X_XX__X__XX_XX___XXXXX___XXX_XXX_XXX_XXXX_X___X
X_X_X___XX_X_XX_XXXXXX__XXX___X__XX_X_X_____X_X_XX_______X_______XX___XX__XXX___X_X__XX_XXX_XX__X___X__XXXX_XXX_XX_X__XXX__XX_XX_X_XXX_XXXXXXXXXX_XXX_XX__XX_XX_
XX_X___XXXX__XX_X___X_XX_XXX_XX_XXX__XX__XX____X__XXXX__X_X____X__X_X_X_XX______X_XXX_XX_XXXX_X___XXXX_X____X_XX_XX_XXXXXXXXXXXXXXX__XX_XXXX____XX_XX_XXX_XXXX__
_X______XXXX_XXX_XXXXX__XXXXX___XXXXX___X_X_____XX___X_XXXX___XXX___X__X_XX____XX_XXXXXX_XXX_XXXXX__XX_XXXXXXX__X__X_XXX_XXX___XXX___XXXX___X__X__XXX____XX_X_XX
X__XX___X_XX__XXX_____XX_XX_X_X___XX_XXXX_XX_X_XX_XXX__XX_XXX___X___X_X_X___XXXXXXXX_X_____XXXXX__XXXXXXXX__XXXXX_XXXXXXXXXXX_X__XX_X_XXXXX_XX_X_XX_X_X__X_XX_XX
_X__X_X_X_X_X__X___XXX_XXX__X_XXXX_XXX___X_X__XXX_XX_X_XX_XXXXXXX____X_XX__XXXXX_XX___X____X__XXXX__XXXX_XX_XX_XXXXXX_X_X_____XXXXXX_XXXXXXXXXXXXXXXXXXX_XXXXX_X
_XXX____X_X_XX_X___XXXX____XX_XXXXXX__XXX_XX_XX___XXX_X__XXXXX_XXX_XX_XX_X__XX_X_X_X__XX_____X__XXX_XXX__X__XXX___XXXXX___XXXXXX_XX_X_X_X_XX__XXXXX_XXXXXXX_XXX_
_XX_XXXXXX___X___X_X__XX_X_XXX_XXX_XXX_XX_____XX_XXXXX___X___XXXXXX__XXXX___XXXXXXXXX__XX_XXXX_XXXX__X_XXXX___XX__X_X_XX_XXXXX_X_XX_X_X____XXXX__X__X__XXXX_XXXX
_XXXXXXXX__XX__XXXXXXX_X____X_X__XX_____X___X_XX____________XXXX_XXX_XX___X_XXXX_XXXX_X_X___XXXXXX__X__XXX___XXXXXX_XX_X_XX_XXX__X_XXXXXXX_XXXXXXX_XXXXXX__XX__X
X__XX_XX_XX_XXXX___X_X_XX_XXX__X_XX_XXXXXXXX_X___XX_XX_XXX__XX_XXXXXX__X__X____X_X__XX_X___XX__XXXXXX______X____X_XX_X_X_X_XXXXX___XX_XX__XX___X__X_XXX_XXX__XXX
_X_XXX_X_XX___XXX__X_X__X_XX_XX_XXXXX____X_X_XXXX_XX_XXXXX_X_XX___X____X_X__XX_X_XXX_XX_X_X__XX___XXX_XXXX_XXXX__XXXXXXXXX___XXXX_XX___XXXXXXXX__XXX_XX_XXX____X
XX_X__XXXXXX_XXX_XXXXXXXXXXXX_XXXXXX_X__XXXX_XX__X_XXX____XXXX_X_X_XXXX_X__X_X_X_X_X_XXX_XX_XXX__XXXXXXXX_XX____X_XXXX__XXX_XXX__X__XX_X__XX_XXX_XX_XX___X_X_X__
XXXXXX___XXX_XXXXX___X_XXXXXXXX_X__X_XX_XXX_X_XX_X_X_XXXX__XXX__XXXXXXXXX___XXXXX_X_X__XX_____X___XX__XX____XXXX_X__XXX_X__X__XX___X____X_XXXXXXXX_X___XX_XXXX__
_____X__XXXXX_____XX_XX_XXX_XXXX_XXXXXX__X_XXX_X__XXXX_XXXXXXX__XXXXXXX_X__X_X___X__X_XX_XX__X__XX__X_XXX_XXX_XXX___X__X_X__XX_X_X_X___XX_X_X_XXXX_X_X_X_XX_X_XX
XX___XXXXXXX__X___XX_X_X__X_XXX__XX_X__X_XX__X_X_XX____XXXX_XX__X__X_X_XXXXX_XX___XX___XX_XXXXXX_XXX_XXX_XXX_XXXX_XX_X_X__XX_X___XX___XX_X_X_XXXXXX__X_XXX__X_XX
XXXX__XX_XX_X___X_XXX_XX___XX____X___XXX__XXXX__XX_XXX__XX_XXXXXXX__XX___XX___XXX_X___XXXXXXXX__X_XXXXXX__X_X_X_XX__X_XXXXX_XXX_XXXXX_XXXX________XXXXXX_XX_X__X
_X_X_X__X___XXX_XX__X_XXXX_XX____XX___X___X_X__XX_XX_XX__X_X__XXXXX_XXX___XX_XXXXXX__X_XX__XXXX_XXXXX__XXX_XX_XX_X_XXXX_X_X__XXX_XXXXXX___XX_XX_XXX___X_XXXX_XX_
X__X_XXX_X___XX_XX__X_XX_XXXX_X___XX_XX___XX_XXX_XX__X_XX_XXXX_XXXXXXX_XXXX_XX_XXX_X______XXX_XXXX_XXX_X__XX__X__X__X_XX_XX___X_XX_X_XXX__XX_XXXX_____XX____X_X_
X_XXXX_X_XXXXXX_XXXX__XX_XXX__X____XXXXXXXXXXX_X___XXXXX_XXXXXX_XX___X__XX_XXX____XXXX___XXX_XXXXX_XXX_XX_XXXXXXXX___XXX__XXXX_XX__X_XXXXX_X__XX_XX_XXXXX_XXX___
____XXX__XXXXX__X___XXXX_XXXXXXXXXXXXXXXXXXXXXXXXXXXX__XXX_X_XX______XXX__XXX_X__XX_X________X_XX___X_XXXX_XXXXXXX_XX_XXXXXXXXX__XXXXXXXX_X__X__XXXX_XXXXXXXX_X_
_XX__X__X___X_X_XX_X_XXX_____X_XXXX__X_X_XX___X_X_XX___X__X_XXX_XXX__XXXX__XXXXXXX_XXX___XXX__XXX___XXXX_XXXXXX_X__X_XXXXXX____X__XXXX_XXX__X_XXX__XXX_X_X__X_XX
XXXX__X__XXX_XXXXX_XXX__XX_XXX__XXXXX___XX__XXX___X_XXXXX_XX_XXXX_XX_XXX___XXXXXX_XXX_XXXX_XXXX_X_X_XXXX_X_X_X__XXX__XXXXXX_XXXXX_XXX_XXX__X_X_X__X_XXX__XXX_XXX
XXXX__XXX__X_____XXX_XXX_X_XXX_XX_XXXXX__X__X_XXX_X_XXXX_XX__XXXX_X__X_XXXX_XX__XXXXXXXX__X_XXXX_XXXX__X_X_XXXX_XX_XX__X__X_X____XXX_XX_XX__X__XXXXX_XXX___X____
X_XXXX__XX_XXXXX_XX_X_______X_X_XXX____XXX_XXXXXXXX_XX__X_XX_XX_XXXXX_X_XXXX_XXXXXXXXX_XXX____XX__XX____XXXXXXX_X__X____XXX__X__XXXXXX_XXXX_XXXXX____XXXX__X_XX_
XX_XXXX_X______X___XXXX_XXXXXXXXXX__XX_X_XXX_XXX__X__X__XXXXXXXXXXXXX_X_XXXXXXXX_X__XX___XXX_XXX_X___X__XXXXX_XXXX__XXXXX_X___XX__X_XXXX___X_XXX_XX_XXX___X_XX__
X___XX_XXX_X__X___XXX_____X_X_____XX_X_X_XX_XX_XX____X_XX_X_XXX_X__XX___XX_X_XX_XX_XX__XXXXX_XXX_XXX_____XX_XX_XXX_XXXXX_X_X____X_X_XX__X__XX_XX_XXXXXXX__XXXXXX
XX__XX_XXX_XXX___XXX_X_XXX__XXXXX_XXX___X_XXXX_X_X_X_X_XX___XX___XXX_X__XXXX__X_____XXXX_X_X__XXXXXXX_X__XX___XXXX_____XXXXXXXXX_XXX__X___X_XXX_XX___X_XX_XX__X_
XXXX_X__XXXXX_XX_XXX_XXXX_X__XXX__XX__XXXXXX_X_X_X___XXXX_X___XX_XXXX__XXXX_XXXXXXXX_XX__XXXXX_XX_X____XX_X_XX_XX______XXXX__XXX______XX_X_XXXXXX_XX__X_XX__X_X_
_XXXX___XXX_X__XXXXX_X_XX_XXXX__XXXXX______XX____X__X_X_XXXXXX__XX_XX_XXXX____XXX___X_XXX__XXX__X__XXXX__XX_X_XX_XXX__XX_X_X_XXX_XXXXXX_XX___XXX_X_XXXX__X_XXXXX
_XXX_XXX__X__XX___XXX__XXXXX_X_XXXX___XXX__XX_X_XXX_X_XXX___XXXXXXXXX_X_XXX_XX__XX_X_X_____X_X__XXX__XXXXX_XX_____XX_X__XXXXX___X__X_XXX_XXX_XXXX___X__XX_X_X_X_
X__XXXXXXXXX___X_XX_XXXX_X_X_X_XXX_____XX___XXXXXXX_XXX____X____XXX_XX__X__XXXXX_X__X_XX___X__X_XX__X_X_XXX__X_____XX_XXXX_X_X__X___XX_XXXX_XXX_____XXXXXX__XX_X
___X_X_XXX_XX__XXXXXXX__X_____X__X___XXXXX___XX__XX_XX_X___XXX_X_XXXX_XX___XX_XX_XX____XX__XXXX__X__X_XXXX_XX__X___XX__XXXXX_XX___X__XX_XXXXX__X__XXX_X__X_X_X__
X__XX_XX___XXXX_XXXXX__X_XXXX_X___X_XX_XXX__X__X__XXXX__XX_XXXXX_X_XX_XXX____X___X_X_X__XXXX__XX_X_X_X__XXXXXXX__X____X_X_X_XX_XX____XX_X__X__XX_____X_XX_X_X__X
XX_XXXXXX_XXX_XXXXXXXXXXXX___XXXX_X_XXXX___XXXXXXX_XXXX_XXX__XX_XXXXXXX__XXXXXXX___X_X_XX_XXX_X__X__X_XX______XXXXX_X__XXXXX_X____X__XXXXX_XXX_X_X_XX____X__XX_X
__XXXX_XX_XX_X______X___XX__X__XXX__XX_XX___XX__X_X_X_XX_XX_XXX__XXXX_XXXXXXXXXX_XXXXXXXXX_XX_X_XXXX_X_X____X_X__XXXXXXX__XXXXX___XX_X___X_XXXX__XXXX__XXXXX_XXX
_X_XXX_XXX__X_X_X_X_XX_XX__X_X_X_XXXX_XXXX_XX_X_XXXXXX_XXXXX_XXXX____XX______X_XXXX_XX_X______XX__XXX_X____X__XXXXXXX__X_XXX_X_XXXX_XX_XXX_XXXX___X_X___XX__X_X_
XX_X_X__X_XXX__X_XXXX__XXXX_X_XX_XXX_XXX_XX__X_X_X__XX_XXX_XXXXXXXXXX__XXXXXX___XX__XXX_XXXXX__XXX_X__XXX_XXXXXX_XX_XXX__XXXXX_X_XXXXX_X_X_XXX_XX_XXX__X__XX___X
__X__XX_XXXXXX___XXXX_XX__XXXXX___X____X_X_X_X_XXX___XXXX____X___XXXX___X_XXXX_XXXX_X_X_XXXX_XX_XXXX_X_XX__XXX__XX__X___XXXXXX___XXX___X_X_X_X___XXXXX__XXX_XX_X
X_XXX_X____XXXXXXXX_XXXXXXX_XXX_____XX__XXXX_XX_X___X_X____XX_X__XX_X_X_XX__XX_XX_XX_X_X_XXXX__XX__XXXX___X_X__XX__XXXXX__X_X_X_X_XX__XXXX_XXX_X_XX_X_XXX_XXXXXX
X_X__XX_XXXX_X_X___XXXX_XX_XX_XXX_X_X_X__X_X_X__XX____XXX_X_XX_____XXXX__X_X_XX________XXX___XXXXX_XXX___X__X__X_X_XX_XXXXX_X_XX__X__X__XX_XXX_XXXX_XX_XXX__XXX_
_X___X___XXXXXXX_XX_X_____XXX_XX_X_XXX_XXXXXX_XXXX_X_XX_XXX_XXX__X_XX___X_X_XX_XX_XX__XXXX_XXXXXXX__X__X_XXX_X___XXXX___XXX_X_X_X___X_XXXXX__XX__XX__XX_XXX__XXX
_____XXXX_XX_X_X_XXX_XX__X_XXXXX___XXXX_X_X__X__X_X_XXX_XXXX_X_XXX_X_X___XXX__XXX_XXX_XXXXXX_XXXX____X___X_XXXX__X___XX__XXX_X__XXXXXX_X_X_X_XX___X_X_X__XXX_XX_
_XX___XXXXX_X_XXX_X_XX_X_XXX_XXXXXXX_XX_XXX____XX_XXXXX_XXX_XXX__XX_XXXXX_____XX_X____XXX_X_X_X__XXX__X_X_XXXX____XX_XXX_X___X___X_X____XXXX_X__X_X_XXX_XX__XX_X
X__X_XXXXX_XX_XX_X__XXX__X_XX_X___X_X_X_XX_XX_XXXXXXX_X_XXX____X_X__XXX___X__X__XXX__XX____XX_X_X_XXX_X__X__XX_X_XXX___XXXX_XX__X_XX_X__X_XXXXXXX_XXX_XX__X__XXX
_XX_XXX____XX_X_XXX___XX_XX__XX_XXXXXX___XX_X__XX_XXX__XXX___X_XXX_XX_XX__XX_X__XX_X_X____XXX_XXXX_X_X_X_XXXXXX____X__X_XXXX_X_X_XX_X_X_X__XXX___XX_XXXXX_XXX_X_
XX_XX__X__XXXXX_X_XX___X__X__X__XX_X__X_X__XXXX_X_X_X_XX__X___XXX_XX_XX_XX_XXXX_X_X_X_X_X_XXX__XXXX__XXXXX_XXXXX___X__XX_XXX_X___X___XXXXXXXXX__X_XX___XXXXX_XX_
__XXX_X_XX_XX__X_X___X_XXXXX_X_XX_X_XXXXX_XX____X_X__XX_X_XXXXXXXXX_X_X_XX__XXXX_XX_X__XXXX_X__XX_XX_X__X__X_XX_XXX_XXXXXXX_XX_XXXXX_XXX_X_X_XX__XXXXX_X_X_X_XXX
XXX___X_X__XXXXX__XX______XX___XXX_XX_XXX_XX_XXXXXXX_XX_XX_XXXXXXXXXX_XXX____X_X_X__XX_X_X_X_XXXX_XXXXXX_XX_XX__XXXXXXX__XX_XX_X__X_X_XXXXXX_XXX____XXXXXXXXX_X_
XX_XXX___X_X___X__X__X_X_XX_XX_XXX__XXX____XXX_XX_XX_X_X_XXXXXX_X_X_X___XX_XX__XXX_X_XX_X___XX_XXX____X__X_XXX_XXXXX_X_XXXX_XXXX_XXXX_XXXXXXXX_XX__XX__XXXXXX_X_
XXX__XXXXXXXX__X_X__X_X_X_XXXX_X_X__XXX_X__X__XX__XX__XXXXX___X_X_X_X_X_XXX__XXXXXXXXXXX_X____X_XX__XXXXXXXXXXX_X___X____XXXXXXXX_XX_XX__X___X_X____XXXX_XXXXXXX
XXX__X__XX_XXX_X__XX____XXX_X__XXXXXXX_XXXX___XX___XX_XXX_XX__X___X_XXXX__XXX_XX__XXXXXX_X_XXXXX__XXXX____XXX_X_XXX___X_XX___X__XX_XX_XX_XX_XX_XX_XX_XXX__X_____
X_XXX_X_X_X__X__XX__XX_X___XXXX_X_XX___XX__XXX_X__XX_XX_XXXXX_X_X_X_XXXXXX_XX_XXX____X__XXX_XXX_XX_X_XXXXXXX_XXXX_XXXXXX_X_X__X_XX_XX_XX_XXX__XXX_XXXXXX__XX_X_X
XXX___XXXXXX_XX_XXXX__XX_XXXXXXXXXX___XX___XX_XXX_X_X_XXX__X_XX_X____XXX__X__XXXX_XXXX____XX_X_X_XX__XXXXXXX__XXX_X__X__XX_X___X_XX__X__XXX_XXXXXX_X__X_XX_XXXXX
XXXXXXXXXX__X_XXX_X_XXX_X_X____X_X_XX_XXXXXXXX__XX__XXX_XXX__X_XX__X_XXXXX___X___X_X_XXX_XXX_X_XXXX__X__XXX_X__XX_XXX_XXX_XX__XXXX_XX_XX_XXX_XXX_XXX_XXXXXXX_X__
XX__XXXX__X__XX_XXXX__XXXX_XXXX__XX_____XXXX_XX__XX____X__XXXXXX__XX__X_XXX__XXX___XX_XX____XXX__X__XX_XXX_XX_X__XX____XXX_X_XXXXXXXX_XX__X____XXXX_XXX_X_XX_XX_
X____X__XX__X_XXX_XXX_X_XXX_X_XXXXXX_X___XX_____XX__XXXX_X__X__XXXXXX__XXX_XX_XX__X_XXX_XXX_X__XXXX_X__XXXXXXX_X__X____X_XXX___X_XXX___XX_XXX_XXXXXXXXXX__XX_XX_
XXX__XX______XXX______XXXXX_X_X___XX_X_XXX_X_XXXXXXXXX_X__XXX__X_X_XXX_X__XXX_X__XXXXXXXXXX_X_XXX_XXX_____XX_XXXXXX_XXXXXX_XXXX___XXXX_XXXXXX_XXXX___XXXXX_XX__X
XXXXX_XX_X__X_XXXXX__XXX_XX_XX_XXXXXX_XX__X_XXXXX___X__X_XXXXX__XXX_X_X___XX__XX_XX__X__XXXXX__XXX__XXXXX_XXX_XXX__X__X_X____X__XXX__XX______XX_XXX___X_X_XX_X_X
_X_X__XX_XX_XX___XX__X_X__XX_X___X__X_XXX___XXX__XXXX_XXX_XXXXXXX_X__XX_XXXXXX_X_XX___X___XXXX_X_XX__X_X_XX___XX_X_XXXX_X___X_XX__XX___X_X_X_X__XXXX__XXXXXXXXXX
__XX_XXX_XX_XX_XX_XXXXX_______X_____X__XXX_XXXX_XX__X_X__XXXXXXXX_XXX_X__XXX_X_X_XX____X___X_XXX_XXXXX_XXX____XXXXXXXXXXXXXX____XXXX_X_XX__X_X_XX_XXX__XX_XXXXXX
XX__XXXXXXXXX_XX__X__X_XX_XX_XXX_X_XXXX_XXXXX_XX_X___X__XX_XX__XX_X_X_X_X_XXX_X__XX____XX__XXXXX_XXXX__X__XX__X___X___XXXX_X__X_XX_X_X_XXX__X___XXX_____X___XXX_
XX_XXXXXX_X_XX_XXXX_XXX_XXX_XX_XXX_XXXXXX_XX__XXXXXXX__X___X____XXX_X_X_XX_XX_X_____X__X__XXXX_XX_X___XXXX__X_X_X_XXXXX_XXXXX__XXXXXXXXX__XXX_XX_XXXXX_X__XXXX__
XX_X_X_X_XX__X__X__X_XXXXX_X_XX___XXXXXXXXXX_X_XXXXX_XX__XXX_XXXXXXXXX_XXXX___XXX_____XX_X_XXX_X_XXXXXX__X___XX_XX__X__XX___XX__X__XX_XXXX____XX_X_X_XX_X_XXXXXX
X_XX___XXX_X_XXXXXX__XXX_XX_XXXX__XX_X_XXXX_X__X___X_XXX_XXX_X_X__X__X_XX_XXX__X__XXX_XXX_X__XXXX_X___X__XX____X_X_XX_X_XXXX_X_XX__X_X_X___XXX_X_X_X__X_X_XXX_X_
__X_XXX_X_XXXX_XX_X_X_XXXX_X__X____X_XX_XXXX_X_X__XXXXXX__XX_X_XX__X_XX_XXXXXXX_XXX____X__XX_XXXXXXXX_XX_XXX___XXX__X___XX_XXX______XX_XX__XXXXX_XX___X__XX_X__X
XXX__X_XX__XXXX_XXXXXXXX____XX________X___XXX_XXX__X_X_X__XX___XXX_XXX_X_X_X_XXX_XXXXXX_XXXXXXXXXX____XXXX__XXXXXXXXXX_XX__X__X_____X__X_XXX_XX_X_XX_X_XXXXXXX__
__X__XXX_XX_X____XXXXXX_X_X_X_XX_X__XXXXXXXX_XXXXXXXXXX_XXXXX_XX_XX_X__XX__XXXX___XX_X_XX_X__XX_XXX_XX____X_X_X_X__X__X_XXX__XXXX_X__X_XX_XXXXXX_X__XX_X__XXXXXX
X__XXXX__X_XX_X_XX____XX_X_XXX_X___XX_XXX_XXXXX_XX_X_XXXX_XX_X__XX_XXXX__XX_X__XXX_X_X_XX_XX__XXXXXX__XXXXXXX_XXXX_XX_XX____XX_XX_XXX_XXX_X_X____XXXX_XXXXXXX_XX
___XXXXXXXXX__X___X_X_XXX___XXXXXX_XXX___XXXXXX_XX_XXX_X_XXXXXXXXXXX_XXXX_____X_X___X____X_XXXX__XX__XXX_XXXXXX_XXXX_XXXXX_X_X_X_XXXX___X_XX___XX__XX_X_XXXXX_XX
XXXX_XXXX_XXXXX___XXXX___X__XXXXXX_XX_X_XXX_X_XXXXXX_______XXXXX___X_XXXX_XXX__XXXX_XXXXX__XX_XX__XX_XXX_XXXX_X__XXXXX__X__XXXXXX_XXXXX_X_X____X_X__X_XX_XXXXXX_
_X_XX_XXX____X___XX__X_XXXX_XXXX__X_XX_XXXXX_XXXX_XXXXXXX_X___X_X_X__X_XX__XXXX_XXX______XXX__X_X_X____X_XXX_X_XX_XXX_X_XX_X_X__XXXXX_XXXXXXXXX__X_XX_X_X__X___X
X__XXX__X___XXXXXXX_X_X_X__XXXX___X_XX_XXXXXX_XXXX___XX_XXXX__XXX_XX_XX__XX_X____XX__XXXX_XXXXX___X_XX__XX_X___XX_____X_XXXXX_XXXXX___XX_XXXX_XXX_XXXXXXX_XXXX_X
_X_X_XX_X_XX_XXXXX_XX_XX_X_X_X_XXXX__XX______XX_XX___X_XX_X_____X__X_XXXX__XX_XXX_X__X___X___X_X_XXX_X_XXXXXX_X__X___X___XX_XXXXXX__X___X_XX_X_XXXX_XX_XXXXXXXX_
_XXXX_XXXX_XX___X_XXX__X_X__XXXXX_XX___XX__XXX__XXXX_X_X_XX__XXXXXX_XXXXXXXXX_XX_X__XX_XX_XX_____XXXXXXX_X___XXXXXXX__XXX_X____XX_X__XX_X_X_XXXXXX_X_X____X_X___
X_XX_XX__X_X__XXXX_X_X_XX__X_XXXXXXXX_X__XXX_X_XX_XXX_X_XXXXXX_X__XX_XX_XX__XX_XXXX_X_X_XXX____XX_XX_XX__XXXXXXXX_XX_X_X_XXXX__XXXXXX_XXX_XX_XXXXXXXXXXX_XX_XXX_
X_X___X___XXX__XXX__XXX___X__X____XXXX__XXX__XX__XXXXX__XXX__XX__XXX_X__XX____XX__X_X__XXXX_X_XX__XXXXXXXXX_XXXXXXXXX__XX_XX_XX__XXX_XXXXX_XXXXX__XXX_X_XXXXXX_X
__X__X_XXXX_X_XX_XX_XXXXXXX_XX_XXX_X__X__X__XXXX___XXXXX__XX_X__XXXX_X_XXXXX_XXX_XX__XXXXXXX_XXX_X_XX__X_XXX_X_XXX_XX__XXXX_XXXX_X__XX_X___X_XXXXX__X_XX_XX_X_X_
__XX_XX_XXX_XX_XX_XXXXXXX_XX_XXX_X_X_X__X_XXXXXX_X__XX___XXX_XX____XXX_X___XX_X___XX__X___X_X_X___XX_XXXXX__XXXXXX_XXXXX__X_X_XXX_XX_____XX_X___XX_XXXXX_XXXX___
_X_XXX_XXXX_XXXX_X___X_XX___X_X_XXX_XXXXXXXXXXX__XXX_XX_X__X_XX_X_XXX_XX_XXXXX_X__X__XXXXX__XX__X_X___XXXX_XX_XXX___X_XX_XXXX___XXX___XXXXX_XX_XXX_XXX_XXXX_XXX_
X_XXX_X__XX_XX____X_XXXX__XXXXXX_XXXXXX_X___XX__X_XXXX_XX_XXXX_X___XXXX__X____XX_____XX_XX_X_X_X_X_X_XXX_X_X_XX__XXXXX__XXX_X_XXXXXXX_X_XXXXXXXXXXXXXXX_XXXX_XX_
_X__XX_XX_XXX_XXXX_X___X__XXX_XXX__XX___X__XXX_X___X_XXX_XX_XXX_XXXXX_XXXXX_XXX_X___X__XX_XX_XX_X__XXXX_XX__X_X___X_XXXXXX__X_XX_XX_X____X_XXX__XXXXXXXXX___X_XX
____XXX__X___XX__XX_XX_XX_XX__X_XX_X_XXXXXXX____X_X__XX__XXXX_XXXXXX__X_XX_XXXXX__X_XX_XX_____XXXX_X_____XXXXXXX__XXXXX_XXXX_XX___X_X_XX___XXXX___X__XX_XX_XXX_X
XX_XX__XXX___XXX_XXX_X_X_XXX_X_X_X_XXXXXX_XX_XXX_XXXXX_______X____XX_XXXXXX__XX__XX__X_X____XX___XXXXXXX__XX_X_X_X_XX_XXXX_X__XX__X_X_XX_XXX_XXXXXXX___X_XXX__XX
XXX__XXX___X__XX_XX_XX___X_X_XXX___X__XXXX_X__X_X___XXXX_XXXXX__XX_X__XX_XXX_XX_XXX_X___XX__X_X_XXX_X_XX_XXXXX_X___X_XXXXX_XX_XXXXXXX__X_XXXXX_XXXXX__X_XXXXX_X_
XXX___X_XX___XXX__X_XXXXXXXXX__X_XXX_X__X_X_X__XX_X__X___X__XXX_XX_XXX_X__XX_XXX__X__X__X_XXX_XXXX_X__XX______XXXXX_X_XXXXX_____XX_XXXX__X_XXXXX__XXXX__XX__XXXX
_X___X_X_XX___X_XXX_X__XX____X_X_XX___X_XX_X____XX_XX_X__X_XX_XXX___XXX_X____XXXXX_X______XXXX__X__XXX_XX__XXXXXXXXXXXX_X__XXXX_______X___XXXX__X___XXXXX_XXXX__
XXXXX_X__XXX__XX__XXXXX_XXXXXXXXXXX_XX_X_X_XXXX___XXXXXXXX_X_XXXXXX___X_X_XXXX__X__XX___X_X_X_X_XXX_XXX_X_XX_X_X_X_X__X_XXX_X__XXXX___XXX_XX_X__XXXX_X____X_XXX_
XX_XXX_X___XXXXX_XX__XXX_XXX_XXX__X_XX_X_X__XXX_XXXX_XX_XX__X__XX_XXX___XXXX__X_X__X_XXX___XX_XXX___XXX_XXXXXXXX_X_X__X_XXX__XXXX_XXX_X_X_X___X__XXXXXXX_XX__XXX
__XXXX___X__XXX_XXX____X_X_X__XX_XX_XXXXXX_X__XXXXXX_XX_XX__XXXXXXXX_XX_XXXXX___XX_XX_XXXX__X_X_XXXXXXX_X_XXX___X__X_XX__X__XX___X_XXX_X__XXXXX_X_X___XXX_X_X_XX
_XX__X__X_XXXXXXX_X_X_X_X____XX___X_X_X__XXXX_XXX_XXXXXX_XXX_XXXXXX_XXX_XXX__XX__XX_X_X_XX_XXX_______XXXXXXXXXX__X_XXX_XXXXX_XXX_XX__X_XXXX___XX__X___XX___X_X_X
XXX_X__XXXXXX___X__X___X___XX_XXXXXX_XXXXX_XXXX_X_XXX_XX_XX_XX___XXX_X_XX__X____X_X_X_XXXX___X_X_XXXXXX_XXX_XX_XX_XXX_XX__X__________X_X_X_XXXXXXX_X_XX_X_XX__X_
_X__XX_X_X__X_X_X__X_X_X__XXXX__XXXX_X_X_XX_X__X___XXX__XXX__X_XXXX_X_XXXX_____XX_X_X__XX_X_XXX__XX__X_X_XXXX_XX_X__XXX_XX_X___XX_X_X_X__XXXX_X_X_X_X__XX______X
_XXXXXXX_XXX_XX__XXX_X_XXX__XXXXXX_XX___XXX__XXXX_XXX_XX____XXX_XX_X_XX_X__X___XX_XX_XXXX__XXX_XXXXX__X__XXXX_XXX______XX_XXX_XXX_XXXXXXXXXX__XXXXXX_XXX__XXXXX_
XX_X_X_XXXXXXX__XXXXXXXXXXX_X_XX_XX__XXX_X_XXX_X_XX_X__X_X_X__XXX__X___X__X_X_X__XXXXXXX__XXXX__XX_XXX___XXXXX__XXXX___XX__X_X_XX_XX__XXXXXXXX_XX___X__XX_X____X
XX__XX_X__X_X___XXX_XXXXX__X_X_X_____X__X_XX_X_X___X__XX___XXXXXXXXXX_XXXXX___X_XX_X_XX____XX___XX__X_XX__XX_XXXX__X_XXXXX_X_XXXX_XXX__X__XXX_XX_X___XXX__XXX__X
X_XX_XXXXXXXX_X_X_XX_X_XX__XXXXXX_XXX_XX_XX_XX_XX__X_XXX_XXXXX_XXX_XXX__X__XXX__X_XX_X___XX_XXX_XXXX_XXX___XX_XXX_XXXXXXXXXXXX_XXX__X_X_X_X_XXXXXXX_XX__X_XXX__X
XXXX_XXXXXX__X_X_XXXX__XX_XXX__XXXX_____XX___XXXXXXXXXX__XXXXX_XXX_XXX_XXXX_XX_XXX_XX_XX__XXXXX_XXX_XX_XX_XXXXXXX___X_X___XX_XX_XXXXXXXXXXXXXXX_XXXXX_XXXXXXX_XX
___XX__XXXX_XX_XXXX_XXXXXXX__X__XXXXXX__XX__X_X__XXXXXXXXXXX_X_X__XXXXX_XXXX_XXX_XX_______XXXXXXXXX_XX__X_X_X_X_XX__XX__XX_X_X____XXXXXX_XX____XXXX_XXX___X_XXXX
XXXX_XX_XX__XXXX_X_X__XXX_X_X_X____XXXXXX_X_X________XXXXXXX_X_X__XXXX_X_X_XX_X_X_XXXX_______X___X__XXX_XXXX_X_X_XX__X__X__XX_XXXX_X___XXX___XX_X__X_XX_XXXXXXXX
__XXXX__XX_XXX__XX___XX__X__X__X_XX_XXX_XXX_XXXXX_XXXXXXXX___X__X__X____X_____XX____X_XX__X___X_X_XXXX_X_XXXXX_XXXX__X_XX_XXX_X_X__XXXX_XXXX___X__XX_X_X_X_XX__X
__XX_XXXXXX_X_XX___X__XX_X__XXX_XXX_X___XX_X_XXXXX_X_X__XXXX__X__XXX__XX_X_XXX_X_X___X_X_X_X____X_XX_XX_XX_XX__XX__X_XX_X__XXX_X_X_X_X_XXX___XXXXX_XXXXXX__X_XXX
__X_XX_XXX_X_XX__X__XXXX____X_X_XXXXX__X_X_X_XX___XXXXXXXXXXX__XXXXX_X____X__XX___XXXX_XX_XX__X__XXXXX__X_X_X__XXX_X__XXXXXXX_XXXX_XX___XXXXXXX_X_XX_X_XX_X_X___
_XX_XX_XXXXX_X_XXXXX_X_XXXX_XXXX_X_XX_X__XXXX_XXX__XX_X_XXXXX__X_XX_X__XX__XXX_XX__XXX____X__X__X__XX_XXXXXXXX_XXX_X_XX_X_X_X_XX__XX_X__X__XXXX_XX__XX__XX__X_XX
_X_XXXXXXX_XXX___XXX__XXXXX_XX_XXXXX__XX_XXX___XXXX_X__X_XXXX__X__XXXXXXX____X_XX_X_XXXXX__X_XXX_XX_XXXXXX_XX_XXXX_XXXXXX_X_XXXXXX__X___XX_X_XXX__XXXXXX__XXXX_X
X_XXXXXX__XXX___X_XXX_XXXX_XXXXXXX__XX_XX___XXXXXXXX__XX_X_XXXX_XXXXXX__X_XX__XX_XXXXXX_XX_XXXX_X_X_X_XXXXXXXXX_X__X____X_X_XXXX_XXX_XXX_XXXX_X_X_X_XX_X_X_XXXXX
_XX_XX____X__XX_XX_X_XXX_X_XXXX__X__XXXXXX__XXXX___XX__XXX_XXXXX__X_XXX_XXXXX_X__XXXXX__XXXX__X__XXXXX_XXX_X___X___XXX____XX___X___X___X_X_XXXXXX__XXXX_XXXXXXXX
_XXXXX_XXXXXXXXX_X_XX__X__X_____XXXX__XXXXXXX_X_____XX__XXXX__XXXX_XXXXXXX_X_____XXXX_XX_XX_XX__X_XXX_XX___X_X_XXX_XXXXX____X_X__XXXXXXXXXX___XX___XX___XXX_XXXX
XXXXXXXX_X_______XXX_XXX_XXX_XX_XXXXX_XXX_X_X_XXXX__X_______XXXX__X_XXX_X_X___XXXXXXXX_XX_X__X__X_XX_X_XXX__X______XXXXXXXXX_X_XXXXXXX__XX__XXXXX__XXXXXX_X___X_
_XXXXXXX__X___XXXXXX_X__XX__X_X_XX_XXXX___XXXX_XXX_XXX_X__XXXXXXXX__X_XXXXX_XXXX__XXXXX_X_XXX__XXXXX_X_XXX_XXXX__XX_XXXXX____X_XXX_X_XXX__XX__X_XXXX____X__X__X_
XX_XXXX__XX___X_X__X_X_XX___X_XXX_X__X________X_X__X__XXX_X____XXXXX_XXXXXXXX_X_XX_XXXXXXXXXX_XXXXXXXX__XXXX__XXXX_X__XX_XX_X_XXX__X_X__X__X___XXXX_XX_XX____X_X
_XX__XXXX__XX_XXX_XXXXX_XXXXXXXX_XX_XXX__XX_XXXX_XXXX_XXX_X_XX_X_X__X_XXXXXX_X____X__X_X_X___XX_X__X_XXXX_XXX___XX_XXXX_XX_X_XXXXXX_XXXXXXXX_XXX_XXXX__X_XX_X_X_
___XXXXXXXX_XX_XXXX_XXXX_XX_XXX_XXXX__XXX_____X_X_X__XX______XX___XX_XXX_X_XXXX___X_X__XXXXXXXXX_______X_XXXXXXX______X_XXX_X_XX_XXXXXX_XX_X_X_X__XXXXXXXX_XXX__
_XXX_XXX_X_X___X_XXXXXXX__X__XXXX__XXXX_XX__XX_XXX_XX___X_XX_X____X_XXXXX_X_____XXX__XXXX_XX___XXX_XX_X__X_XXXX____XXX_XX_X_X_XX__X_XXX_XXX_XXX__XX_XXXX___XX___
XXX_X_X_X_X__XX_XX_X__X__XXX_XX_XX___XX__XX_XXXXXX_XX_XXX_X_XXXXXXX_XX_XXXX_XXXXXXXXX_XX_X__XXXXXXX_X__X_XX_X_X_X_X_XX__X_X__X__X__XXXX_X_X__X_XXXXXX_X__X_XXX_X
2 2 118 158

No Path Found 92209
