XXXXXXXX___XXXXXX___XXXXXXXX_X_XXX_X_XXX
X___X__XXXXX_X_XXX_X_X_XXXXX_XXXX__XXX_X
XXXXXXX_XXXXX_XXXX____X_X_XX_X____XXX__X
_X_XXXXX_X_X_XXXX_X____X___X_X_X____X_X_
X__XX_XXXXXXXXX_X_XX_X___X____XXXXX_XXXX
X_XXX_XX_XXX__X_XX_XXX_XXX_X__XX__X_XX_X
X_XXXXX_XXX__XXXXX_XXXX_XXX_X_X_X_X_X__X
XXXXXX__X_XX_X_XXXX_XXXXX_XXXXXXX_X__XXX
XX_XXX_X____X_XX_XX__XXXXXXXX___XXXXXX_X
____XXXX_XXXX__X_XXXX_X_X_XX___X_XXXXXX_
XX_XX_X__X_XX__X_XX_XXXXX_X__XXXX_XXXXXX
_XX_X_X_X_XXXX__X_X__XXXXXX_____XX_XX_X_
X_X_X__XX_XXX_XXX_XX_X___X____XXXXXX__XX
X_XXXX_XX_X__X____XXX_X_X__X___X____XX_X
_XX_XX_X_XXXX__XX__XXXX_X_XXXXXXXXX_X_XX
_X___XX__XXX__XX_XXXXXXX__XXXXXXX___X_XX
X_XX_XXXXX_XXX___XX_XXX_XXX__XXX_X_XXXXX
_X_XXXX_X_XX__X_X__X____XXXXXX_____XX_XX
XX__XXXXXXXXXXXX_X___X_XXXXX____X_XX_XXX
_X__XX_X___XX__X_X_XXXXXXXXXX__XX___X___
XXXXXXX_XX_X___XXXX__XXXXXXX__XX__X_XXX_
XX_XXXX_XXX_XX_XXX_XXXXXX____XX__XXXXXXX
XXXX_XXXXX___XXX_X_X__XX_XXXX_XXXXXXX__X
X___X_XXXXXXXXXX__XXXXXXXXXXXXX_XXXX__XX
X_XXXXX__X_XX_X_XX_XXX_XX_XXXX__XXXX___X
XX_XX__XX___X_X_XXX_XXX_X___X_XX____X__X
XX_XX_XX__XX__X_XXXXXXX__XXX__X_X_XX__XX
X_X_XXXX__XX_XXXXX_X_X_XX__X__XXX_XXXX__
X_XXXXX_XX_XX_XXXXXX_XX_XX_X_XXXX___XXXX
XXXXXXXXXXXXX_____XXX_X__X__X_X___XXXXXX
2 3 28 39
